13:46:25 **** Incremental Build of configuration Debug for project UltrasonicTest ****
make -j12 all 
arm-none-eabi-gcc "../Core/Src/tim.c" -mcpu=cortex-m4 -std=gnu11 -g3 -DDEBUG -DUSE_HAL_DRIVER -DSTM32F446xx -c -I../Core/Inc -I../Drivers/STM32F4xx_HAL_Driver/Inc -I../Drivers/STM32F4xx_HAL_Driver/Inc/Legacy -I../Drivers/CMSIS/Device/ST/STM32F4xx/Include -I../Drivers/CMSIS/Include -O0 -ffunction-sections -fdata-sections -Wall -fstack-usage -fcyclomatic-complexity -MMD -MP -MF"Core/Src/tim.d" -MT"Core/Src/tim.o" --specs=nano.specs -mfpu=fpv4-sp-d16 -mfloat-abi=hard -mthumb -o "Core/Src/tim.o"
arm-none-eabi-gcc -o "UltrasonicTest.elf" @"objects.list"   -mcpu=cortex-m4 -T"H:\2.work_on_myself\NTI\FINAL_Project_NTI\STMCube_WS\UltrasonicTest\STM32F446RETX_FLASH.ld" --specs=nosys.specs -Wl,-Map="UltrasonicTest.map" -Wl,--gc-sections -static --specs=nano.specs -mfpu=fpv4-sp-d16 -mfloat-abi=hard -mthumb -Wl,--start-group -lc -lm -Wl,--end-group
Finished building target: UltrasonicTest.elf
 
arm-none-eabi-size  UltrasonicTest.elf 
arm-none-eabi-objdump -h -S UltrasonicTest.elf  > "UltrasonicTest.list"
   text	   data	    bss	    dec	    hex	filename
  18952	     12	   1876	  20840	   5168	UltrasonicTest.elf
Finished building: default.size.stdout
 
Finished building: UltrasonicTest.list
 
13:46:34 **** Incremental Build of configuration Debug for project UltrasonicTest ****
make -j12 all 
arm-none-eabi-size  UltrasonicTest.elf 
   text	   data	    bss	    dec	    hex	filename
  18952	     12	   1876	  20840	   5168	UltrasonicTest.elf
Finished building: default.size.stdout
 
