07:55:36 **** Incremental Build of configuration Debug for project UltrasonicTest ****
make -j12 all 
arm-none-eabi-size  UltrasonicTest.elf 
   text	   data	    bss	    dec	    hex	filename
  18948	     12	   1876	  20836	   5164	UltrasonicTest.elf
Finished building: default.size.stdout
 
07:55:39 **** Incremental Build of configuration Debug for project UltrasonicTest ****
make -j12 all 
arm-none-eabi-size  UltrasonicTest.elf 
   text	   data	    bss	    dec	    hex	filename
  18948	     12	   1876	  20836	   5164	UltrasonicTest.elf
Finished building: default.size.stdout
 
