../Core/Src/Motor_Driver.c:18:6:HAL_DC_Motors_Forward	8	static
../Core/Src/Motor_Driver.c:30:6:HAL_DC_Motors_Backword	8	static
../Core/Src/Motor_Driver.c:37:6:HAL_DC_Motors_Stop	8	static
../Core/Src/Motor_Driver.c:43:6:HAL_DC_Motor_Init	8	static
../Core/Src/Motor_Driver.c:49:6:HAL_DC_Motors_Set_Speed	16	static
../Core/Src/Motor_Driver.c:60:6:HAL_ServoMotor_Init	8	static
../Core/Src/Motor_Driver.c:66:6:HAL_ServoMotor_Set_Angel	24	static
../Core/Src/Motor_Driver.c:102:6:HAL_DC_Motor_FWD_Right	8	static
../Core/Src/Motor_Driver.c:112:6:HAL_DC_Motor_FWD_Left	8	static
../Core/Src/Motor_Driver.c:121:6:HAL_DC_Motor_FWD_Return_pos	8	static
