../Core/Src/RC_Car_App_Prg.c:72:13:string_toIint	32	static
../Core/Src/RC_Car_App_Prg.c:116:6:RC_SystemInit	8	static
../Core/Src/RC_Car_App_Prg.c:151:6:T1_HandleUartReceive	24	static
../Core/Src/RC_Car_App_Prg.c:295:6:T2_SignalsAction	16	static
../Core/Src/RC_Car_App_Prg.c:491:6:T3_WhiteFrontLightFlashing	24	static
../Core/Src/RC_Car_App_Prg.c:505:6:T4_HornBeeping	24	static
../Core/Src/RC_Car_App_Prg.c:521:6:T5_ChangeGear	16	static
../Core/Src/RC_Car_App_Prg.c:546:6:T6_IncSpeed	16	static
../Core/Src/RC_Car_App_Prg.c:580:6:T7_BrakeWheel	16	static
../Core/Src/RC_Car_App_Prg.c:617:6:T8_CarMoveRight	16	static
../Core/Src/RC_Car_App_Prg.c:635:6:T9_CarMoveLeft	16	static
../Core/Src/RC_Car_App_Prg.c:654:6:T10_BreakAssistRun	16	static
../Core/Src/RC_Car_App_Prg.c:665:6:T11_RightParkRun	16	static
../Core/Src/RC_Car_App_Prg.c:687:6:T12_LeftParkRun	16	static
../Core/Src/RC_Car_App_Prg.c:709:6:T13_ParkAlgorithmRun	16	static
../Core/Src/RC_Car_App_Prg.c:819:6:T14_GetUltrasonicRead	24	static
../Core/Src/RC_Car_App_Prg.c:838:6:T15_GSMSendCurrentLocation	248	static
../Core/Src/RC_Car_App_Prg.c:889:13:Car_EngineFunc	8	static
../Core/Src/RC_Car_App_Prg.c:907:13:Car_RightSignalFunc	8	static
../Core/Src/RC_Car_App_Prg.c:913:13:Car_LeftSignalFunc	8	static
../Core/Src/RC_Car_App_Prg.c:919:13:Car_WaitSignalFunc	8	static
../Core/Src/RC_Car_App_Prg.c:932:13:Car_IdleSignalFunc	8	static
../Core/Src/RC_Car_App_Prg.c:940:13:Car_NoneSignalFunc	8	static
../Core/Src/RC_Car_App_Prg.c:980:13:Car_FlashingFunc	16	static
../Core/Src/RC_Car_App_Prg.c:997:13:Car_Gear_Func	16	static
../Core/Src/RC_Car_App_Prg.c:1026:13:Car_Horn_Func	16	static
