Archive member included to satisfy reference by file (symbol)

E:/STM_IDE/STM32CubeIDE_1.14.1/STM32CubeIDE/plugins/com.st.stm32cube.ide.mcu.externaltools.gnu-tools-for-stm32.11.3.rel1.win32_1.1.100.202309141235/tools/bin/../lib/gcc/arm-none-eabi/11.3.1/../../../../arm-none-eabi/lib/thumb/v7e-m+fp/hard\libc_nano.a(libc_a-exit.o)
                              E:/STM_IDE/STM32CubeIDE_1.14.1/STM32CubeIDE/plugins/com.st.stm32cube.ide.mcu.externaltools.gnu-tools-for-stm32.11.3.rel1.win32_1.1.100.202309141235/tools/bin/../lib/gcc/arm-none-eabi/11.3.1/../../../../arm-none-eabi/lib/thumb/v7e-m+fp/hard/crt0.o (exit)
E:/STM_IDE/STM32CubeIDE_1.14.1/STM32CubeIDE/plugins/com.st.stm32cube.ide.mcu.externaltools.gnu-tools-for-stm32.11.3.rel1.win32_1.1.100.202309141235/tools/bin/../lib/gcc/arm-none-eabi/11.3.1/../../../../arm-none-eabi/lib/thumb/v7e-m+fp/hard\libc_nano.a(libc_a-findfp.o)
                              ./Middlewares/Third_Party/FreeRTOS/Source/tasks.o (__sf)
E:/STM_IDE/STM32CubeIDE_1.14.1/STM32CubeIDE/plugins/com.st.stm32cube.ide.mcu.externaltools.gnu-tools-for-stm32.11.3.rel1.win32_1.1.100.202309141235/tools/bin/../lib/gcc/arm-none-eabi/11.3.1/../../../../arm-none-eabi/lib/thumb/v7e-m+fp/hard\libc_nano.a(libc_a-fwalk.o)
                              E:/STM_IDE/STM32CubeIDE_1.14.1/STM32CubeIDE/plugins/com.st.stm32cube.ide.mcu.externaltools.gnu-tools-for-stm32.11.3.rel1.win32_1.1.100.202309141235/tools/bin/../lib/gcc/arm-none-eabi/11.3.1/../../../../arm-none-eabi/lib/thumb/v7e-m+fp/hard\libc_nano.a(libc_a-findfp.o) (_fwalk_sglue)
E:/STM_IDE/STM32CubeIDE_1.14.1/STM32CubeIDE/plugins/com.st.stm32cube.ide.mcu.externaltools.gnu-tools-for-stm32.11.3.rel1.win32_1.1.100.202309141235/tools/bin/../lib/gcc/arm-none-eabi/11.3.1/../../../../arm-none-eabi/lib/thumb/v7e-m+fp/hard\libc_nano.a(libc_a-stdio.o)
                              E:/STM_IDE/STM32CubeIDE_1.14.1/STM32CubeIDE/plugins/com.st.stm32cube.ide.mcu.externaltools.gnu-tools-for-stm32.11.3.rel1.win32_1.1.100.202309141235/tools/bin/../lib/gcc/arm-none-eabi/11.3.1/../../../../arm-none-eabi/lib/thumb/v7e-m+fp/hard\libc_nano.a(libc_a-findfp.o) (__sread)
E:/STM_IDE/STM32CubeIDE_1.14.1/STM32CubeIDE/plugins/com.st.stm32cube.ide.mcu.externaltools.gnu-tools-for-stm32.11.3.rel1.win32_1.1.100.202309141235/tools/bin/../lib/gcc/arm-none-eabi/11.3.1/../../../../arm-none-eabi/lib/thumb/v7e-m+fp/hard\libc_nano.a(libc_a-memset.o)
                              E:/STM_IDE/STM32CubeIDE_1.14.1/STM32CubeIDE/plugins/com.st.stm32cube.ide.mcu.externaltools.gnu-tools-for-stm32.11.3.rel1.win32_1.1.100.202309141235/tools/bin/../lib/gcc/arm-none-eabi/11.3.1/../../../../arm-none-eabi/lib/thumb/v7e-m+fp/hard/crt0.o (memset)
E:/STM_IDE/STM32CubeIDE_1.14.1/STM32CubeIDE/plugins/com.st.stm32cube.ide.mcu.externaltools.gnu-tools-for-stm32.11.3.rel1.win32_1.1.100.202309141235/tools/bin/../lib/gcc/arm-none-eabi/11.3.1/../../../../arm-none-eabi/lib/thumb/v7e-m+fp/hard\libc_nano.a(libc_a-closer.o)
                              E:/STM_IDE/STM32CubeIDE_1.14.1/STM32CubeIDE/plugins/com.st.stm32cube.ide.mcu.externaltools.gnu-tools-for-stm32.11.3.rel1.win32_1.1.100.202309141235/tools/bin/../lib/gcc/arm-none-eabi/11.3.1/../../../../arm-none-eabi/lib/thumb/v7e-m+fp/hard\libc_nano.a(libc_a-stdio.o) (_close_r)
E:/STM_IDE/STM32CubeIDE_1.14.1/STM32CubeIDE/plugins/com.st.stm32cube.ide.mcu.externaltools.gnu-tools-for-stm32.11.3.rel1.win32_1.1.100.202309141235/tools/bin/../lib/gcc/arm-none-eabi/11.3.1/../../../../arm-none-eabi/lib/thumb/v7e-m+fp/hard\libc_nano.a(libc_a-reent.o)
                              ./Middlewares/Third_Party/FreeRTOS/Source/tasks.o (_reclaim_reent)
E:/STM_IDE/STM32CubeIDE_1.14.1/STM32CubeIDE/plugins/com.st.stm32cube.ide.mcu.externaltools.gnu-tools-for-stm32.11.3.rel1.win32_1.1.100.202309141235/tools/bin/../lib/gcc/arm-none-eabi/11.3.1/../../../../arm-none-eabi/lib/thumb/v7e-m+fp/hard\libc_nano.a(libc_a-impure.o)
                              ./Middlewares/Third_Party/FreeRTOS/Source/tasks.o (_impure_ptr)
E:/STM_IDE/STM32CubeIDE_1.14.1/STM32CubeIDE/plugins/com.st.stm32cube.ide.mcu.externaltools.gnu-tools-for-stm32.11.3.rel1.win32_1.1.100.202309141235/tools/bin/../lib/gcc/arm-none-eabi/11.3.1/../../../../arm-none-eabi/lib/thumb/v7e-m+fp/hard\libc_nano.a(libc_a-lseekr.o)
                              E:/STM_IDE/STM32CubeIDE_1.14.1/STM32CubeIDE/plugins/com.st.stm32cube.ide.mcu.externaltools.gnu-tools-for-stm32.11.3.rel1.win32_1.1.100.202309141235/tools/bin/../lib/gcc/arm-none-eabi/11.3.1/../../../../arm-none-eabi/lib/thumb/v7e-m+fp/hard\libc_nano.a(libc_a-stdio.o) (_lseek_r)
E:/STM_IDE/STM32CubeIDE_1.14.1/STM32CubeIDE/plugins/com.st.stm32cube.ide.mcu.externaltools.gnu-tools-for-stm32.11.3.rel1.win32_1.1.100.202309141235/tools/bin/../lib/gcc/arm-none-eabi/11.3.1/../../../../arm-none-eabi/lib/thumb/v7e-m+fp/hard\libc_nano.a(libc_a-readr.o)
[...]
Memory Configuration

Name             Origin             Length             Attributes
RAM              0x0000000020000000 0x0000000000020000 xrw
FLASH            0x0000000008000000 0x0000000000080000 xr
*default*        0x0000000000000000 0xffffffffffffffff

Linker script and memory map

LOAD E:/STM_IDE/STM32CubeIDE_1.14.1/STM32CubeIDE/plugins/com.st.stm32cube.ide.mcu.externaltools.gnu-tools-for-stm32.11.3.rel1.win32_1.1.100.202309141235/tools/bin/../lib/gcc/arm-none-eabi/11.3.1/thumb/v7e-m+fp/hard/crti.o
LOAD E:/STM_IDE/STM32CubeIDE_1.14.1/STM32CubeIDE/plugins/com.st.stm32cube.ide.mcu.externaltools.gnu-tools-for-stm32.11.3.rel1.win32_1.1.100.202309141235/tools/bin/../lib/gcc/arm-none-eabi/11.3.1/thumb/v7e-m+fp/hard/crtbegin.o
LOAD E:/STM_IDE/STM32CubeIDE_1.14.1/STM32CubeIDE/plugins/com.st.stm32cube.ide.mcu.externaltools.gnu-tools-for-stm32.11.3.rel1.win32_1.1.100.202309141235/tools/bin/../lib/gcc/arm-none-eabi/11.3.1/../../../../arm-none-eabi/lib/thumb/v7e-m+fp/hard/crt0.o
LOAD ./Core/Src/Motor_Driver.o
LOAD ./Core/Src/RC_Car_App_Prg.o
LOAD ./Core/Src/Ultrasonic.o
LOAD ./Core/Src/freertos.o
LOAD ./Core/Src/gpio.o
LOAD ./Core/Src/main.o
LOAD ./Core/Src/stm32f4xx_hal_msp.o
LOAD ./Core/Src/stm32f4xx_hal_timebase_tim.o
LOAD ./Core/Src/stm32f4xx_it.o
LOAD ./Core/Src/syscalls.o
LOAD ./Core/Src/sysmem.o
LOAD ./Core/Src/system_stm32f4xx.o
LOAD ./Core/Src/tim.o
LOAD ./Core/Src/usart.o
LOAD ./Core/Startup/startup_stm32f446retx.o
LOAD ./Drivers/STM32F4xx_HAL_Driver/Src/stm32f4xx_hal.o
LOAD ./Drivers/STM32F4xx_HAL_Driver/Src/stm32f4xx_hal_cortex.o
LOAD ./Drivers/STM32F4xx_HAL_Driver/Src/stm32f4xx_hal_dma.o
LOAD ./Drivers/STM32F4xx_HAL_Driver/Src/stm32f4xx_hal_dma_ex.o
LOAD ./Drivers/STM32F4xx_HAL_Driver/Src/stm32f4xx_hal_exti.o
LOAD ./Drivers/STM32F4xx_HAL_Driver/Src/stm32f4xx_hal_flash.o
LOAD ./Drivers/STM32F4xx_HAL_Driver/Src/stm32f4xx_hal_flash_ex.o
LOAD ./Drivers/STM32F4xx_HAL_Driver/Src/stm32f4xx_hal_flash_ramfunc.o
LOAD ./Drivers/STM32F4xx_HAL_Driver/Src/stm32f4xx_hal_gpio.o
LOAD ./Drivers/STM32F4xx_HAL_Driver/Src/stm32f4xx_hal_pwr.o
LOAD ./Drivers/STM32F4xx_HAL_Driver/Src/stm32f4xx_hal_pwr_ex.o
LOAD ./Drivers/STM32F4xx_HAL_Driver/Src/stm32f4xx_hal_rcc.o
LOAD ./Drivers/STM32F4xx_HAL_Driver/Src/stm32f4xx_hal_rcc_ex.o
LOAD ./Drivers/STM32F4xx_HAL_Driver/Src/stm32f4xx_hal_tim.o
LOAD ./Drivers/STM32F4xx_HAL_Driver/Src/stm32f4xx_hal_tim_ex.o
LOAD ./Drivers/STM32F4xx_HAL_Driver/Src/stm32f4xx_hal_uart.o
LOAD ./Middlewares/Third_Party/FreeRTOS/Source/CMSIS_RTOS/cmsis_os.o
LOAD ./Middlewares/Third_Party/FreeRTOS/Source/croutine.o
LOAD ./Middlewares/Third_Party/FreeRTOS/Source/event_groups.o
LOAD ./Middlewares/Third_Party/FreeRTOS/Source/list.o
LOAD ./Middlewares/Third_Party/FreeRTOS/Source/queue.o
LOAD ./Middlewares/Third_Party/FreeRTOS/Source/stream_buffer.o
LOAD ./Middlewares/Third_Party/FreeRTOS/Source/tasks.o
LOAD ./Middlewares/Third_Party/FreeRTOS/Source/timers.o
LOAD ./Middlewares/Third_Party/FreeRTOS/Source/portable/GCC/ARM_CM4F/port.o
LOAD ./Middlewares/Third_Party/FreeRTOS/Source/portable/MemMang/heap_1.o
START GROUP
LOAD E:/STM_IDE/STM32CubeIDE_1.14.1/STM32CubeIDE/plugins/com.st.stm32cube.ide.mcu.externaltools.gnu-tools-for-stm32.11.3.rel1.win32_1.1.100.202309141235/tools/bin/../lib/gcc/arm-none-eabi/11.3.1/../../../../arm-none-eabi/lib/thumb/v7e-m+fp/hard\libc_nano.a
LOAD E:/STM_IDE/STM32CubeIDE_1.14.1/STM32CubeIDE/plugins/com.st.stm32cube.ide.mcu.externaltools.gnu-tools-for-stm32.11.3.rel1.win32_1.1.100.202309141235/tools/bin/../lib/gcc/arm-none-eabi/11.3.1/../../../../arm-none-eabi/lib/thumb/v7e-m+fp/hard\libm.a
END GROUP
START GROUP
LOAD E:/STM_IDE/STM32CubeIDE_1.14.1/STM32CubeIDE/plugins/com.st.stm32cube.ide.mcu.externaltools.gnu-tools-for-stm32.11.3.rel1.win32_1.1.100.202309141235/tools/bin/../lib/gcc/arm-none-eabi/11.3.1/thumb/v7e-m+fp/hard\libgcc.a
LOAD E:/STM_IDE/STM32CubeIDE_1.14.1/STM32CubeIDE/plugins/com.st.stm32cube.ide.mcu.externaltools.gnu-tools-for-stm32.11.3.rel1.win32_1.1.100.202309141235/tools/bin/../lib/gcc/arm-none-eabi/11.3.1/../../../../arm-none-eabi/lib/thumb/v7e-m+fp/hard\libc_nano.a
END GROUP
START GROUP
LOAD E:/STM_IDE/STM32CubeIDE_1.14.1/STM32CubeIDE/plugins/com.st.stm32cube.ide.mcu.externaltools.gnu-tools-for-stm32.11.3.rel1.win32_1.1.100.202309141235/tools/bin/../lib/gcc/arm-none-eabi/11.3.1/thumb/v7e-m+fp/hard\libgcc.a
LOAD E:/STM_IDE/STM32CubeIDE_1.14.1/STM32CubeIDE/plugins/com.st.stm32cube.ide.mcu.externaltools.gnu-tools-for-stm32.11.3.rel1.win32_1.1.100.202309141235/tools/bin/../lib/gcc/arm-none-eabi/11.3.1/../../../../arm-none-eabi/lib/thumb/v7e-m+fp/hard\libc_nano.a
LOAD E:/STM_IDE/STM32CubeIDE_1.14.1/STM32CubeIDE/plugins/com.st.stm32cube.ide.mcu.externaltools.gnu-tools-for-stm32.11.3.rel1.win32_1.1.100.202309141235/tools/bin/../lib/gcc/arm-none-eabi/11.3.1/../../../../arm-none-eabi/lib/thumb/v7e-m+fp/hard\libnosys.a
END GROUP
START GROUP
LOAD E:/STM_IDE/STM32CubeIDE_1.14.1/STM32CubeIDE/plugins/com.st.stm32cube.ide.mcu.externaltools.gnu-tools-for-stm32.11.3.rel1.win32_1.1.100.202309141235/tools/bin/../lib/gcc/arm-none-eabi/11.3.1/thumb/v7e-m+fp/hard\libgcc.a
LOAD E:/STM_IDE/STM32CubeIDE_1.14.1/STM32CubeIDE/plugins/com.st.stm32cube.ide.mcu.externaltools.gnu-tools-for-stm32.11.3.rel1.win32_1.1.100.202309141235/tools/bin/../lib/gcc/arm-none-eabi/11.3.1/../../../../arm-none-eabi/lib/thumb/v7e-m+fp/hard\libc_nano.a
LOAD E:/STM_IDE/STM32CubeIDE_1.14.1/STM32CubeIDE/plugins/com.st.stm32cube.ide.mcu.externaltools.gnu-tools-for-stm32.11.3.rel1.win32_1.1.100.202309141235/tools/bin/../lib/gcc/arm-none-eabi/11.3.1/../../../../arm-none-eabi/lib/thumb/v7e-m+fp/hard\libnosys.a
END GROUP
LOAD E:/STM_IDE/STM32CubeIDE_1.14.1/STM32CubeIDE/plugins/com.st.stm32cube.ide.mcu.externaltools.gnu-tools-for-stm32.11.3.rel1.win32_1.1.100.202309141235/tools/bin/../lib/gcc/arm-none-eabi/11.3.1/thumb/v7e-m+fp/hard/crtend.o
LOAD E:/STM_IDE/STM32CubeIDE_1.14.1/STM32CubeIDE/plugins/com.st.stm32cube.ide.mcu.externaltools.gnu-tools-for-stm32.11.3.rel1.win32_1.1.100.202309141235/tools/bin/../lib/gcc/arm-none-eabi/11.3.1/thumb/v7e-m+fp/hard/crtn.o
                0x0000000020020000                _estack = (ORIGIN (RAM) + LENGTH (RAM))
                0x0000000000000200                _Min_Heap_Size = 0x200
                0x0000000000000400                _Min_Stack_Size = 0x400

.isr_vector     0x0000000008000000      0x1c4
                0x0000000008000000                . = ALIGN (0x4)
 *(.isr_vector)
 .isr_vector    0x0000000008000000      0x1c4 ./Core/Startup/startup_stm32f446retx.o
                0x0000000008000000                g_pfnVectors
                0x00000000080001c4                . = ALIGN (0x4)

.text           0x00000000080001d0     0x8ba0
                0x00000000080001d0                . = ALIGN (0x4)
 *(.text)
 .text          0x00000000080001d0       0x40 E:/STM_IDE/STM32CubeIDE_1.14.1/STM32CubeIDE/plugins/com.st.stm32cube.ide.mcu.externaltools.gnu-tools-for-stm32.11.3.rel1.win32_1.1.100.202309141235/tools/bin/../lib/gcc/arm-none-eabi/11.3.1/thumb/v7e-m+fp/hard/crtbegin.o
 .text          0x0000000008000210      0x378 E:/STM_IDE/STM32CubeIDE_1.14.1/STM32CubeIDE/plugins/com.st.stm32cube.ide.mcu.externaltools.gnu-tools-for-stm32.11.3.rel1.win32_1.1.100.202309141235/tools/bin/../lib/gcc/arm-none-eabi/11.3.1/thumb/v7e-m+fp/hard\libgcc.a(_arm_addsubdf3.o)
                0x0000000008000210                __aeabi_drsub
                0x0000000008000218                __aeabi_dsub
                0x0000000008000218                __subdf3
                0x000000000800021c                __aeabi_dadd
                0x000000000800021c                __adddf3
                0x0000000008000494                __floatunsidf
                0x0000000008000494                __aeabi_ui2d
                0x00000000080004b4                __floatsidf
                0x00000000080004b4                __aeabi_i2d
                0x00000000080004d8                __aeabi_f2d
                0x00000000080004d8                __extendsfdf2
                0x000000000800051c                __floatundidf
                0x000000000800051c                __aeabi_ul2d
                0x000000000800052c                __floatdidf
                0x000000000800052c                __aeabi_l2d
 .text          0x0000000008000588      0x424 E:/STM_IDE/STM32CubeIDE_1.14.1/STM32CubeIDE/plugins/com.st.stm32cube.ide.mcu.externaltools.gnu-tools-for-stm32.11.3.rel1.win32_1.1.100.202309141235/tools/bin/../lib/gcc/arm-none-eabi/11.3.1/thumb/v7e-m+fp/hard\libgcc.a(_arm_muldivdf3.o)
                0x0000000008000588                __aeabi_dmul
                0x0000000008000588                __muldf3
                0x00000000080007dc                __divdf3
                0x00000000080007dc                __aeabi_ddiv
 .text          0x00000000080009ac       0x40 E:/STM_IDE/STM32CubeIDE_1.14.1/STM32CubeIDE/plugins/com.st.stm32cube.ide.mcu.externaltools.gnu-tools-for-stm32.11.3.rel1.win32_1.1.100.202309141235/tools/bin/../lib/gcc/arm-none-eabi/11.3.1/thumb/v7e-m+fp/hard\libgcc.a(_arm_fixunsdfsi.o)
                0x00000000080009ac                __aeabi_d2uiz
                0x00000000080009ac                __fixunsdfsi
 .text          0x00000000080009ec       0x30 E:/STM_IDE/STM32CubeIDE_1.14.1/STM32CubeIDE/plugins/com.st.stm32cube.ide.mcu.externaltools.gnu-tools-for-stm32.11.3.rel1.win32_1.1.100.202309141235/tools/bin/../lib/gcc/arm-none-eabi/11.3.1/thumb/v7e-m+fp/hard\libgcc.a(_aeabi_uldivmod.o)
                0x00000000080009ec                __aeabi_uldivmod
 .text          0x0000000008000a1c      0x2c8 E:/STM_IDE/STM32CubeIDE_1.14.1/STM32CubeIDE/plugins/com.st.stm32cube.ide.mcu.externaltools.gnu-tools-for-stm32.11.3.rel1.win32_1.1.100.202309141235/tools/bin/../lib/gcc/arm-none-eabi/11.3.1/thumb/v7e-m+fp/hard\libgcc.a(_udivmoddi4.o)
                0x0000000008000a1c                __udivmoddi4
 .text          0x0000000008000ce4        0x4 E:/STM_IDE/STM32CubeIDE_1.14.1/STM32CubeIDE/plugins/com.st.stm32cube.ide.mcu.externaltools.gnu-tools-for-stm32.11.3.rel1.win32_1.1.100.202309141235/tools/bin/../lib/gcc/arm-none-eabi/11.3.1/thumb/v7e-m+fp/hard\libgcc.a(_dvmd_tls.o)
                0x0000000008000ce4                __aeabi_idiv0
                0x0000000008000ce4                __aeabi_ldiv0
 *(.text*)
 .text.HAL_DC_Motors_Forward
                0x0000000008000ce8       0x24 ./Core/Src/Motor_Driver.o
                0x0000000008000ce8                HAL_DC_Motors_Forward
 .text.HAL_DC_Motors_Backword
                0x0000000008000d0c       0x24 ./Core/Src/Motor_Driver.o
                0x0000000008000d0c                HAL_DC_Motors_Backword
 .text.HAL_DC_Motors_Stop
                0x0000000008000d30       0x24 ./Core/Src/Motor_Driver.o
                0x0000000008000d30                HAL_DC_Motors_Stop
 .text.HAL_DC_Motor_Init
                0x0000000008000d54       0x20 ./Core/Src/Motor_Driver.o
                0x0000000008000d54                HAL_DC_Motor_Init
 .text.HAL_DC_Motors_Set_Speed
                0x0000000008000d74       0x24 ./Core/Src/Motor_Driver.o
                0x0000000008000d74                HAL_DC_Motors_Set_Speed
 .text.HAL_ServoMotor_Init
                0x0000000008000d98       0x14 ./Core/Src/Motor_Driver.o
                0x0000000008000d98                HAL_ServoMotor_Init
 .text.HAL_ServoMotor_Set_Angel
                0x0000000008000dac       0xa4 ./Core/Src/Motor_Driver.o
                0x0000000008000dac                HAL_ServoMotor_Set_Angel
 .text.string_toIint
                0x0000000008000e50      0x12c ./Core/Src/RC_Car_App_Prg.o
 .text.RC_SystemInit
                0x0000000008000f7c      0x140 ./Core/Src/RC_Car_App_Prg.o
                0x0000000008000f7c                RC_SystemInit
 .text.T1_HandleUartReceive
                0x00000000080010bc      0x3d4 ./Core/Src/RC_Car_App_Prg.o
                0x00000000080010bc                T1_HandleUartReceive
 .text.T2_SignalsAction
                0x0000000008001490      0x2a8 ./Core/Src/RC_Car_App_Prg.o
                0x0000000008001490                T2_SignalsAction
 .text.T3_WhiteFrontLightFlashing
                0x0000000008001738       0x38 ./Core/Src/RC_Car_App_Prg.o
                0x0000000008001738                T3_WhiteFrontLightFlashing
 .text.T4_HornBeeping
                0x0000000008001770       0x38 ./Core/Src/RC_Car_App_Prg.o
                0x0000000008001770                T4_HornBeeping
 .text.T5_ChangeGear
                0x00000000080017a8       0x60 ./Core/Src/RC_Car_App_Prg.o
                0x00000000080017a8                T5_ChangeGear
 .text.T6_IncSpeed
                0x0000000008001808       0x90 ./Core/Src/RC_Car_App_Prg.o
                0x0000000008001808                T6_IncSpeed
 .text.T7_BrakeWheel
                0x0000000008001898       0xa0 ./Core/Src/RC_Car_App_Prg.o
                0x0000000008001898                T7_BrakeWheel
 .text.T8_CarMoveRight
                0x0000000008001938       0x54 ./Core/Src/RC_Car_App_Prg.o
                0x0000000008001938                T8_CarMoveRight
 .text.T9_CarMoveLeft
                0x000000000800198c       0x58 ./Core/Src/RC_Car_App_Prg.o
                0x000000000800198c                T9_CarMoveLeft
 .text.T10_BreakAssistRun
                0x00000000080019e4       0x38 ./Core/Src/RC_Car_App_Prg.o
                0x00000000080019e4                T10_BreakAssistRun
 .text.T11_RightParkRun
                0x0000000008001a1c       0x7c ./Core/Src/RC_Car_App_Prg.o
                0x0000000008001a1c                T11_RightParkRun
 .text.T12_LeftParkRun
                0x0000000008001a98       0x7c ./Core/Src/RC_Car_App_Prg.o
                0x0000000008001a98                T12_LeftParkRun
 .text.T13_ParkAlgorithmRun
                0x0000000008001b14      0x240 ./Core/Src/RC_Car_App_Prg.o
                0x0000000008001b14                T13_ParkAlgorithmRun
 .text.T14_GetUltrasonicRead
                0x0000000008001d54       0x78 ./Core/Src/RC_Car_App_Prg.o
                0x0000000008001d54                T14_GetUltrasonicRead
 .text.Car_EngineFunc
                0x0000000008001dcc       0x40 ./Core/Src/RC_Car_App_Prg.o
 .text.Car_RightSignalFunc
                0x0000000008001e0c       0x24 ./Core/Src/RC_Car_App_Prg.o
 .text.Car_LeftSignalFunc
                0x0000000008001e30       0x24 ./Core/Src/RC_Car_App_Prg.o
 .text.Car_WaitSignalFunc
                0x0000000008001e54       0x4c ./Core/Src/RC_Car_App_Prg.o
 .text.Car_IdleSignalFunc
                0x0000000008001ea0       0x24 ./Core/Src/RC_Car_App_Prg.o
 .text.Car_NoneSignalFunc
                0x0000000008001ec4       0x80 ./Core/Src/RC_Car_App_Prg.o
 .text.Car_FlashingFunc
                0x0000000008001f44       0x3c ./Core/Src/RC_Car_App_Prg.o
 .text.Car_Gear_Func
                0x0000000008001f80       0x70 ./Core/Src/RC_Car_App_Prg.o
 .text.Car_Horn_Func
                0x0000000008001ff0       0x38 ./Core/Src/RC_Car_App_Prg.o
 .text.UltrasonicInit
                0x0000000008002028       0x40 ./Core/Src/Ultrasonic.o
                0x0000000008002028                UltrasonicInit
 .text.delay    0x0000000008002068       0x34 ./Core/Src/Ultrasonic.o
                0x0000000008002068                delay
 .text.HAL_TIM_IC_CaptureCallback
                0x000000000800209c      0x414 ./Core/Src/Ultrasonic.o
                0x000000000800209c                HAL_TIM_IC_CaptureCallback
 .text.UltrasonicTrigger
                0x00000000080024b0      0x180 ./Core/Src/Ultrasonic.o
                0x00000000080024b0                UltrasonicTrigger
 .text.Ultrasonic_Distance
                0x0000000008002630      0x230 ./Core/Src/Ultrasonic.o
                0x0000000008002630                Ultrasonic_Distance
 .text.vApplicationGetIdleTaskMemory
                0x0000000008002860       0x34 ./Core/Src/freertos.o
                0x0000000008002860                vApplicationGetIdleTaskMemory
 .text.MX_FREERTOS_Init
                0x0000000008002894       0x38 ./Core/Src/freertos.o
                0x0000000008002894                MX_FREERTOS_Init
 .text.StartDefaultTask
                0x00000000080028cc       0x10 ./Core/Src/freertos.o
                0x00000000080028cc                StartDefaultTask
 .text.MX_GPIO_Init
                0x00000000080028dc      0x14c ./Core/Src/gpio.o
                0x00000000080028dc                MX_GPIO_Init
 .text.main     0x0000000008002a28      0x1cc ./Core/Src/main.o
                0x0000000008002a28                main
 .text.SystemClock_Config
                0x0000000008002bf4       0xbc ./Core/Src/main.o
                0x0000000008002bf4                SystemClock_Config
 .text.HAL_TIM_PeriodElapsedCallback
                0x0000000008002cb0       0x24 ./Core/Src/main.o
                0x0000000008002cb0                HAL_TIM_PeriodElapsedCallback
 .text.Error_Handler
                0x0000000008002cd4        0xa ./Core/Src/main.o
                0x0000000008002cd4                Error_Handler
 *fill*         0x0000000008002cde        0x2 
 .text.HAL_MspInit
                0x0000000008002ce0       0x58 ./Core/Src/stm32f4xx_hal_msp.o
                0x0000000008002ce0                HAL_MspInit
 .text.HAL_InitTick
                0x0000000008002d38       0xf8 ./Core/Src/stm32f4xx_hal_timebase_tim.o
                0x0000000008002d38                HAL_InitTick
 .text.NMI_Handler
                0x0000000008002e30        0x6 ./Core/Src/stm32f4xx_it.o
                0x0000000008002e30                NMI_Handler
 .text.HardFault_Handler
                0x0000000008002e36        0x6 ./Core/Src/stm32f4xx_it.o
                0x0000000008002e36                HardFault_Handler
 .text.MemManage_Handler
                0x0000000008002e3c        0x6 ./Core/Src/stm32f4xx_it.o
                0x0000000008002e3c                MemManage_Handler
 .text.BusFault_Handler
                0x0000000008002e42        0x6 ./Core/Src/stm32f4xx_it.o
                0x0000000008002e42                BusFault_Handler
 .text.UsageFault_Handler
                0x0000000008002e48        0x6 ./Core/Src/stm32f4xx_it.o
                0x0000000008002e48                UsageFault_Handler
 .text.DebugMon_Handler
                0x0000000008002e4e        0xe ./Core/Src/stm32f4xx_it.o
                0x0000000008002e4e                DebugMon_Handler
 .text.TIM1_CC_IRQHandler
                0x0000000008002e5c       0x14 ./Core/Src/stm32f4xx_it.o
                0x0000000008002e5c                TIM1_CC_IRQHandler
 .text.TIM8_TRG_COM_TIM14_IRQHandler
                0x0000000008002e70       0x14 ./Core/Src/stm32f4xx_it.o
                0x0000000008002e70                TIM8_TRG_COM_TIM14_IRQHandler
 .text.SystemInit
                0x0000000008002e84       0x24 ./Core/Src/system_stm32f4xx.o
                0x0000000008002e84                SystemInit
 .text.MX_TIM1_Init
                0x0000000008002ea8       0xf0 ./Core/Src/tim.o
                0x0000000008002ea8                MX_TIM1_Init
 .text.MX_TIM2_Init
                0x0000000008002f98       0xbc ./Core/Src/tim.o
                0x0000000008002f98                MX_TIM2_Init
 .text.MX_TIM3_Init
                0x0000000008003054       0xec ./Core/Src/tim.o
                0x0000000008003054                MX_TIM3_Init
 .text.MX_TIM4_Init
                0x0000000008003140       0xec ./Core/Src/tim.o
                0x0000000008003140                MX_TIM4_Init
 .text.HAL_TIM_IC_MspInit
                0x000000000800322c      0x108 ./Core/Src/tim.o
                0x000000000800322c                HAL_TIM_IC_MspInit
 .text.HAL_TIM_Base_MspInit
                0x0000000008003334       0x70 ./Core/Src/tim.o
                0x0000000008003334                HAL_TIM_Base_MspInit
 .text.HAL_TIM_MspPostInit
                0x00000000080033a4       0xc4 ./Core/Src/tim.o
                0x00000000080033a4                HAL_TIM_MspPostInit
 .text.MX_UART4_Init
                0x0000000008003468       0x54 ./Core/Src/usart.o
                0x0000000008003468                MX_UART4_Init
 .text.MX_UART5_Init
                0x00000000080034bc       0x54 ./Core/Src/usart.o
                0x00000000080034bc                MX_UART5_Init
 .text.MX_USART2_UART_Init
                0x0000000008003510       0x54 ./Core/Src/usart.o
                0x0000000008003510                MX_USART2_UART_Init
 .text.MX_USART3_UART_Init
                0x0000000008003564       0x54 ./Core/Src/usart.o
                0x0000000008003564                MX_USART3_UART_Init
 .text.MX_USART6_UART_Init
                0x00000000080035b8       0x54 ./Core/Src/usart.o
                0x00000000080035b8                MX_USART6_UART_Init
 .text.HAL_UART_MspInit
                0x000000000800360c      0x2b8 ./Core/Src/usart.o
                0x000000000800360c                HAL_UART_MspInit
 .text.Reset_Handler
                0x00000000080038c4       0x50 ./Core/Startup/startup_stm32f446retx.o
                0x00000000080038c4                Reset_Handler
 .text.Default_Handler
                0x0000000008003914        0x2 ./Core/Startup/startup_stm32f446retx.o
                0x0000000008003914                RTC_Alarm_IRQHandler
                0x0000000008003914                EXTI2_IRQHandler
                0x0000000008003914                TIM8_CC_IRQHandler
                0x0000000008003914                FMPI2C1_EV_IRQHandler
                0x0000000008003914                SPI4_IRQHandler
                0x0000000008003914                DMA2_Stream5_IRQHandler
                0x0000000008003914                DMA1_Stream5_IRQHandler
                0x0000000008003914                PVD_IRQHandler
                0x0000000008003914                SDIO_IRQHandler
                0x0000000008003914                TAMP_STAMP_IRQHandler
                0x0000000008003914                CAN2_RX1_IRQHandler
                0x0000000008003914                EXTI3_IRQHandler
                0x0000000008003914                TIM1_UP_TIM10_IRQHandler
                0x0000000008003914                TIM8_UP_TIM13_IRQHandler
                0x0000000008003914                I2C3_ER_IRQHandler
                0x0000000008003914                EXTI0_IRQHandler
                0x0000000008003914                I2C2_EV_IRQHandler
                0x0000000008003914                DMA1_Stream2_IRQHandler
                0x0000000008003914                CAN1_RX0_IRQHandler
                0x0000000008003914                FPU_IRQHandler
                0x0000000008003914                OTG_HS_WKUP_IRQHandler
                0x0000000008003914                CAN2_SCE_IRQHandler
                0x0000000008003914                DMA2_Stream2_IRQHandler
                0x0000000008003914                SPI1_IRQHandler
                0x0000000008003914                TIM6_DAC_IRQHandler
                0x0000000008003914                TIM1_BRK_TIM9_IRQHandler
                0x0000000008003914                DCMI_IRQHandler
                0x0000000008003914                CAN2_RX0_IRQHandler
                0x0000000008003914                DMA2_Stream3_IRQHandler
                0x0000000008003914                SAI2_IRQHandler
                0x0000000008003914                USART6_IRQHandler
                0x0000000008003914                USART3_IRQHandler
                0x0000000008003914                CAN1_RX1_IRQHandler
                0x0000000008003914                UART5_IRQHandler
                0x0000000008003914                DMA2_Stream0_IRQHandler
                0x0000000008003914                TIM4_IRQHandler
                0x0000000008003914                QUADSPI_IRQHandler
                0x0000000008003914                I2C1_EV_IRQHandler
                0x0000000008003914                DMA1_Stream6_IRQHandler
                0x0000000008003914                DMA1_Stream1_IRQHandler
                0x0000000008003914                UART4_IRQHandler
                0x0000000008003914                TIM3_IRQHandler
                0x0000000008003914                RCC_IRQHandler
                0x0000000008003914                TIM8_BRK_TIM12_IRQHandler
                0x0000000008003914                Default_Handler
                0x0000000008003914                CEC_IRQHandler
                0x0000000008003914                EXTI15_10_IRQHandler
                0x0000000008003914                ADC_IRQHandler
                0x0000000008003914                DMA1_Stream7_IRQHandler
                0x0000000008003914                TIM7_IRQHandler
                0x0000000008003914                CAN2_TX_IRQHandler
                0x0000000008003914                TIM5_IRQHandler
                0x0000000008003914                DMA2_Stream7_IRQHandler
                0x0000000008003914                I2C3_EV_IRQHandler
                0x0000000008003914                EXTI9_5_IRQHandler
                0x0000000008003914                RTC_WKUP_IRQHandler
                0x0000000008003914                SPDIF_RX_IRQHandler
                0x0000000008003914                SPI2_IRQHandler
                0x0000000008003914                OTG_HS_EP1_IN_IRQHandler
                0x0000000008003914                DMA1_Stream0_IRQHandler
                0x0000000008003914                CAN1_TX_IRQHandler
                0x0000000008003914                FMPI2C1_ER_IRQHandler
                0x0000000008003914                EXTI4_IRQHandler
                0x0000000008003914                OTG_HS_EP1_OUT_IRQHandler
                0x0000000008003914                WWDG_IRQHandler
                0x0000000008003914                TIM2_IRQHandler
                0x0000000008003914                OTG_FS_WKUP_IRQHandler
                0x0000000008003914                TIM1_TRG_COM_TIM11_IRQHandler
                0x0000000008003914                OTG_HS_IRQHandler
                0x0000000008003914                EXTI1_IRQHandler
                0x0000000008003914                USART2_IRQHandler
                0x0000000008003914                I2C2_ER_IRQHandler
                0x0000000008003914                DMA2_Stream1_IRQHandler
                0x0000000008003914                CAN1_SCE_IRQHandler
                0x0000000008003914                FLASH_IRQHandler
                0x0000000008003914                DMA2_Stream4_IRQHandler
                0x0000000008003914                USART1_IRQHandler
                0x0000000008003914                OTG_FS_IRQHandler
                0x0000000008003914                SPI3_IRQHandler
                0x0000000008003914                DMA1_Stream4_IRQHandler
                0x0000000008003914                I2C1_ER_IRQHandler
                0x0000000008003914                FMC_IRQHandler
                0x0000000008003914                DMA2_Stream6_IRQHandler
                0x0000000008003914                SAI1_IRQHandler
                0x0000000008003914                DMA1_Stream3_IRQHandler
 *fill*         0x0000000008003916        0x2 
 .text.HAL_Init
                0x0000000008003918       0x44 ./Drivers/STM32F4xx_HAL_Driver/Src/stm32f4xx_hal.o
                0x0000000008003918                HAL_Init
 .text.HAL_IncTick
                0x000000000800395c       0x28 ./Drivers/STM32F4xx_HAL_Driver/Src/stm32f4xx_hal.o
                0x000000000800395c                HAL_IncTick
 .text.HAL_GetTick
                0x0000000008003984       0x18 ./Drivers/STM32F4xx_HAL_Driver/Src/stm32f4xx_hal.o
                0x0000000008003984                HAL_GetTick
 .text.__NVIC_SetPriorityGrouping
                0x000000000800399c       0x48 ./Drivers/STM32F4xx_HAL_Driver/Src/stm32f4xx_hal_cortex.o
 .text.__NVIC_GetPriorityGrouping
                0x00000000080039e4       0x1c ./Drivers/STM32F4xx_HAL_Driver/Src/stm32f4xx_hal_cortex.o
 .text.__NVIC_EnableIRQ
                0x0000000008003a00       0x3c ./Drivers/STM32F4xx_HAL_Driver/Src/stm32f4xx_hal_cortex.o
 .text.__NVIC_SetPriority
                0x0000000008003a3c       0x54 ./Drivers/STM32F4xx_HAL_Driver/Src/stm32f4xx_hal_cortex.o
 .text.NVIC_EncodePriority
                0x0000000008003a90       0x66 ./Drivers/STM32F4xx_HAL_Driver/Src/stm32f4xx_hal_cortex.o
 .text.HAL_NVIC_SetPriorityGrouping
                0x0000000008003af6       0x16 ./Drivers/STM32F4xx_HAL_Driver/Src/stm32f4xx_hal_cortex.o
                0x0000000008003af6                HAL_NVIC_SetPriorityGrouping
 .text.HAL_NVIC_SetPriority
                0x0000000008003b0c       0x38 ./Drivers/STM32F4xx_HAL_Driver/Src/stm32f4xx_hal_cortex.o
                0x0000000008003b0c                HAL_NVIC_SetPriority
 .text.HAL_NVIC_EnableIRQ
                0x0000000008003b44       0x1c ./Drivers/STM32F4xx_HAL_Driver/Src/stm32f4xx_hal_cortex.o
                0x0000000008003b44                HAL_NVIC_EnableIRQ
 .text.HAL_GPIO_Init
                0x0000000008003b60      0x328 ./Drivers/STM32F4xx_HAL_Driver/Src/stm32f4xx_hal_gpio.o
                0x0000000008003b60                HAL_GPIO_Init
 .text.HAL_GPIO_WritePin
                0x0000000008003e88       0x32 ./Drivers/STM32F4xx_HAL_Driver/Src/stm32f4xx_hal_gpio.o
                0x0000000008003e88                HAL_GPIO_WritePin
 .text.HAL_GPIO_TogglePin
                0x0000000008003eba       0x34 ./Drivers/STM32F4xx_HAL_Driver/Src/stm32f4xx_hal_gpio.o
                0x0000000008003eba                HAL_GPIO_TogglePin
 *fill*         0x0000000008003eee        0x2 
 .text.HAL_RCC_ClockConfig
                0x0000000008003ef0      0x1cc ./Drivers/STM32F4xx_HAL_Driver/Src/stm32f4xx_hal_rcc.o
                0x0000000008003ef0                HAL_RCC_ClockConfig
 .text.HAL_RCC_GetHCLKFreq
                0x00000000080040bc       0x18 ./Drivers/STM32F4xx_HAL_Driver/Src/stm32f4xx_hal_rcc.o
                0x00000000080040bc                HAL_RCC_GetHCLKFreq
 .text.HAL_RCC_GetPCLK1Freq
                0x00000000080040d4       0x28 ./Drivers/STM32F4xx_HAL_Driver/Src/stm32f4xx_hal_rcc.o
                0x00000000080040d4                HAL_RCC_GetPCLK1Freq
 .text.HAL_RCC_GetPCLK2Freq
                0x00000000080040fc       0x28 ./Drivers/STM32F4xx_HAL_Driver/Src/stm32f4xx_hal_rcc.o
                0x00000000080040fc                HAL_RCC_GetPCLK2Freq
 .text.HAL_RCC_GetClockConfig
                0x0000000008004124       0x64 ./Drivers/STM32F4xx_HAL_Driver/Src/stm32f4xx_hal_rcc.o
                0x0000000008004124                HAL_RCC_GetClockConfig
 .text.HAL_RCC_GetSysClockFreq
                0x0000000008004188      0x460 ./Drivers/STM32F4xx_HAL_Driver/Src/stm32f4xx_hal_rcc_ex.o
                0x0000000008004188                HAL_RCC_GetSysClockFreq
 .text.HAL_RCC_OscConfig
                0x00000000080045e8      0x53c ./Drivers/STM32F4xx_HAL_Driver/Src/stm32f4xx_hal_rcc_ex.o
                0x00000000080045e8                HAL_RCC_OscConfig
 .text.HAL_TIM_Base_Init
                0x0000000008004b24       0x9e ./Drivers/STM32F4xx_HAL_Driver/Src/stm32f4xx_hal_tim.o
                0x0000000008004b24                HAL_TIM_Base_Init
 *fill*         0x0000000008004bc2        0x2 
 .text.HAL_TIM_Base_Start
                0x0000000008004bc4       0xd0 ./Drivers/STM32F4xx_HAL_Driver/Src/stm32f4xx_hal_tim.o
                0x0000000008004bc4                HAL_TIM_Base_Start
 .text.HAL_TIM_Base_Start_IT
                0x0000000008004c94       0xe0 ./Drivers/STM32F4xx_HAL_Driver/Src/stm32f4xx_hal_tim.o
                0x0000000008004c94                HAL_TIM_Base_Start_IT
 .text.HAL_TIM_PWM_Init
                0x0000000008004d74       0x9e ./Drivers/STM32F4xx_HAL_Driver/Src/stm32f4xx_hal_tim.o
                0x0000000008004d74                HAL_TIM_PWM_Init
 .text.HAL_TIM_PWM_MspInit
                0x0000000008004e12       0x14 ./Drivers/STM32F4xx_HAL_Driver/Src/stm32f4xx_hal_tim.o
                0x0000000008004e12                HAL_TIM_PWM_MspInit
 *fill*         0x0000000008004e26        0x2 
 .text.HAL_TIM_PWM_Start
                0x0000000008004e28      0x190 ./Drivers/STM32F4xx_HAL_Driver/Src/stm32f4xx_hal_tim.o
                0x0000000008004e28                HAL_TIM_PWM_Start
 .text.HAL_TIM_IC_Init
                0x0000000008004fb8       0x9e ./Drivers/STM32F4xx_HAL_Driver/Src/stm32f4xx_hal_tim.o
                0x0000000008004fb8                HAL_TIM_IC_Init
 *fill*         0x0000000008005056        0x2 
 .text.HAL_TIM_IC_Start_IT
                0x0000000008005058      0x250 ./Drivers/STM32F4xx_HAL_Driver/Src/stm32f4xx_hal_tim.o
                0x0000000008005058                HAL_TIM_IC_Start_IT
 .text.HAL_TIM_IRQHandler
                0x00000000080052a8      0x1e0 ./Drivers/STM32F4xx_HAL_Driver/Src/stm32f4xx_hal_tim.o
                0x00000000080052a8                HAL_TIM_IRQHandler
 .text.HAL_TIM_IC_ConfigChannel
                0x0000000008005488      0x138 ./Drivers/STM32F4xx_HAL_Driver/Src/stm32f4xx_hal_tim.o
                0x0000000008005488                HAL_TIM_IC_ConfigChannel
 .text.HAL_TIM_PWM_ConfigChannel
                0x00000000080055c0      0x184 ./Drivers/STM32F4xx_HAL_Driver/Src/stm32f4xx_hal_tim.o
                0x00000000080055c0                HAL_TIM_PWM_ConfigChannel
 .text.HAL_TIM_ConfigClockSource
                0x0000000008005744      0x18e ./Drivers/STM32F4xx_HAL_Driver/Src/stm32f4xx_hal_tim.o
                0x0000000008005744                HAL_TIM_ConfigClockSource
 *fill*         0x00000000080058d2        0x2 
 .text.HAL_TIM_ReadCapturedValue
                0x00000000080058d4       0x88 ./Drivers/STM32F4xx_HAL_Driver/Src/stm32f4xx_hal_tim.o
                0x00000000080058d4                HAL_TIM_ReadCapturedValue
 .text.HAL_TIM_OC_DelayElapsedCallback
                0x000000000800595c       0x14 ./Drivers/STM32F4xx_HAL_Driver/Src/stm32f4xx_hal_tim.o
                0x000000000800595c                HAL_TIM_OC_DelayElapsedCallback
 .text.HAL_TIM_PWM_PulseFinishedCallback
                0x0000000008005970       0x14 ./Drivers/STM32F4xx_HAL_Driver/Src/stm32f4xx_hal_tim.o
                0x0000000008005970                HAL_TIM_PWM_PulseFinishedCallback
 .text.HAL_TIM_TriggerCallback
                0x0000000008005984       0x14 ./Drivers/STM32F4xx_HAL_Driver/Src/stm32f4xx_hal_tim.o
                0x0000000008005984                HAL_TIM_TriggerCallback
 .text.TIM_Base_SetConfig
                0x0000000008005998      0x158 ./Drivers/STM32F4xx_HAL_Driver/Src/stm32f4xx_hal_tim.o
                0x0000000008005998                TIM_Base_SetConfig
 .text.TIM_OC1_SetConfig
                0x0000000008005af0       0xe0 ./Drivers/STM32F4xx_HAL_Driver/Src/stm32f4xx_hal_tim.o
 .text.TIM_OC2_SetConfig
                0x0000000008005bd0       0xec ./Drivers/STM32F4xx_HAL_Driver/Src/stm32f4xx_hal_tim.o
                0x0000000008005bd0                TIM_OC2_SetConfig
 .text.TIM_OC3_SetConfig
                0x0000000008005cbc       0xe8 ./Drivers/STM32F4xx_HAL_Driver/Src/stm32f4xx_hal_tim.o
 .text.TIM_OC4_SetConfig
                0x0000000008005da4       0xac ./Drivers/STM32F4xx_HAL_Driver/Src/stm32f4xx_hal_tim.o
 .text.TIM_TI1_SetConfig
                0x0000000008005e50       0xe8 ./Drivers/STM32F4xx_HAL_Driver/Src/stm32f4xx_hal_tim.o
                0x0000000008005e50                TIM_TI1_SetConfig
 .text.TIM_TI1_ConfigInputStage
                0x0000000008005f38       0x5e ./Drivers/STM32F4xx_HAL_Driver/Src/stm32f4xx_hal_tim.o
 .text.TIM_TI2_SetConfig
                0x0000000008005f96       0x7a ./Drivers/STM32F4xx_HAL_Driver/Src/stm32f4xx_hal_tim.o
 .text.TIM_TI2_ConfigInputStage
                0x0000000008006010       0x60 ./Drivers/STM32F4xx_HAL_Driver/Src/stm32f4xx_hal_tim.o
 .text.TIM_TI3_SetConfig
                0x0000000008006070       0x78 ./Drivers/STM32F4xx_HAL_Driver/Src/stm32f4xx_hal_tim.o
 .text.TIM_TI4_SetConfig
                0x00000000080060e8       0x7a ./Drivers/STM32F4xx_HAL_Driver/Src/stm32f4xx_hal_tim.o
 .text.TIM_ITRx_SetConfig
                0x0000000008006162       0x36 ./Drivers/STM32F4xx_HAL_Driver/Src/stm32f4xx_hal_tim.o
 .text.TIM_ETR_SetConfig
                0x0000000008006198       0x40 ./Drivers/STM32F4xx_HAL_Driver/Src/stm32f4xx_hal_tim.o
                0x0000000008006198                TIM_ETR_SetConfig
 .text.TIM_CCxChannelCmd
                0x00000000080061d8       0x4a ./Drivers/STM32F4xx_HAL_Driver/Src/stm32f4xx_hal_tim.o
                0x00000000080061d8                TIM_CCxChannelCmd
 *fill*         0x0000000008006222        0x2 
 .text.HAL_TIMEx_MasterConfigSynchronization
                0x0000000008006224       0xf8 ./Drivers/STM32F4xx_HAL_Driver/Src/stm32f4xx_hal_tim_ex.o
                0x0000000008006224                HAL_TIMEx_MasterConfigSynchronization
 .text.HAL_TIMEx_CommutCallback
                0x000000000800631c       0x14 ./Drivers/STM32F4xx_HAL_Driver/Src/stm32f4xx_hal_tim_ex.o
                0x000000000800631c                HAL_TIMEx_CommutCallback
 .text.HAL_TIMEx_BreakCallback
                0x0000000008006330       0x14 ./Drivers/STM32F4xx_HAL_Driver/Src/stm32f4xx_hal_tim_ex.o
                0x0000000008006330                HAL_TIMEx_BreakCallback
 .text.HAL_UART_Init
                0x0000000008006344       0xa0 ./Drivers/STM32F4xx_HAL_Driver/Src/stm32f4xx_hal_uart.o
                0x0000000008006344                HAL_UART_Init
 .text.HAL_UART_Transmit
                0x00000000080063e4      0x116 ./Drivers/STM32F4xx_HAL_Driver/Src/stm32f4xx_hal_uart.o
                0x00000000080063e4                HAL_UART_Transmit
 .text.HAL_UART_Receive
                0x00000000080064fa      0x12e ./Drivers/STM32F4xx_HAL_Driver/Src/stm32f4xx_hal_uart.o
                0x00000000080064fa                HAL_UART_Receive
 .text.UART_WaitOnFlagUntilTimeout
                0x0000000008006628       0xb2 ./Drivers/STM32F4xx_HAL_Driver/Src/stm32f4xx_hal_uart.o
 .text.UART_EndRxTransfer
                0x00000000080066da       0xc6 ./Drivers/STM32F4xx_HAL_Driver/Src/stm32f4xx_hal_uart.o
 .text.UART_SetConfig
                0x00000000080067a0      0x4e8 ./Drivers/STM32F4xx_HAL_Driver/Src/stm32f4xx_hal_uart.o
 .text.makeFreeRtosPriority
                0x0000000008006c88       0x30 ./Middlewares/Third_Party/FreeRTOS/Source/CMSIS_RTOS/cmsis_os.o
 .text.osKernelStart
                0x0000000008006cb8        0xe ./Middlewares/Third_Party/FreeRTOS/Source/CMSIS_RTOS/cmsis_os.o
                0x0000000008006cb8                osKernelStart
 .text.osThreadCreate
                0x0000000008006cc6       0x98 ./Middlewares/Third_Party/FreeRTOS/Source/CMSIS_RTOS/cmsis_os.o
                0x0000000008006cc6                osThreadCreate
 .text.osDelay  0x0000000008006d5e       0x28 ./Middlewares/Third_Party/FreeRTOS/Source/CMSIS_RTOS/cmsis_os.o
                0x0000000008006d5e                osDelay
 .text.vListInitialise
                0x0000000008006d86       0x40 ./Middlewares/Third_Party/FreeRTOS/Source/list.o
                0x0000000008006d86                vListInitialise
 .text.vListInitialiseItem
                0x0000000008006dc6       0x1a ./Middlewares/Third_Party/FreeRTOS/Source/list.o
                0x0000000008006dc6                vListInitialiseItem
 .text.vListInsertEnd
                0x0000000008006de0       0x48 ./Middlewares/Third_Party/FreeRTOS/Source/list.o
                0x0000000008006de0                vListInsertEnd
 .text.vListInsert
                0x0000000008006e28       0x72 ./Middlewares/Third_Party/FreeRTOS/Source/list.o
                0x0000000008006e28                vListInsert
 .text.uxListRemove
                0x0000000008006e9a       0x54 ./Middlewares/Third_Party/FreeRTOS/Source/list.o
                0x0000000008006e9a                uxListRemove
 *fill*         0x0000000008006eee        0x2 
 .text.xQueueGenericReset
                0x0000000008006ef0       0xd0 ./Middlewares/Third_Party/FreeRTOS/Source/queue.o
                0x0000000008006ef0                xQueueGenericReset
 .text.xQueueGenericCreate
                0x0000000008006fc0       0x74 ./Middlewares/Third_Party/FreeRTOS/Source/queue.o
                0x0000000008006fc0                xQueueGenericCreate
 .text.prvInitialiseNewQueue
                0x0000000008007034       0x3e ./Middlewares/Third_Party/FreeRTOS/Source/queue.o
 *fill*         0x0000000008007072        0x2 
 .text.xQueueGenericSend
                0x0000000008007074      0x1fc ./Middlewares/Third_Party/FreeRTOS/Source/queue.o
                0x0000000008007074                xQueueGenericSend
 .text.xQueueSemaphoreTake
                0x0000000008007270      0x218 ./Middlewares/Third_Party/FreeRTOS/Source/queue.o
                0x0000000008007270                xQueueSemaphoreTake
 .text.prvGetDisinheritPriorityAfterTimeout
                0x0000000008007488       0x30 ./Middlewares/Third_Party/FreeRTOS/Source/queue.o
 .text.prvCopyDataToQueue
                0x00000000080074b8       0xd4 ./Middlewares/Third_Party/FreeRTOS/Source/queue.o
 .text.prvUnlockQueue
                0x000000000800758c       0xa4 ./Middlewares/Third_Party/FreeRTOS/Source/queue.o
 .text.prvIsQueueEmpty
                0x0000000008007630       0x2c ./Middlewares/Third_Party/FreeRTOS/Source/queue.o
 .text.prvIsQueueFull
                0x000000000800765c       0x30 ./Middlewares/Third_Party/FreeRTOS/Source/queue.o
 .text.xTaskCreateStatic
                0x000000000800768c       0xba ./Middlewares/Third_Party/FreeRTOS/Source/tasks.o
                0x000000000800768c                xTaskCreateStatic
 .text.xTaskCreate
                0x0000000008007746       0x8a ./Middlewares/Third_Party/FreeRTOS/Source/tasks.o
                0x0000000008007746                xTaskCreate
 .text.prvInitialiseNewTask
                0x00000000080077d0      0x13c ./Middlewares/Third_Party/FreeRTOS/Source/tasks.o
 .text.prvAddNewTaskToReadyList
                0x000000000800790c       0xd4 ./Middlewares/Third_Party/FreeRTOS/Source/tasks.o
 .text.vTaskDelay
                0x00000000080079e0       0x68 ./Middlewares/Third_Party/FreeRTOS/Source/tasks.o
                0x00000000080079e0                vTaskDelay
 .text.vTaskStartScheduler
                0x0000000008007a48       0xd4 ./Middlewares/Third_Party/FreeRTOS/Source/tasks.o
                0x0000000008007a48                vTaskStartScheduler
 .text.vTaskSuspendAll
                0x0000000008007b1c       0x1c ./Middlewares/Third_Party/FreeRTOS/Source/tasks.o
                0x0000000008007b1c                vTaskSuspendAll
 .text.xTaskResumeAll
                0x0000000008007b38      0x138 ./Middlewares/Third_Party/FreeRTOS/Source/tasks.o
                0x0000000008007b38                xTaskResumeAll
 .text.xTaskIncrementTick
                0x0000000008007c70      0x170 ./Middlewares/Third_Party/FreeRTOS/Source/tasks.o
                0x0000000008007c70                xTaskIncrementTick
 .text.vTaskSwitchContext
                0x0000000008007de0       0xc4 ./Middlewares/Third_Party/FreeRTOS/Source/tasks.o
                0x0000000008007de0                vTaskSwitchContext
 .text.vTaskPlaceOnEventList
                0x0000000008007ea4       0x48 ./Middlewares/Third_Party/FreeRTOS/Source/tasks.o
                0x0000000008007ea4                vTaskPlaceOnEventList
 .text.xTaskRemoveFromEventList
                0x0000000008007eec       0xc4 ./Middlewares/Third_Party/FreeRTOS/Source/tasks.o
                0x0000000008007eec                xTaskRemoveFromEventList
 .text.vTaskInternalSetTimeOutState
                0x0000000008007fb0       0x2c ./Middlewares/Third_Party/FreeRTOS/Source/tasks.o
                0x0000000008007fb0                vTaskInternalSetTimeOutState
 .text.xTaskCheckForTimeOut
                0x0000000008007fdc       0xc4 ./Middlewares/Third_Party/FreeRTOS/Source/tasks.o
                0x0000000008007fdc                xTaskCheckForTimeOut
 .text.vTaskMissedYield
                0x00000000080080a0       0x18 ./Middlewares/Third_Party/FreeRTOS/Source/tasks.o
                0x00000000080080a0                vTaskMissedYield
 .text.prvIdleTask
                0x00000000080080b8       0x30 ./Middlewares/Third_Party/FreeRTOS/Source/tasks.o
 .text.prvInitialiseTaskLists
                0x00000000080080e8       0x80 ./Middlewares/Third_Party/FreeRTOS/Source/tasks.o
 .text.prvCheckTasksWaitingTermination
                0x0000000008008168       0x5c ./Middlewares/Third_Party/FreeRTOS/Source/tasks.o
 .text.prvDeleteTCB
                0x00000000080081c4       0x68 ./Middlewares/Third_Party/FreeRTOS/Source/tasks.o
 .text.prvResetNextTaskUnblockTime
                0x000000000800822c       0x40 ./Middlewares/Third_Party/FreeRTOS/Source/tasks.o
 .text.xTaskGetSchedulerState
                0x000000000800826c       0x3c ./Middlewares/Third_Party/FreeRTOS/Source/tasks.o
                0x000000000800826c                xTaskGetSchedulerState
 .text.xTaskPriorityInherit
                0x00000000080082a8       0xec ./Middlewares/Third_Party/FreeRTOS/Source/tasks.o
                0x00000000080082a8                xTaskPriorityInherit
 .text.xTaskPriorityDisinherit
                0x0000000008008394      0x10c ./Middlewares/Third_Party/FreeRTOS/Source/tasks.o
                0x0000000008008394                xTaskPriorityDisinherit
 .text.vTaskPriorityDisinheritAfterTimeout
                0x00000000080084a0      0x11c ./Middlewares/Third_Party/FreeRTOS/Source/tasks.o
                0x00000000080084a0                vTaskPriorityDisinheritAfterTimeout
 .text.pvTaskIncrementMutexHeldCount
                0x00000000080085bc       0x28 ./Middlewares/Third_Party/FreeRTOS/Source/tasks.o
                0x00000000080085bc                pvTaskIncrementMutexHeldCount
 .text.prvAddCurrentTaskToDelayedList
                0x00000000080085e4       0xcc ./Middlewares/Third_Party/FreeRTOS/Source/tasks.o
 .text.pxPortInitialiseStack
                0x00000000080086b0       0x68 ./Middlewares/Third_Party/FreeRTOS/Source/portable/GCC/ARM_CM4F/port.o
                0x00000000080086b0                pxPortInitialiseStack
 .text.prvTaskExitError
                0x0000000008008718       0x58 ./Middlewares/Third_Party/FreeRTOS/Source/portable/GCC/ARM_CM4F/port.o
 .text.SVC_Handler
                0x0000000008008770       0x28 ./Middlewares/Third_Party/FreeRTOS/Source/portable/GCC/ARM_CM4F/port.o
                0x0000000008008770                SVC_Handler
 .text.prvPortStartFirstTask
                0x0000000008008798       0x28 ./Middlewares/Third_Party/FreeRTOS/Source/portable/GCC/ARM_CM4F/port.o
 .text.xPortStartScheduler
                0x00000000080087c0      0x144 ./Middlewares/Third_Party/FreeRTOS/Source/portable/GCC/ARM_CM4F/port.o
                0x00000000080087c0                xPortStartScheduler
 .text.vPortEnterCritical
                0x0000000008008904       0x60 ./Middlewares/Third_Party/FreeRTOS/Source/portable/GCC/ARM_CM4F/port.o
                0x0000000008008904                vPortEnterCritical
 .text.vPortExitCritical
                0x0000000008008964       0x54 ./Middlewares/Third_Party/FreeRTOS/Source/portable/GCC/ARM_CM4F/port.o
                0x0000000008008964                vPortExitCritical
 *fill*         0x00000000080089b8        0x8 
 .text.PendSV_Handler
                0x00000000080089c0       0x68 ./Middlewares/Third_Party/FreeRTOS/Source/portable/GCC/ARM_CM4F/port.o
                0x00000000080089c0                PendSV_Handler
 .text.SysTick_Handler
                0x0000000008008a28       0x44 ./Middlewares/Third_Party/FreeRTOS/Source/portable/GCC/ARM_CM4F/port.o
                0x0000000008008a28                SysTick_Handler
 .text.vPortSetupTimerInterrupt
                0x0000000008008a6c       0x48 ./Middlewares/Third_Party/FreeRTOS/Source/portable/GCC/ARM_CM4F/port.o
                0x0000000008008a6c                vPortSetupTimerInterrupt
 .text.vPortEnableVFP
                0x0000000008008ab4       0x14 ./Middlewares/Third_Party/FreeRTOS/Source/portable/GCC/ARM_CM4F/port.o
 .text.pvPortMalloc
                0x0000000008008ac8       0x8c ./Middlewares/Third_Party/FreeRTOS/Source/portable/MemMang/heap_1.o
                0x0000000008008ac8                pvPortMalloc
 .text.vPortFree
                0x0000000008008b54       0x30 ./Middlewares/Third_Party/FreeRTOS/Source/portable/MemMang/heap_1.o
                0x0000000008008b54                vPortFree
 .text.memset   0x0000000008008b84       0x10 E:/STM_IDE/STM32CubeIDE_1.14.1/STM32CubeIDE/plugins/com.st.stm32cube.ide.mcu.externaltools.gnu-tools-for-stm32.11.3.rel1.win32_1.1.100.202309141235/tools/bin/../lib/gcc/arm-none-eabi/11.3.1/../../../../arm-none-eabi/lib/thumb/v7e-m+fp/hard\libc_nano.a(libc_a-memset.o)
                0x0000000008008b84                memset
 .text._reclaim_reent
                0x0000000008008b94       0xac E:/STM_IDE/STM32CubeIDE_1.14.1/STM32CubeIDE/plugins/com.st.stm32cube.ide.mcu.externaltools.gnu-tools-for-stm32.11.3.rel1.win32_1.1.100.202309141235/tools/bin/../lib/gcc/arm-none-eabi/11.3.1/../../../../arm-none-eabi/lib/thumb/v7e-m+fp/hard\libc_nano.a(libc_a-reent.o)
                0x0000000008008b94                _reclaim_reent
 .text.__libc_init_array
                0x0000000008008c40       0x48 E:/STM_IDE/STM32CubeIDE_1.14.1/STM32CubeIDE/plugins/com.st.stm32cube.ide.mcu.externaltools.gnu-tools-for-stm32.11.3.rel1.win32_1.1.100.202309141235/tools/bin/../lib/gcc/arm-none-eabi/11.3.1/../../../../arm-none-eabi/lib/thumb/v7e-m+fp/hard\libc_nano.a(libc_a-init.o)
                0x0000000008008c40                __libc_init_array
 .text.__retarget_lock_acquire_recursive
                0x0000000008008c88        0x2 E:/STM_IDE/STM32CubeIDE_1.14.1/STM32CubeIDE/plugins/com.st.stm32cube.ide.mcu.externaltools.gnu-tools-for-stm32.11.3.rel1.win32_1.1.100.202309141235/tools/bin/../lib/gcc/arm-none-eabi/11.3.1/../../../../arm-none-eabi/lib/thumb/v7e-m+fp/hard\libc_nano.a(libc_a-lock.o)
                0x0000000008008c88                __retarget_lock_acquire_recursive
 .text.__retarget_lock_release_recursive
                0x0000000008008c8a        0x2 E:/STM_IDE/STM32CubeIDE_1.14.1/STM32CubeIDE/plugins/com.st.stm32cube.ide.mcu.externaltools.gnu-tools-for-stm32.11.3.rel1.win32_1.1.100.202309141235/tools/bin/../lib/gcc/arm-none-eabi/11.3.1/../../../../arm-none-eabi/lib/thumb/v7e-m+fp/hard\libc_nano.a(libc_a-lock.o)
                0x0000000008008c8a                __retarget_lock_release_recursive
 .text.memcpy   0x0000000008008c8c       0x1c E:/STM_IDE/STM32CubeIDE_1.14.1/STM32CubeIDE/plugins/com.st.stm32cube.ide.mcu.externaltools.gnu-tools-for-stm32.11.3.rel1.win32_1.1.100.202309141235/tools/bin/../lib/gcc/arm-none-eabi/11.3.1/../../../../arm-none-eabi/lib/thumb/v7e-m+fp/hard\libc_nano.a(libc_a-memcpy-stub.o)
                0x0000000008008c8c                memcpy
 .text._free_r  0x0000000008008ca8       0x98 E:/STM_IDE/STM32CubeIDE_1.14.1/STM32CubeIDE/plugins/com.st.stm32cube.ide.mcu.externaltools.gnu-tools-for-stm32.11.3.rel1.win32_1.1.100.202309141235/tools/bin/../lib/gcc/arm-none-eabi/11.3.1/../../../../arm-none-eabi/lib/thumb/v7e-m+fp/hard\libc_nano.a(libc_a-freer.o)
                0x0000000008008ca8                _free_r
 .text.__malloc_lock
                0x0000000008008d40        0xc E:/STM_IDE/STM32CubeIDE_1.14.1/STM32CubeIDE/plugins/com.st.stm32cube.ide.mcu.externaltools.gnu-tools-for-stm32.11.3.rel1.win32_1.1.100.202309141235/tools/bin/../lib/gcc/arm-none-eabi/11.3.1/../../../../arm-none-eabi/lib/thumb/v7e-m+fp/hard\libc_nano.a(libc_a-mlock.o)
                0x0000000008008d40                __malloc_lock
 .text.__malloc_unlock
                0x0000000008008d4c        0xc E:/STM_IDE/STM32CubeIDE_1.14.1/STM32CubeIDE/plugins/com.st.stm32cube.ide.mcu.externaltools.gnu-tools-for-stm32.11.3.rel1.win32_1.1.100.202309141235/tools/bin/../lib/gcc/arm-none-eabi/11.3.1/../../../../arm-none-eabi/lib/thumb/v7e-m+fp/hard\libc_nano.a(libc_a-mlock.o)
                0x0000000008008d4c                __malloc_unlock
 *(.glue_7)
 .glue_7        0x0000000008008d58        0x0 linker stubs
 *(.glue_7t)
 .glue_7t       0x0000000008008d58        0x0 linker stubs
 *(.eh_frame)
 .eh_frame      0x0000000008008d58        0x0 E:/STM_IDE/STM32CubeIDE_1.14.1/STM32CubeIDE/plugins/com.st.stm32cube.ide.mcu.externaltools.gnu-tools-for-stm32.11.3.rel1.win32_1.1.100.202309141235/tools/bin/../lib/gcc/arm-none-eabi/11.3.1/thumb/v7e-m+fp/hard/crtbegin.o
 *(.init)
 .init          0x0000000008008d58        0x4 E:/STM_IDE/STM32CubeIDE_1.14.1/STM32CubeIDE/plugins/com.st.stm32cube.ide.mcu.externaltools.gnu-tools-for-stm32.11.3.rel1.win32_1.1.100.202309141235/tools/bin/../lib/gcc/arm-none-eabi/11.3.1/thumb/v7e-m+fp/hard/crti.o
                0x0000000008008d58                _init
 .init          0x0000000008008d5c        0x8 E:/STM_IDE/STM32CubeIDE_1.14.1/STM32CubeIDE/plugins/com.st.stm32cube.ide.mcu.externaltools.gnu-tools-for-stm32.11.3.rel1.win32_1.1.100.202309141235/tools/bin/../lib/gcc/arm-none-eabi/11.3.1/thumb/v7e-m+fp/hard/crtn.o
 *(.fini)
 .fini          0x0000000008008d64        0x4 E:/STM_IDE/STM32CubeIDE_1.14.1/STM32CubeIDE/plugins/com.st.stm32cube.ide.mcu.externaltools.gnu-tools-for-stm32.11.3.rel1.win32_1.1.100.202309141235/tools/bin/../lib/gcc/arm-none-eabi/11.3.1/thumb/v7e-m+fp/hard/crti.o
                0x0000000008008d64                _fini
 .fini          0x0000000008008d68        0x8 E:/STM_IDE/STM32CubeIDE_1.14.1/STM32CubeIDE/plugins/com.st.stm32cube.ide.mcu.externaltools.gnu-tools-for-stm32.11.3.rel1.win32_1.1.100.202309141235/tools/bin/../lib/gcc/arm-none-eabi/11.3.1/thumb/v7e-m+fp/hard/crtn.o
                0x0000000008008d70                . = ALIGN (0x4)
                0x0000000008008d70                _etext = .

.vfp11_veneer   0x0000000008008d70        0x0
 .vfp11_veneer  0x0000000008008d70        0x0 linker stubs

.v4_bx          0x0000000008008d70        0x0
 .v4_bx         0x0000000008008d70        0x0 linker stubs

.iplt           0x0000000008008d70        0x0
 .iplt          0x0000000008008d70        0x0 E:/STM_IDE/STM32CubeIDE_1.14.1/STM32CubeIDE/plugins/com.st.stm32cube.ide.mcu.externaltools.gnu-tools-for-stm32.11.3.rel1.win32_1.1.100.202309141235/tools/bin/../lib/gcc/arm-none-eabi/11.3.1/thumb/v7e-m+fp/hard/crtbegin.o

.rodata         0x0000000008008d70      0x118
                0x0000000008008d70                . = ALIGN (0x4)
 *(.rodata)
 .rodata        0x0000000008008d70       0x57 ./Core/Src/RC_Car_App_Prg.o
 *fill*         0x0000000008008dc7        0x1 
 .rodata        0x0000000008008dc8       0x28 ./Core/Src/freertos.o
 .rodata        0x0000000008008df0       0x75 ./Core/Src/main.o
 *fill*         0x0000000008008e65        0x3 
 .rodata        0x0000000008008e68        0x5 ./Middlewares/Third_Party/FreeRTOS/Source/tasks.o
 *(.rodata*)
 *fill*         0x0000000008008e6d        0x3 
 .rodata.AHBPrescTable
                0x0000000008008e70       0x10 ./Core/Src/system_stm32f4xx.o
                0x0000000008008e70                AHBPrescTable
 .rodata.APBPrescTable
                0x0000000008008e80        0x8 ./Core/Src/system_stm32f4xx.o
                0x0000000008008e80                APBPrescTable
                0x0000000008008e88                . = ALIGN (0x4)

.ARM.extab      0x0000000008008e88        0x0
                0x0000000008008e88                . = ALIGN (0x4)
 *(.ARM.extab* .gnu.linkonce.armextab.*)
                0x0000000008008e88                . = ALIGN (0x4)

.ARM            0x0000000008008e88        0x8
                0x0000000008008e88                . = ALIGN (0x4)
                0x0000000008008e88                __exidx_start = .
 *(.ARM.exidx*)
 .ARM.exidx     0x0000000008008e88        0x8 E:/STM_IDE/STM32CubeIDE_1.14.1/STM32CubeIDE/plugins/com.st.stm32cube.ide.mcu.externaltools.gnu-tools-for-stm32.11.3.rel1.win32_1.1.100.202309141235/tools/bin/../lib/gcc/arm-none-eabi/11.3.1/thumb/v7e-m+fp/hard\libgcc.a(_udivmoddi4.o)
                0x0000000008008e90                __exidx_end = .
                0x0000000008008e90                . = ALIGN (0x4)

.rel.dyn        0x0000000008008e90        0x0
 .rel.iplt      0x0000000008008e90        0x0 E:/STM_IDE/STM32CubeIDE_1.14.1/STM32CubeIDE/plugins/com.st.stm32cube.ide.mcu.externaltools.gnu-tools-for-stm32.11.3.rel1.win32_1.1.100.202309141235/tools/bin/../lib/gcc/arm-none-eabi/11.3.1/thumb/v7e-m+fp/hard/crtbegin.o

.preinit_array  0x0000000008008e90        0x0
                0x0000000008008e90                . = ALIGN (0x4)
                0x0000000008008e90                PROVIDE (__preinit_array_start = .)
 *(.preinit_array*)
                0x0000000008008e90                PROVIDE (__preinit_array_end = .)
                0x0000000008008e90                . = ALIGN (0x4)

.init_array     0x0000000008008e90        0x4
                0x0000000008008e90                . = ALIGN (0x4)
                0x0000000008008e90                PROVIDE (__init_array_start = .)
 *(SORT_BY_NAME(.init_array.*))
 *(.init_array*)
 .init_array    0x0000000008008e90        0x4 E:/STM_IDE/STM32CubeIDE_1.14.1/STM32CubeIDE/plugins/com.st.stm32cube.ide.mcu.externaltools.gnu-tools-for-stm32.11.3.rel1.win32_1.1.100.202309141235/tools/bin/../lib/gcc/arm-none-eabi/11.3.1/thumb/v7e-m+fp/hard/crtbegin.o
                0x0000000008008e94                PROVIDE (__init_array_end = .)
                0x0000000008008e94                . = ALIGN (0x4)

.fini_array     0x0000000008008e94        0x4
                0x0000000008008e94                . = ALIGN (0x4)
                [!provide]                        PROVIDE (__fini_array_start = .)
 *(SORT_BY_NAME(.fini_array.*))
 *(.fini_array*)
 .fini_array    0x0000000008008e94        0x4 E:/STM_IDE/STM32CubeIDE_1.14.1/STM32CubeIDE/plugins/com.st.stm32cube.ide.mcu.externaltools.gnu-tools-for-stm32.11.3.rel1.win32_1.1.100.202309141235/tools/bin/../lib/gcc/arm-none-eabi/11.3.1/thumb/v7e-m+fp/hard/crtbegin.o
                [!provide]                        PROVIDE (__fini_array_end = .)
                0x0000000008008e98                . = ALIGN (0x4)
                0x0000000008008e98                _sidata = LOADADDR (.data)

.data           0x0000000020000000       0x68 load address 0x0000000008008e98
                0x0000000020000000                . = ALIGN (0x4)
                0x0000000020000000                _sdata = .
 *(.data)
 *(.data*)
 .data.engine_state
                0x0000000020000000        0x1 ./Core/Src/RC_Car_App_Prg.o
 .data.assist_state
                0x0000000020000001        0x1 ./Core/Src/RC_Car_App_Prg.o
 .data.right_park_stat
                0x0000000020000002        0x1 ./Core/Src/RC_Car_App_Prg.o
 .data.left_park_stat
                0x0000000020000003        0x1 ./Core/Src/RC_Car_App_Prg.o
 .data.Motor_Speed
                0x0000000020000004        0x1 ./Core/Src/RC_Car_App_Prg.o
 .data.park_state
                0x0000000020000005        0x1 ./Core/Src/RC_Car_App_Prg.o
 *fill*         0x0000000020000006        0x2 
 .data.SystemCoreClock
                0x0000000020000008        0x4 ./Core/Src/system_stm32f4xx.o
                0x0000000020000008                SystemCoreClock
 .data.uwTickPrio
                0x000000002000000c        0x4 ./Drivers/STM32F4xx_HAL_Driver/Src/stm32f4xx_hal.o
                0x000000002000000c                uwTickPrio
 .data.uwTickFreq
                0x0000000020000010        0x1 ./Drivers/STM32F4xx_HAL_Driver/Src/stm32f4xx_hal.o
                0x0000000020000010                uwTickFreq
 *fill*         0x0000000020000011        0x3 
 .data.uxCriticalNesting
                0x0000000020000014        0x4 ./Middlewares/Third_Party/FreeRTOS/Source/portable/GCC/ARM_CM4F/port.o
 .data._impure_data
                0x0000000020000018       0x4c E:/STM_IDE/STM32CubeIDE_1.14.1/STM32CubeIDE/plugins/com.st.stm32cube.ide.mcu.externaltools.gnu-tools-for-stm32.11.3.rel1.win32_1.1.100.202309141235/tools/bin/../lib/gcc/arm-none-eabi/11.3.1/../../../../arm-none-eabi/lib/thumb/v7e-m+fp/hard\libc_nano.a(libc_a-impure.o)
                0x0000000020000018                _impure_data
 .data._impure_ptr
                0x0000000020000064        0x4 E:/STM_IDE/STM32CubeIDE_1.14.1/STM32CubeIDE/plugins/com.st.stm32cube.ide.mcu.externaltools.gnu-tools-for-stm32.11.3.rel1.win32_1.1.100.202309141235/tools/bin/../lib/gcc/arm-none-eabi/11.3.1/../../../../arm-none-eabi/lib/thumb/v7e-m+fp/hard\libc_nano.a(libc_a-impure.o)
                0x0000000020000064                _impure_ptr
 *(.RamFunc)
 *(.RamFunc*)
                0x0000000020000068                . = ALIGN (0x4)
                0x0000000020000068                _edata = .

.igot.plt       0x0000000020000068        0x0 load address 0x0000000008008f00
 .igot.plt      0x0000000020000068        0x0 E:/STM_IDE/STM32CubeIDE_1.14.1/STM32CubeIDE/plugins/com.st.stm32cube.ide.mcu.externaltools.gnu-tools-for-stm32.11.3.rel1.win32_1.1.100.202309141235/tools/bin/../lib/gcc/arm-none-eabi/11.3.1/thumb/v7e-m+fp/hard/crtbegin.o
                0x0000000020000068                . = ALIGN (0x4)

.bss            0x0000000020000068     0x4518 load address 0x0000000008008f00
                0x0000000020000068                _sbss = .
                0x0000000020000068                __bss_start__ = _sbss
 *(.bss)
 .bss           0x0000000020000068       0x1c E:/STM_IDE/STM32CubeIDE_1.14.1/STM32CubeIDE/plugins/com.st.stm32cube.ide.mcu.externaltools.gnu-tools-for-stm32.11.3.rel1.win32_1.1.100.202309141235/tools/bin/../lib/gcc/arm-none-eabi/11.3.1/thumb/v7e-m+fp/hard/crtbegin.o
 *(.bss*)
 .bss.Current_state
                0x0000000020000084        0x1 ./Core/Src/RC_Car_App_Prg.o
 .bss.Previous_state
                0x0000000020000085        0x1 ./Core/Src/RC_Car_App_Prg.o
 .bss.transition
                0x0000000020000086        0x1 ./Core/Src/RC_Car_App_Prg.o
 .bss.sync_flag
                0x0000000020000087        0x1 ./Core/Src/RC_Car_App_Prg.o
 .bss.flashing_smphr
                0x0000000020000088        0x4 ./Core/Src/RC_Car_App_Prg.o
 .bss.horn_smphr
                0x000000002000008c        0x4 ./Core/Src/RC_Car_App_Prg.o
 .bss.Gear_smphr
                0x0000000020000090        0x4 ./Core/Src/RC_Car_App_Prg.o
 .bss.speedInc_smphr
                0x0000000020000094        0x4 ./Core/Src/RC_Car_App_Prg.o
 .bss.brake_smphr
                0x0000000020000098        0x4 ./Core/Src/RC_Car_App_Prg.o
 .bss.goRight_smphr
                0x000000002000009c        0x4 ./Core/Src/RC_Car_App_Prg.o
 .bss.goLeft_smphr
                0x00000000200000a0        0x4 ./Core/Src/RC_Car_App_Prg.o
 .bss.assist_smphr
                0x00000000200000a4        0x4 ./Core/Src/RC_Car_App_Prg.o
 .bss.right_park_smphr
                0x00000000200000a8        0x4 ./Core/Src/RC_Car_App_Prg.o
 .bss.left_park_smphr
                0x00000000200000ac        0x4 ./Core/Src/RC_Car_App_Prg.o
 .bss.gear_current
                0x00000000200000b0        0x1 ./Core/Src/RC_Car_App_Prg.o
 .bss.servo_angle
                0x00000000200000b1        0x1 ./Core/Src/RC_Car_App_Prg.o
 *fill*         0x00000000200000b2        0x2 
 .bss.Ultrasonic_Buffer
                0x00000000200000b4        0xc ./Core/Src/RC_Car_App_Prg.o
 .bss.Important_Buffer
                0x00000000200000c0        0xc ./Core/Src/RC_Car_App_Prg.o
 .bss.current_ultrasonic
                0x00000000200000cc        0x1 ./Core/Src/RC_Car_App_Prg.o
 .bss.park_slot_flag.3
                0x00000000200000cd        0x1 ./Core/Src/RC_Car_App_Prg.o
 .bss.servo_counter.2
                0x00000000200000ce        0x1 ./Core/Src/RC_Car_App_Prg.o
 .bss.servo_vice_counter.1
                0x00000000200000cf        0x1 ./Core/Src/RC_Car_App_Prg.o
 .bss.g_TimeOfEcho
                0x00000000200000d0        0x4 ./Core/Src/Ultrasonic.o
                0x00000000200000d0                g_TimeOfEcho
 .bss.g_edgeDetect
                0x00000000200000d4        0x1 ./Core/Src/Ultrasonic.o
                0x00000000200000d4                g_edgeDetect
 *fill*         0x00000000200000d5        0x3 
 .bss.defaultTaskHandle
                0x00000000200000d8        0x4 ./Core/Src/freertos.o
                0x00000000200000d8                defaultTaskHandle
 .bss.xIdleTaskTCBBuffer
                0x00000000200000dc       0xa0 ./Core/Src/freertos.o
 .bss.xIdleStack
                0x000000002000017c      0x200 ./Core/Src/freertos.o
 .bss.htim14    0x000000002000037c       0x48 ./Core/Src/stm32f4xx_hal_timebase_tim.o
                0x000000002000037c                htim14
 .bss.htim1     0x00000000200003c4       0x48 ./Core/Src/tim.o
                0x00000000200003c4                htim1
 .bss.htim2     0x000000002000040c       0x48 ./Core/Src/tim.o
                0x000000002000040c                htim2
 .bss.htim3     0x0000000020000454       0x48 ./Core/Src/tim.o
                0x0000000020000454                htim3
 .bss.htim4     0x000000002000049c       0x48 ./Core/Src/tim.o
                0x000000002000049c                htim4
 .bss.huart4    0x00000000200004e4       0x48 ./Core/Src/usart.o
                0x00000000200004e4                huart4
 .bss.huart5    0x000000002000052c       0x48 ./Core/Src/usart.o
                0x000000002000052c                huart5
 .bss.huart2    0x0000000020000574       0x48 ./Core/Src/usart.o
                0x0000000020000574                huart2
 .bss.huart3    0x00000000200005bc       0x48 ./Core/Src/usart.o
                0x00000000200005bc                huart3
 .bss.huart6    0x0000000020000604       0x48 ./Core/Src/usart.o
                0x0000000020000604                huart6
 .bss.uwTick    0x000000002000064c        0x4 ./Drivers/STM32F4xx_HAL_Driver/Src/stm32f4xx_hal.o
                0x000000002000064c                uwTick
 .bss.pxCurrentTCB
                0x0000000020000650        0x4 ./Middlewares/Third_Party/FreeRTOS/Source/tasks.o
                0x0000000020000650                pxCurrentTCB
 .bss.pxReadyTasksLists
                0x0000000020000654      0x140 ./Middlewares/Third_Party/FreeRTOS/Source/tasks.o
 .bss.xDelayedTaskList1
                0x0000000020000794       0x14 ./Middlewares/Third_Party/FreeRTOS/Source/tasks.o
 .bss.xDelayedTaskList2
                0x00000000200007a8       0x14 ./Middlewares/Third_Party/FreeRTOS/Source/tasks.o
 .bss.pxDelayedTaskList
                0x00000000200007bc        0x4 ./Middlewares/Third_Party/FreeRTOS/Source/tasks.o
 .bss.pxOverflowDelayedTaskList
                0x00000000200007c0        0x4 ./Middlewares/Third_Party/FreeRTOS/Source/tasks.o
 .bss.xPendingReadyList
                0x00000000200007c4       0x14 ./Middlewares/Third_Party/FreeRTOS/Source/tasks.o
 .bss.xTasksWaitingTermination
                0x00000000200007d8       0x14 ./Middlewares/Third_Party/FreeRTOS/Source/tasks.o
 .bss.uxDeletedTasksWaitingCleanUp
                0x00000000200007ec        0x4 ./Middlewares/Third_Party/FreeRTOS/Source/tasks.o
 .bss.xSuspendedTaskList
                0x00000000200007f0       0x14 ./Middlewares/Third_Party/FreeRTOS/Source/tasks.o
 .bss.uxCurrentNumberOfTasks
                0x0000000020000804        0x4 ./Middlewares/Third_Party/FreeRTOS/Source/tasks.o
 .bss.xTickCount
                0x0000000020000808        0x4 ./Middlewares/Third_Party/FreeRTOS/Source/tasks.o
 .bss.uxTopReadyPriority
                0x000000002000080c        0x4 ./Middlewares/Third_Party/FreeRTOS/Source/tasks.o
 .bss.xSchedulerRunning
                0x0000000020000810        0x4 ./Middlewares/Third_Party/FreeRTOS/Source/tasks.o
 .bss.xPendedTicks
                0x0000000020000814        0x4 ./Middlewares/Third_Party/FreeRTOS/Source/tasks.o
 .bss.xYieldPending
                0x0000000020000818        0x4 ./Middlewares/Third_Party/FreeRTOS/Source/tasks.o
 .bss.xNumOfOverflows
                0x000000002000081c        0x4 ./Middlewares/Third_Party/FreeRTOS/Source/tasks.o
 .bss.uxTaskNumber
                0x0000000020000820        0x4 ./Middlewares/Third_Party/FreeRTOS/Source/tasks.o
 .bss.xNextTaskUnblockTime
                0x0000000020000824        0x4 ./Middlewares/Third_Party/FreeRTOS/Source/tasks.o
 .bss.xIdleTaskHandle
                0x0000000020000828        0x4 ./Middlewares/Third_Party/FreeRTOS/Source/tasks.o
 .bss.uxSchedulerSuspended
                0x000000002000082c        0x4 ./Middlewares/Third_Party/FreeRTOS/Source/tasks.o
 .bss.ucMaxSysCallPriority
                0x0000000020000830        0x1 ./Middlewares/Third_Party/FreeRTOS/Source/portable/GCC/ARM_CM4F/port.o
 *fill*         0x0000000020000831        0x3 
 .bss.ulMaxPRIGROUPValue
                0x0000000020000834        0x4 ./Middlewares/Third_Party/FreeRTOS/Source/portable/GCC/ARM_CM4F/port.o
 .bss.ucHeap    0x0000000020000838     0x3c00 ./Middlewares/Third_Party/FreeRTOS/Source/portable/MemMang/heap_1.o
 .bss.xNextFreeByte
                0x0000000020004438        0x4 ./Middlewares/Third_Party/FreeRTOS/Source/portable/MemMang/heap_1.o
 .bss.pucAlignedHeap.0
                0x000000002000443c        0x4 ./Middlewares/Third_Party/FreeRTOS/Source/portable/MemMang/heap_1.o
 .bss.__sf      0x0000000020004440      0x138 E:/STM_IDE/STM32CubeIDE_1.14.1/STM32CubeIDE/plugins/com.st.stm32cube.ide.mcu.externaltools.gnu-tools-for-stm32.11.3.rel1.win32_1.1.100.202309141235/tools/bin/../lib/gcc/arm-none-eabi/11.3.1/../../../../arm-none-eabi/lib/thumb/v7e-m+fp/hard\libc_nano.a(libc_a-findfp.o)
                0x0000000020004440                __sf
 .bss.__lock___malloc_recursive_mutex
                0x0000000020004578        0x1 E:/STM_IDE/STM32CubeIDE_1.14.1/STM32CubeIDE/plugins/com.st.stm32cube.ide.mcu.externaltools.gnu-tools-for-stm32.11.3.rel1.win32_1.1.100.202309141235/tools/bin/../lib/gcc/arm-none-eabi/11.3.1/../../../../arm-none-eabi/lib/thumb/v7e-m+fp/hard\libc_nano.a(libc_a-lock.o)
                0x0000000020004578                __lock___malloc_recursive_mutex
 *fill*         0x0000000020004579        0x3 
 .bss.__malloc_free_list
                0x000000002000457c        0x4 E:/STM_IDE/STM32CubeIDE_1.14.1/STM32CubeIDE/plugins/com.st.stm32cube.ide.mcu.externaltools.gnu-tools-for-stm32.11.3.rel1.win32_1.1.100.202309141235/tools/bin/../lib/gcc/arm-none-eabi/11.3.1/../../../../arm-none-eabi/lib/thumb/v7e-m+fp/hard\libc_nano.a(libc_a-mallocr.o)
                0x000000002000457c                __malloc_free_list
 *(COMMON)
                0x0000000020004580                . = ALIGN (0x4)
                0x0000000020004580                _ebss = .
                0x0000000020004580                __bss_end__ = _ebss

._user_heap_stack
                0x0000000020004580      0x600 load address 0x0000000008008f00
                0x0000000020004580                . = ALIGN (0x8)
                [!provide]                        PROVIDE (end = .)
                0x0000000020004580                PROVIDE (_end = .)
                0x0000000020004780                . = (. + _Min_Heap_Size)
 *fill*         0x0000000020004580      0x200 
                0x0000000020004b80                . = (. + _Min_Stack_Size)
 *fill*         0x0000000020004780      0x400 
                0x0000000020004b80                . = ALIGN (0x8)

/DISCARD/
 libc.a(*)
 libm.a(*)
 libgcc.a(*)

.ARM.attributes
                0x0000000000000000       0x30
 *(.ARM.attributes)
 .ARM.attributes
                0x0000000000000000       0x1e E:/STM_IDE/STM32CubeIDE_1.14.1/STM32CubeIDE/plugins/com.st.stm32cube.ide.mcu.externaltools.gnu-tools-for-stm32.11.3.rel1.win32_1.1.100.202309141235/tools/bin/../lib/gcc/arm-none-eabi/11.3.1/thumb/v7e-m+fp/hard/crti.o
 .ARM.attributes
                0x000000000000001e       0x34 E:/STM_IDE/STM32CubeIDE_1.14.1/STM32CubeIDE/plugins/com.st.stm32cube.ide.mcu.externaltools.gnu-tools-for-stm32.11.3.rel1.win32_1.1.100.202309141235/tools/bin/../lib/gcc/arm-none-eabi/11.3.1/thumb/v7e-m+fp/hard/crtbegin.o
 .ARM.attributes
                0x0000000000000052       0x34 ./Core/Src/Motor_Driver.o
 .ARM.attributes
                0x0000000000000086       0x34 ./Core/Src/RC_Car_App_Prg.o
 .ARM.attributes
                0x00000000000000ba       0x34 ./Core/Src/Ultrasonic.o
 .ARM.attributes
                0x00000000000000ee       0x34 ./Core/Src/freertos.o
 .ARM.attributes
                0x0000000000000122       0x34 ./Core/Src/gpio.o
 .ARM.attributes
                0x0000000000000156       0x34 ./Core/Src/main.o
 .ARM.attributes
                0x000000000000018a       0x34 ./Core/Src/stm32f4xx_hal_msp.o
 .ARM.attributes
                0x00000000000001be       0x34 ./Core/Src/stm32f4xx_hal_timebase_tim.o
 .ARM.attributes
                0x00000000000001f2       0x34 ./Core/Src/stm32f4xx_it.o
 .ARM.attributes
                0x0000000000000226       0x34 ./Core/Src/system_stm32f4xx.o
 .ARM.attributes
                0x000000000000025a       0x34 ./Core/Src/tim.o
 .ARM.attributes
                0x000000000000028e       0x34 ./Core/Src/usart.o
 .ARM.attributes
                0x00000000000002c2       0x21 ./Core/Startup/startup_stm32f446retx.o
 .ARM.attributes
                0x00000000000002e3       0x34 ./Drivers/STM32F4xx_HAL_Driver/Src/stm32f4xx_hal.o
 .ARM.attributes
                0x0000000000000317       0x34 ./Drivers/STM32F4xx_HAL_Driver/Src/stm32f4xx_hal_cortex.o
 .ARM.attributes
                0x000000000000034b       0x34 ./Drivers/STM32F4xx_HAL_Driver/Src/stm32f4xx_hal_gpio.o
 .ARM.attributes
                0x000000000000037f       0x34 ./Drivers/STM32F4xx_HAL_Driver/Src/stm32f4xx_hal_rcc.o
 .ARM.attributes
                0x00000000000003b3       0x34 ./Drivers/STM32F4xx_HAL_Driver/Src/stm32f4xx_hal_rcc_ex.o
 .ARM.attributes
                0x00000000000003e7       0x34 ./Drivers/STM32F4xx_HAL_Driver/Src/stm32f4xx_hal_tim.o
 .ARM.attributes
                0x000000000000041b       0x34 ./Drivers/STM32F4xx_HAL_Driver/Src/stm32f4xx_hal_tim_ex.o
 .ARM.attributes
                0x000000000000044f       0x34 ./Drivers/STM32F4xx_HAL_Driver/Src/stm32f4xx_hal_uart.o
 .ARM.attributes
                0x0000000000000483       0x34 ./Middlewares/Third_Party/FreeRTOS/Source/CMSIS_RTOS/cmsis_os.o
 .ARM.attributes
                0x00000000000004b7       0x34 ./Middlewares/Third_Party/FreeRTOS/Source/list.o
 .ARM.attributes
                0x00000000000004eb       0x34 ./Middlewares/Third_Party/FreeRTOS/Source/queue.o
 .ARM.attributes
                0x000000000000051f       0x34 ./Middlewares/Third_Party/FreeRTOS/Source/tasks.o
 .ARM.attributes
                0x0000000000000553       0x34 ./Middlewares/Third_Party/FreeRTOS/Source/portable/GCC/ARM_CM4F/port.o
 .ARM.attributes
                0x0000000000000587       0x34 ./Middlewares/Third_Party/FreeRTOS/Source/portable/MemMang/heap_1.o
 .ARM.attributes
                0x00000000000005bb       0x34 E:/STM_IDE/STM32CubeIDE_1.14.1/STM32CubeIDE/plugins/com.st.stm32cube.ide.mcu.externaltools.gnu-tools-for-stm32.11.3.rel1.win32_1.1.100.202309141235/tools/bin/../lib/gcc/arm-none-eabi/11.3.1/../../../../arm-none-eabi/lib/thumb/v7e-m+fp/hard\libc_nano.a(libc_a-findfp.o)
 .ARM.attributes
                0x00000000000005ef       0x34 E:/STM_IDE/STM32CubeIDE_1.14.1/STM32CubeIDE/plugins/com.st.stm32cube.ide.mcu.externaltools.gnu-tools-for-stm32.11.3.rel1.win32_1.1.100.202309141235/tools/bin/../lib/gcc/arm-none-eabi/11.3.1/../../../../arm-none-eabi/lib/thumb/v7e-m+fp/hard\libc_nano.a(libc_a-memset.o)
 .ARM.attributes
                0x0000000000000623       0x34 E:/STM_IDE/STM32CubeIDE_1.14.1/STM32CubeIDE/plugins/com.st.stm32cube.ide.mcu.externaltools.gnu-tools-for-stm32.11.3.rel1.win32_1.1.100.202309141235/tools/bin/../lib/gcc/arm-none-eabi/11.3.1/../../../../arm-none-eabi/lib/thumb/v7e-m+fp/hard\libc_nano.a(libc_a-reent.o)
 .ARM.attributes
                0x0000000000000657       0x34 E:/STM_IDE/STM32CubeIDE_1.14.1/STM32CubeIDE/plugins/com.st.stm32cube.ide.mcu.externaltools.gnu-tools-for-stm32.11.3.rel1.win32_1.1.100.202309141235/tools/bin/../lib/gcc/arm-none-eabi/11.3.1/../../../../arm-none-eabi/lib/thumb/v7e-m+fp/hard\libc_nano.a(libc_a-impure.o)
 .ARM.attributes
                0x000000000000068b       0x34 E:/STM_IDE/STM32CubeIDE_1.14.1/STM32CubeIDE/plugins/com.st.stm32cube.ide.mcu.externaltools.gnu-tools-for-stm32.11.3.rel1.win32_1.1.100.202309141235/tools/bin/../lib/gcc/arm-none-eabi/11.3.1/../../../../arm-none-eabi/lib/thumb/v7e-m+fp/hard\libc_nano.a(libc_a-init.o)
 .ARM.attributes
                0x00000000000006bf       0x34 E:/STM_IDE/STM32CubeIDE_1.14.1/STM32CubeIDE/plugins/com.st.stm32cube.ide.mcu.externaltools.gnu-tools-for-stm32.11.3.rel1.win32_1.1.100.202309141235/tools/bin/../lib/gcc/arm-none-eabi/11.3.1/../../../../arm-none-eabi/lib/thumb/v7e-m+fp/hard\libc_nano.a(libc_a-lock.o)
 .ARM.attributes
                0x00000000000006f3       0x34 E:/STM_IDE/STM32CubeIDE_1.14.1/STM32CubeIDE/plugins/com.st.stm32cube.ide.mcu.externaltools.gnu-tools-for-stm32.11.3.rel1.win32_1.1.100.202309141235/tools/bin/../lib/gcc/arm-none-eabi/11.3.1/../../../../arm-none-eabi/lib/thumb/v7e-m+fp/hard\libc_nano.a(libc_a-memcpy-stub.o)
 .ARM.attributes
                0x0000000000000727       0x34 E:/STM_IDE/STM32CubeIDE_1.14.1/STM32CubeIDE/plugins/com.st.stm32cube.ide.mcu.externaltools.gnu-tools-for-stm32.11.3.rel1.win32_1.1.100.202309141235/tools/bin/../lib/gcc/arm-none-eabi/11.3.1/../../../../arm-none-eabi/lib/thumb/v7e-m+fp/hard\libc_nano.a(libc_a-freer.o)
 .ARM.attributes
                0x000000000000075b       0x34 E:/STM_IDE/STM32CubeIDE_1.14.1/STM32CubeIDE/plugins/com.st.stm32cube.ide.mcu.externaltools.gnu-tools-for-stm32.11.3.rel1.win32_1.1.100.202309141235/tools/bin/../lib/gcc/arm-none-eabi/11.3.1/../../../../arm-none-eabi/lib/thumb/v7e-m+fp/hard\libc_nano.a(libc_a-mallocr.o)
 .ARM.attributes
                0x000000000000078f       0x34 E:/STM_IDE/STM32CubeIDE_1.14.1/STM32CubeIDE/plugins/com.st.stm32cube.ide.mcu.externaltools.gnu-tools-for-stm32.11.3.rel1.win32_1.1.100.202309141235/tools/bin/../lib/gcc/arm-none-eabi/11.3.1/../../../../arm-none-eabi/lib/thumb/v7e-m+fp/hard\libc_nano.a(libc_a-mlock.o)
 .ARM.attributes
                0x00000000000007c3       0x1e E:/STM_IDE/STM32CubeIDE_1.14.1/STM32CubeIDE/plugins/com.st.stm32cube.ide.mcu.externaltools.gnu-tools-for-stm32.11.3.rel1.win32_1.1.100.202309141235/tools/bin/../lib/gcc/arm-none-eabi/11.3.1/thumb/v7e-m+fp/hard\libgcc.a(_arm_addsubdf3.o)
 .ARM.attributes
                0x00000000000007e1       0x1e E:/STM_IDE/STM32CubeIDE_1.14.1/STM32CubeIDE/plugins/com.st.stm32cube.ide.mcu.externaltools.gnu-tools-for-stm32.11.3.rel1.win32_1.1.100.202309141235/tools/bin/../lib/gcc/arm-none-eabi/11.3.1/thumb/v7e-m+fp/hard\libgcc.a(_arm_muldivdf3.o)
 .ARM.attributes
                0x00000000000007ff       0x1e E:/STM_IDE/STM32CubeIDE_1.14.1/STM32CubeIDE/plugins/com.st.stm32cube.ide.mcu.externaltools.gnu-tools-for-stm32.11.3.rel1.win32_1.1.100.202309141235/tools/bin/../lib/gcc/arm-none-eabi/11.3.1/thumb/v7e-m+fp/hard\libgcc.a(_arm_fixunsdfsi.o)
 .ARM.attributes
                0x000000000000081d       0x1e E:/STM_IDE/STM32CubeIDE_1.14.1/STM32CubeIDE/plugins/com.st.stm32cube.ide.mcu.externaltools.gnu-tools-for-stm32.11.3.rel1.win32_1.1.100.202309141235/tools/bin/../lib/gcc/arm-none-eabi/11.3.1/thumb/v7e-m+fp/hard\libgcc.a(_aeabi_uldivmod.o)
 .ARM.attributes
                0x000000000000083b       0x34 E:/STM_IDE/STM32CubeIDE_1.14.1/STM32CubeIDE/plugins/com.st.stm32cube.ide.mcu.externaltools.gnu-tools-for-stm32.11.3.rel1.win32_1.1.100.202309141235/tools/bin/../lib/gcc/arm-none-eabi/11.3.1/thumb/v7e-m+fp/hard\libgcc.a(_udivmoddi4.o)
 .ARM.attributes
                0x000000000000086f       0x1e E:/STM_IDE/STM32CubeIDE_1.14.1/STM32CubeIDE/plugins/com.st.stm32cube.ide.mcu.externaltools.gnu-tools-for-stm32.11.3.rel1.win32_1.1.100.202309141235/tools/bin/../lib/gcc/arm-none-eabi/11.3.1/thumb/v7e-m+fp/hard\libgcc.a(_dvmd_tls.o)
 .ARM.attributes
                0x000000000000088d       0x1e E:/STM_IDE/STM32CubeIDE_1.14.1/STM32CubeIDE/plugins/com.st.stm32cube.ide.mcu.externaltools.gnu-tools-for-stm32.11.3.rel1.win32_1.1.100.202309141235/tools/bin/../lib/gcc/arm-none-eabi/11.3.1/thumb/v7e-m+fp/hard/crtn.o
OUTPUT(Nucleo_project.elf elf32-littlearm)
LOAD linker stubs
LOAD E:/STM_IDE/STM32CubeIDE_1.14.1/STM32CubeIDE/plugins/com.st.stm32cube.ide.mcu.externaltools.gnu-tools-for-stm32.11.3.rel1.win32_1.1.100.202309141235/tools/bin/../lib/gcc/arm-none-eabi/11.3.1/../../../../arm-none-eabi/lib/thumb/v7e-m+fp/hard\libc.a
LOAD E:/STM_IDE/STM32CubeIDE_1.14.1/STM32CubeIDE/plugins/com.st.stm32cube.ide.mcu.externaltools.gnu-tools-for-stm32.11.3.rel1.win32_1.1.100.202309141235/tools/bin/../lib/gcc/arm-none-eabi/11.3.1/../../../../arm-none-eabi/lib/thumb/v7e-m+fp/hard\libm.a
LOAD E:/STM_IDE/STM32CubeIDE_1.14.1/STM32CubeIDE/plugins/com.st.stm32cube.ide.mcu.externaltools.gnu-tools-for-stm32.11.3.rel1.win32_1.1.100.202309141235/tools/bin/../lib/gcc/arm-none-eabi/11.3.1/thumb/v7e-m+fp/hard\libgcc.a

.comment        0x0000000000000000       0x43
 .comment       0x0000000000000000       0x43 E:/STM_IDE/STM32CubeIDE_1.14.1/STM32CubeIDE/plugins/com.st.stm32cube.ide.mcu.externaltools.gnu-tools-for-stm32.11.3.rel1.win32_1.1.100.202309141235/tools/bin/../lib/gcc/arm-none-eabi/11.3.1/thumb/v7e-m+fp/hard/crtbegin.o
                                         0x44 (size before relaxing)
 .comment       0x0000000000000043       0x44 ./Core/Src/Motor_Driver.o
 .comment       0x0000000000000043       0x44 ./Core/Src/RC_Car_App_Prg.o
 .comment       0x0000000000000043       0x44 ./Core/Src/Ultrasonic.o
 .comment       0x0000000000000043       0x44 ./Core/Src/freertos.o
 .comment       0x0000000000000043       0x44 ./Core/Src/gpio.o
 .comment       0x0000000000000043       0x44 ./Core/Src/main.o
 .comment       0x0000000000000043       0x44 ./Core/Src/stm32f4xx_hal_msp.o
 .comment       0x0000000000000043       0x44 ./Core/Src/stm32f4xx_hal_timebase_tim.o
 .comment       0x0000000000000043       0x44 ./Core/Src/stm32f4xx_it.o
 .comment       0x0000000000000043       0x44 ./Core/Src/system_stm32f4xx.o
 .comment       0x0000000000000043       0x44 ./Core/Src/tim.o
 .comment       0x0000000000000043       0x44 ./Core/Src/usart.o
 .comment       0x0000000000000043       0x44 ./Drivers/STM32F4xx_HAL_Driver/Src/stm32f4xx_hal.o
 .comment       0x0000000000000043       0x44 ./Drivers/STM32F4xx_HAL_Driver/Src/stm32f4xx_hal_cortex.o
 .comment       0x0000000000000043       0x44 ./Drivers/STM32F4xx_HAL_Driver/Src/stm32f4xx_hal_gpio.o
 .comment       0x0000000000000043       0x44 ./Drivers/STM32F4xx_HAL_Driver/Src/stm32f4xx_hal_rcc.o
 .comment       0x0000000000000043       0x44 ./Drivers/STM32F4xx_HAL_Driver/Src/stm32f4xx_hal_rcc_ex.o
 .comment       0x0000000000000043       0x44 ./Drivers/STM32F4xx_HAL_Driver/Src/stm32f4xx_hal_tim.o
 .comment       0x0000000000000043       0x44 ./Drivers/STM32F4xx_HAL_Driver/Src/stm32f4xx_hal_tim_ex.o
 .comment       0x0000000000000043       0x44 ./Drivers/STM32F4xx_HAL_Driver/Src/stm32f4xx_hal_uart.o
 .comment       0x0000000000000043       0x44 ./Middlewares/Third_Party/FreeRTOS/Source/CMSIS_RTOS/cmsis_os.o
 .comment       0x0000000000000043       0x44 ./Middlewares/Third_Party/FreeRTOS/Source/list.o
 .comment       0x0000000000000043       0x44 ./Middlewares/Third_Party/FreeRTOS/Source/queue.o
 .comment       0x0000000000000043       0x44 ./Middlewares/Third_Party/FreeRTOS/Source/tasks.o
 .comment       0x0000000000000043       0x44 ./Middlewares/Third_Party/FreeRTOS/Source/portable/GCC/ARM_CM4F/port.o
 .comment       0x0000000000000043       0x44 ./Middlewares/Third_Party/FreeRTOS/Source/portable/MemMang/heap_1.o

.debug_info     0x0000000000000000    0x17dde
 .debug_info    0x0000000000000000      0x8c1 ./Core/Src/Motor_Driver.o
 .debug_info    0x00000000000008c1     0x10c5 ./Core/Src/RC_Car_App_Prg.o
 .debug_info    0x0000000000001986      0x8e4 ./Core/Src/Ultrasonic.o
 .debug_info    0x000000000000226a      0xb41 ./Core/Src/freertos.o
 .debug_info    0x0000000000002dab      0x455 ./Core/Src/gpio.o
 .debug_info    0x0000000000003200      0xd5d ./Core/Src/main.o
 .debug_info    0x0000000000003f5d      0x505 ./Core/Src/stm32f4xx_hal_msp.o
 .debug_info    0x0000000000004462      0xc44 ./Core/Src/stm32f4xx_hal_timebase_tim.o
 .debug_info    0x00000000000050a6      0x6c1 ./Core/Src/stm32f4xx_it.o
 .debug_info    0x0000000000005767      0x54a ./Core/Src/system_stm32f4xx.o
 .debug_info    0x0000000000005cb1     0x112e ./Core/Src/tim.o
 .debug_info    0x0000000000006ddf      0xb03 ./Core/Src/usart.o
 .debug_info    0x00000000000078e2       0x23 ./Core/Startup/startup_stm32f446retx.o
 .debug_info    0x0000000000007905      0x99a ./Drivers/STM32F4xx_HAL_Driver/Src/stm32f4xx_hal.o
 .debug_info    0x000000000000829f      0xd75 ./Drivers/STM32F4xx_HAL_Driver/Src/stm32f4xx_hal_cortex.o
 .debug_info    0x0000000000009014      0x70b ./Drivers/STM32F4xx_HAL_Driver/Src/stm32f4xx_hal_gpio.o
 .debug_info    0x000000000000971f      0x8ed ./Drivers/STM32F4xx_HAL_Driver/Src/stm32f4xx_hal_rcc.o
 .debug_info    0x000000000000a00c      0x956 ./Drivers/STM32F4xx_HAL_Driver/Src/stm32f4xx_hal_rcc_ex.o
 .debug_info    0x000000000000a962     0x299d ./Drivers/STM32F4xx_HAL_Driver/Src/stm32f4xx_hal_tim.o
 .debug_info    0x000000000000d2ff     0x14db ./Drivers/STM32F4xx_HAL_Driver/Src/stm32f4xx_hal_tim_ex.o
 .debug_info    0x000000000000e7da     0x2f4f ./Drivers/STM32F4xx_HAL_Driver/Src/stm32f4xx_hal_uart.o
 .debug_info    0x0000000000011729     0x21e1 ./Middlewares/Third_Party/FreeRTOS/Source/CMSIS_RTOS/cmsis_os.o
 .debug_info    0x000000000001390a      0x2af ./Middlewares/Third_Party/FreeRTOS/Source/list.o
 .debug_info    0x0000000000013bb9     0x17cd ./Middlewares/Third_Party/FreeRTOS/Source/queue.o
 .debug_info    0x0000000000015386     0x239d ./Middlewares/Third_Party/FreeRTOS/Source/tasks.o
 .debug_info    0x0000000000017723      0x4de ./Middlewares/Third_Party/FreeRTOS/Source/portable/GCC/ARM_CM4F/port.o
 .debug_info    0x0000000000017c01      0x1dd ./Middlewares/Third_Party/FreeRTOS/Source/portable/MemMang/heap_1.o

.debug_abbrev   0x0000000000000000     0x3b06
 .debug_abbrev  0x0000000000000000      0x1d9 ./Core/Src/Motor_Driver.o
 .debug_abbrev  0x00000000000001d9      0x2b1 ./Core/Src/RC_Car_App_Prg.o
 .debug_abbrev  0x000000000000048a      0x22a ./Core/Src/Ultrasonic.o
 .debug_abbrev  0x00000000000006b4      0x1eb ./Core/Src/freertos.o
 .debug_abbrev  0x000000000000089f      0x152 ./Core/Src/gpio.o
 .debug_abbrev  0x00000000000009f1      0x261 ./Core/Src/main.o
 .debug_abbrev  0x0000000000000c52      0x119 ./Core/Src/stm32f4xx_hal_msp.o
 .debug_abbrev  0x0000000000000d6b      0x1f4 ./Core/Src/stm32f4xx_hal_timebase_tim.o
 .debug_abbrev  0x0000000000000f5f      0x181 ./Core/Src/stm32f4xx_it.o
 .debug_abbrev  0x00000000000010e0      0x11a ./Core/Src/system_stm32f4xx.o
 .debug_abbrev  0x00000000000011fa      0x28b ./Core/Src/tim.o
 .debug_abbrev  0x0000000000001485      0x23b ./Core/Src/usart.o
 .debug_abbrev  0x00000000000016c0       0x12 ./Core/Startup/startup_stm32f446retx.o
 .debug_abbrev  0x00000000000016d2      0x214 ./Drivers/STM32F4xx_HAL_Driver/Src/stm32f4xx_hal.o
 .debug_abbrev  0x00000000000018e6      0x328 ./Drivers/STM32F4xx_HAL_Driver/Src/stm32f4xx_hal_cortex.o
 .debug_abbrev  0x0000000000001c0e      0x1d4 ./Drivers/STM32F4xx_HAL_Driver/Src/stm32f4xx_hal_gpio.o
 .debug_abbrev  0x0000000000001de2      0x2b6 ./Drivers/STM32F4xx_HAL_Driver/Src/stm32f4xx_hal_rcc.o
 .debug_abbrev  0x0000000000002098      0x20a ./Drivers/STM32F4xx_HAL_Driver/Src/stm32f4xx_hal_rcc_ex.o
 .debug_abbrev  0x00000000000022a2      0x278 ./Drivers/STM32F4xx_HAL_Driver/Src/stm32f4xx_hal_tim.o
 .debug_abbrev  0x000000000000251a      0x283 ./Drivers/STM32F4xx_HAL_Driver/Src/stm32f4xx_hal_tim_ex.o
 .debug_abbrev  0x000000000000279d      0x30e ./Drivers/STM32F4xx_HAL_Driver/Src/stm32f4xx_hal_uart.o
 .debug_abbrev  0x0000000000002aab      0x426 ./Middlewares/Third_Party/FreeRTOS/Source/CMSIS_RTOS/cmsis_os.o
 .debug_abbrev  0x0000000000002ed1       0xf5 ./Middlewares/Third_Party/FreeRTOS/Source/list.o
 .debug_abbrev  0x0000000000002fc6      0x3b5 ./Middlewares/Third_Party/FreeRTOS/Source/queue.o
 .debug_abbrev  0x000000000000337b      0x3d0 ./Middlewares/Third_Party/FreeRTOS/Source/tasks.o
 .debug_abbrev  0x000000000000374b      0x25c ./Middlewares/Third_Party/FreeRTOS/Source/portable/GCC/ARM_CM4F/port.o
 .debug_abbrev  0x00000000000039a7      0x15f ./Middlewares/Third_Party/FreeRTOS/Source/portable/MemMang/heap_1.o

.debug_aranges  0x0000000000000000     0x13f8
 .debug_aranges
                0x0000000000000000       0x68 ./Core/Src/Motor_Driver.o
 .debug_aranges
                0x0000000000000068       0xe8 ./Core/Src/RC_Car_App_Prg.o
 .debug_aranges
                0x0000000000000150       0x40 ./Core/Src/Ultrasonic.o
 .debug_aranges
                0x0000000000000190       0x30 ./Core/Src/freertos.o
 .debug_aranges
                0x00000000000001c0       0x20 ./Core/Src/gpio.o
 .debug_aranges
                0x00000000000001e0       0x38 ./Core/Src/main.o
 .debug_aranges
                0x0000000000000218       0x20 ./Core/Src/stm32f4xx_hal_msp.o
 .debug_aranges
                0x0000000000000238       0x30 ./Core/Src/stm32f4xx_hal_timebase_tim.o
 .debug_aranges
                0x0000000000000268       0x58 ./Core/Src/stm32f4xx_it.o
 .debug_aranges
                0x00000000000002c0       0x28 ./Core/Src/system_stm32f4xx.o
 .debug_aranges
                0x00000000000002e8       0x60 ./Core/Src/tim.o
 .debug_aranges
                0x0000000000000348       0x50 ./Core/Src/usart.o
 .debug_aranges
                0x0000000000000398       0x28 ./Core/Startup/startup_stm32f446retx.o
 .debug_aranges
                0x00000000000003c0       0xf0 ./Drivers/STM32F4xx_HAL_Driver/Src/stm32f4xx_hal.o
 .debug_aranges
                0x00000000000004b0      0x120 ./Drivers/STM32F4xx_HAL_Driver/Src/stm32f4xx_hal_cortex.o
 .debug_aranges
                0x00000000000005d0       0x58 ./Drivers/STM32F4xx_HAL_Driver/Src/stm32f4xx_hal_gpio.o
 .debug_aranges
                0x0000000000000628       0x88 ./Drivers/STM32F4xx_HAL_Driver/Src/stm32f4xx_hal_rcc.o
 .debug_aranges
                0x00000000000006b0       0x78 ./Drivers/STM32F4xx_HAL_Driver/Src/stm32f4xx_hal_rcc_ex.o
 .debug_aranges
                0x0000000000000728      0x3d0 ./Drivers/STM32F4xx_HAL_Driver/Src/stm32f4xx_hal_tim.o
 .debug_aranges
                0x0000000000000af8      0x168 ./Drivers/STM32F4xx_HAL_Driver/Src/stm32f4xx_hal_tim_ex.o
 .debug_aranges
                0x0000000000000c60      0x208 ./Drivers/STM32F4xx_HAL_Driver/Src/stm32f4xx_hal_uart.o
 .debug_aranges
                0x0000000000000e68      0x1d8 ./Middlewares/Third_Party/FreeRTOS/Source/CMSIS_RTOS/cmsis_os.o
 .debug_aranges
                0x0000000000001040       0x40 ./Middlewares/Third_Party/FreeRTOS/Source/list.o
 .debug_aranges
                0x0000000000001080      0x108 ./Middlewares/Third_Party/FreeRTOS/Source/queue.o
 .debug_aranges
                0x0000000000001188      0x1b8 ./Middlewares/Third_Party/FreeRTOS/Source/tasks.o
 .debug_aranges
                0x0000000000001340       0x80 ./Middlewares/Third_Party/FreeRTOS/Source/portable/GCC/ARM_CM4F/port.o
 .debug_aranges
                0x00000000000013c0       0x38 ./Middlewares/Third_Party/FreeRTOS/Source/portable/MemMang/heap_1.o

.debug_rnglists
                0x0000000000000000      0xf6e
 .debug_rnglists
                0x0000000000000000       0x4a ./Core/Src/Motor_Driver.o
 .debug_rnglists
                0x000000000000004a       0xb2 ./Core/Src/RC_Car_App_Prg.o
 .debug_rnglists
                0x00000000000000fc       0x2e ./Core/Src/Ultrasonic.o
 .debug_rnglists
                0x000000000000012a       0x1f ./Core/Src/freertos.o
 .debug_rnglists
                0x0000000000000149       0x14 ./Core/Src/gpio.o
 .debug_rnglists
                0x000000000000015d       0x27 ./Core/Src/main.o
 .debug_rnglists
                0x0000000000000184       0x13 ./Core/Src/stm32f4xx_hal_msp.o
 .debug_rnglists
                0x0000000000000197       0x20 ./Core/Src/stm32f4xx_hal_timebase_tim.o
 .debug_rnglists
                0x00000000000001b7       0x3d ./Core/Src/stm32f4xx_it.o
 .debug_rnglists
                0x00000000000001f4       0x1a ./Core/Src/system_stm32f4xx.o
 .debug_rnglists
                0x000000000000020e       0x49 ./Core/Src/tim.o
 .debug_rnglists
                0x0000000000000257       0x39 ./Core/Src/usart.o
 .debug_rnglists
                0x0000000000000290       0x19 ./Core/Startup/startup_stm32f446retx.o
 .debug_rnglists
                0x00000000000002a9       0xaf ./Drivers/STM32F4xx_HAL_Driver/Src/stm32f4xx_hal.o
 .debug_rnglists
                0x0000000000000358       0xd4 ./Drivers/STM32F4xx_HAL_Driver/Src/stm32f4xx_hal_cortex.o
 .debug_rnglists
                0x000000000000042c       0x3f ./Drivers/STM32F4xx_HAL_Driver/Src/stm32f4xx_hal_gpio.o
 .debug_rnglists
                0x000000000000046b       0x66 ./Drivers/STM32F4xx_HAL_Driver/Src/stm32f4xx_hal_rcc.o
 .debug_rnglists
                0x00000000000004d1       0x5e ./Drivers/STM32F4xx_HAL_Driver/Src/stm32f4xx_hal_rcc_ex.o
 .debug_rnglists
                0x000000000000052f      0x31a ./Drivers/STM32F4xx_HAL_Driver/Src/stm32f4xx_hal_tim.o
 .debug_rnglists
                0x0000000000000849      0x125 ./Drivers/STM32F4xx_HAL_Driver/Src/stm32f4xx_hal_tim_ex.o
 .debug_rnglists
                0x000000000000096e      0x1bc ./Drivers/STM32F4xx_HAL_Driver/Src/stm32f4xx_hal_uart.o
 .debug_rnglists
                0x0000000000000b2a      0x16a ./Middlewares/Third_Party/FreeRTOS/Source/CMSIS_RTOS/cmsis_os.o
 .debug_rnglists
                0x0000000000000c94       0x2b ./Middlewares/Third_Party/FreeRTOS/Source/list.o
 .debug_rnglists
                0x0000000000000cbf       0xcd ./Middlewares/Third_Party/FreeRTOS/Source/queue.o
 .debug_rnglists
                0x0000000000000d8c      0x15f ./Middlewares/Third_Party/FreeRTOS/Source/tasks.o
 .debug_rnglists
                0x0000000000000eeb       0x5d ./Middlewares/Third_Party/FreeRTOS/Source/portable/GCC/ARM_CM4F/port.o
 .debug_rnglists
                0x0000000000000f48       0x26 ./Middlewares/Third_Party/FreeRTOS/Source/portable/MemMang/heap_1.o

.debug_macro    0x0000000000000000    0x24cca
 .debug_macro   0x0000000000000000      0x1ee ./Core/Src/Motor_Driver.o
 .debug_macro   0x00000000000001ee      0xaa8 ./Core/Src/Motor_Driver.o
 .debug_macro   0x0000000000000c96      0x29b ./Core/Src/Motor_Driver.o
 .debug_macro   0x0000000000000f31       0x2e ./Core/Src/Motor_Driver.o
 .debug_macro   0x0000000000000f5f       0x28 ./Core/Src/Motor_Driver.o
 .debug_macro   0x0000000000000f87       0x22 ./Core/Src/Motor_Driver.o
 .debug_macro   0x0000000000000fa9       0x8e ./Core/Src/Motor_Driver.o
 .debug_macro   0x0000000000001037       0x51 ./Core/Src/Motor_Driver.o
 .debug_macro   0x0000000000001088      0x103 ./Core/Src/Motor_Driver.o
 .debug_macro   0x000000000000118b       0x6a ./Core/Src/Motor_Driver.o