../Core/Src/RC_Car_App_Prg.c:72:13:string_toIint	32	static
../Core/Src/RC_Car_App_Prg.c:116:6:RC_SystemInit	8	static
../Core/Src/RC_Car_App_Prg.c:150:6:T1_HandleUartReceive	24	static
../Core/Src/RC_Car_App_Prg.c:285:6:T2_SignalsAction	16	static
../Core/Src/RC_Car_App_Prg.c:481:6:T3_WhiteFrontLightFlashing	24	static
../Core/Src/RC_Car_App_Prg.c:495:6:T4_HornBeeping	24	static
../Core/Src/RC_Car_App_Prg.c:511:6:T5_ChangeGear	16	static
../Core/Src/RC_Car_App_Prg.c:536:6:T6_IncSpeed	16	static
../Core/Src/RC_Car_App_Prg.c:570:6:T7_BrakeWheel	16	static
../Core/Src/RC_Car_App_Prg.c:606:6:T8_CarMoveRight	16	static
../Core/Src/RC_Car_App_Prg.c:624:6:T9_CarMoveLeft	16	static
../Core/Src/RC_Car_App_Prg.c:643:6:T10_BreakAssistRun	16	static
../Core/Src/RC_Car_App_Prg.c:654:6:T11_RightParkRun	16	static
../Core/Src/RC_Car_App_Prg.c:674:6:T12_LeftParkRun	16	static
../Core/Src/RC_Car_App_Prg.c:695:6:T13_ParkAlgorithmRun	16	static
../Core/Src/RC_Car_App_Prg.c:764:6:T14_GetUltrasonicRead	24	static
../Core/Src/RC_Car_App_Prg.c:783:6:T15_GSMSendCurrentLocation	248	static
../Core/Src/RC_Car_App_Prg.c:834:13:Car_EngineFunc	8	static
../Core/Src/RC_Car_App_Prg.c:852:13:Car_RightSignalFunc	8	static
../Core/Src/RC_Car_App_Prg.c:858:13:Car_LeftSignalFunc	8	static
../Core/Src/RC_Car_App_Prg.c:864:13:Car_WaitSignalFunc	8	static
../Core/Src/RC_Car_App_Prg.c:877:13:Car_IdleSignalFunc	8	static
../Core/Src/RC_Car_App_Prg.c:885:13:Car_NoneSignalFunc	8	static
../Core/Src/RC_Car_App_Prg.c:925:13:Car_FlashingFunc	16	static
../Core/Src/RC_Car_App_Prg.c:942:13:Car_Gear_Func	16	static
../Core/Src/RC_Car_App_Prg.c:971:13:Car_Horn_Func	16	static
