../Core/Src/RC_Car_App_Prg.c:58:6:RC_SystemInit	8	static
../Core/Src/RC_Car_App_Prg.c:86:6:T1_UartReceive	24	static
../Core/Src/RC_Car_App_Prg.c:164:6:T2_SignalsAction	16	static
../Core/Src/RC_Car_App_Prg.c:360:6:T3_WhiteFrontLightFlashing	24	static
../Core/Src/RC_Car_App_Prg.c:374:6:T4_HornBeeping	24	static
../Core/Src/RC_Car_App_Prg.c:390:6:T5_ChangeGear	16	static
../Core/Src/RC_Car_App_Prg.c:414:6:T6_IncSpeed	16	static
../Core/Src/RC_Car_App_Prg.c:440:6:T7_BrakeWheel	16	static
../Core/Src/RC_Car_App_Prg.c:467:6:T8_CarMoveRight	16	static
../Core/Src/RC_Car_App_Prg.c:485:6:T9_CarMoveLeft	16	static
../Core/Src/RC_Car_App_Prg.c:506:13:Car_EngineFunc	8	static
../Core/Src/RC_Car_App_Prg.c:524:13:Car_RightSignalFunc	8	static
../Core/Src/RC_Car_App_Prg.c:530:13:Car_LeftSignalFunc	8	static
../Core/Src/RC_Car_App_Prg.c:536:13:Car_WaitSignalFunc	8	static
../Core/Src/RC_Car_App_Prg.c:549:13:Car_IdleSignalFunc	8	static
../Core/Src/RC_Car_App_Prg.c:557:13:Car_NoneSignalFunc	8	static
../Core/Src/RC_Car_App_Prg.c:597:13:Car_FlashingFunc	16	static
../Core/Src/RC_Car_App_Prg.c:614:13:Car_Gear_Func	16	static
../Core/Src/RC_Car_App_Prg.c:643:13:Car_Horn_Func	16	static
