Archive member included to satisfy reference by file (symbol)

E:/STM_IDE/STM32CubeIDE_1.14.1/STM32CubeIDE/plugins/com.st.stm32cube.ide.mcu.externaltools.gnu-tools-for-stm32.11.3.rel1.win32_1.1.100.202309141235/tools/bin/../lib/gcc/arm-none-eabi/11.3.1/../../../../arm-none-eabi/lib/thumb/v7e-m+fp/hard\libc_nano.a(libc_a-exit.o)
                              E:/STM_IDE/STM32CubeIDE_1.14.1/STM32CubeIDE/plugins/com.st.stm32cube.ide.mcu.externaltools.gnu-tools-for-stm32.11.3.rel1.win32_1.1.100.202309141235/tools/bin/../lib/gcc/arm-none-eabi/11.3.1/../../../../arm-none-eabi/lib/thumb/v7e-m+fp/hard/crt0.o (exit)
E:/STM_IDE/STM32CubeIDE_1.14.1/STM32CubeIDE/plugins/com.st.stm32cube.ide.mcu.externaltools.gnu-tools-for-stm32.11.3.rel1.win32_1.1.100.202309141235/tools/bin/../lib/gcc/arm-none-eabi/11.3.1/../../../../arm-none-eabi/lib/thumb/v7e-m+fp/hard\libc_nano.a(libc_a-findfp.o)
                              ./Middlewares/Third_Party/FreeRTOS/Source/tasks.o (__sf)
E:/STM_IDE/STM32CubeIDE_1.14.1/STM32CubeIDE/plugins/com.st.stm32cube.ide.mcu.externaltools.gnu-tools-for-stm32.11.3.rel1.win32_1.1.100.202309141235/tools/bin/../lib/gcc/arm-none-eabi/11.3.1/../../../../arm-none-eabi/lib/thumb/v7e-m+fp/hard\libc_nano.a(libc_a-fwalk.o)
                              E:/STM_IDE/STM32CubeIDE_1.14.1/STM32CubeIDE/plugins/com.st.stm32cube.ide.mcu.externaltools.gnu-tools-for-stm32.11.3.rel1.win32_1.1.100.202309141235/tools/bin/../lib/gcc/arm-none-eabi/11.3.1/../../../../arm-none-eabi/lib/thumb/v7e-m+fp/hard\libc_nano.a(libc_a-findfp.o) (_fwalk_sglue)
E:/STM_IDE/STM32CubeIDE_1.14.1/STM32CubeIDE/plugins/com.st.stm32cube.ide.mcu.externaltools.gnu-tools-for-stm32.11.3.rel1.win32_1.1.100.202309141235/tools/bin/../lib/gcc/arm-none-eabi/11.3.1/../../../../arm-none-eabi/lib/thumb/v7e-m+fp/hard\libc_nano.a(libc_a-stdio.o)
                              E:/STM_IDE/STM32CubeIDE_1.14.1/STM32CubeIDE/plugins/com.st.stm32cube.ide.mcu.externaltools.gnu-tools-for-stm32.11.3.rel1.win32_1.1.100.202309141235/tools/bin/../lib/gcc/arm-none-eabi/11.3.1/../../../../arm-none-eabi/lib/thumb/v7e-m+fp/hard\libc_nano.a(libc_a-findfp.o) (__sread)
E:/STM_IDE/STM32CubeIDE_1.14.1/STM32CubeIDE/plugins/com.st.stm32cube.ide.mcu.externaltools.gnu-tools-for-stm32.11.3.rel1.win32_1.1.100.202309141235/tools/bin/../lib/gcc/arm-none-eabi/11.3.1/../../../../arm-none-eabi/lib/thumb/v7e-m+fp/hard\libc_nano.a(libc_a-memset.o)
                              E:/STM_IDE/STM32CubeIDE_1.14.1/STM32CubeIDE/plugins/com.st.stm32cube.ide.mcu.externaltools.gnu-tools-for-stm32.11.3.rel1.win32_1.1.100.202309141235/tools/bin/../lib/gcc/arm-none-eabi/11.3.1/../../../../arm-none-eabi/lib/thumb/v7e-m+fp/hard/crt0.o (memset)
E:/STM_IDE/STM32CubeIDE_1.14.1/STM32CubeIDE/plugins/com.st.stm32cube.ide.mcu.externaltools.gnu-tools-for-stm32.11.3.rel1.win32_1.1.100.202309141235/tools/bin/../lib/gcc/arm-none-eabi/11.3.1/../../../../arm-none-eabi/lib/thumb/v7e-m+fp/hard\libc_nano.a(libc_a-closer.o)
                              E:/STM_IDE/STM32CubeIDE_1.14.1/STM32CubeIDE/plugins/com.st.stm32cube.ide.mcu.externaltools.gnu-tools-for-stm32.11.3.rel1.win32_1.1.100.202309141235/tools/bin/../lib/gcc/arm-none-eabi/11.3.1/../../../../arm-none-eabi/lib/thumb/v7e-m+fp/hard\libc_nano.a(libc_a-stdio.o) (_close_r)
E:/STM_IDE/STM32CubeIDE_1.14.1/STM32CubeIDE/plugins/com.st.stm32cube.ide.mcu.externaltools.gnu-tools-for-stm32.11.3.rel1.win32_1.1.100.202309141235/tools/bin/../lib/gcc/arm-none-eabi/11.3.1/../../../../arm-none-eabi/lib/thumb/v7e-m+fp/hard\libc_nano.a(libc_a-reent.o)
                              ./Middlewares/Third_Party/FreeRTOS/Source/tasks.o (_reclaim_reent)
E:/STM_IDE/STM32CubeIDE_1.14.1/STM32CubeIDE/plugins/com.st.stm32cube.ide.mcu.externaltools.gnu-tools-for-stm32.11.3.rel1.win32_1.1.100.202309141235/tools/bin/../lib/gcc/arm-none-eabi/11.3.1/../../../../arm-none-eabi/lib/thumb/v7e-m+fp/hard\libc_nano.a(libc_a-impure.o)
                              ./Middlewares/Third_Party/FreeRTOS/Source/tasks.o (_impure_ptr)
E:/STM_IDE/STM32CubeIDE_1.14.1/STM32CubeIDE/plugins/com.st.stm32cube.ide.mcu.externaltools.gnu-tools-for-stm32.11.3.rel1.win32_1.1.100.202309141235/tools/bin/../lib/gcc/arm-none-eabi/11.3.1/../../../../arm-none-eabi/lib/thumb/v7e-m+fp/hard\libc_nano.a(libc_a-lseekr.o)
                              E:/STM_IDE/STM32CubeIDE_1.14.1/STM32CubeIDE/plugins/com.st.stm32cube.ide.mcu.externaltools.gnu-tools-for-stm32.11.3.rel1.win32_1.1.100.202309141235/tools/bin/../lib/gcc/arm-none-eabi/11.3.1/../../../../arm-none-eabi/lib/thumb/v7e-m+fp/hard\libc_nano.a(libc_a-stdio.o) (_lseek_r)
E:/STM_IDE/STM32CubeIDE_1.14.1/STM32CubeIDE/plugins/com.st.stm32cube.ide.mcu.externaltools.gnu-tools-for-stm32.11.3.rel1.win32_1.1.100.202309141235/tools/bin/../lib/gcc/arm-none-eabi/11.3.1/../../../../arm-none-eabi/lib/thumb/v7e-m+fp/hard\libc_nano.a(libc_a-readr.o)
[...]
Memory Configuration

Name             Origin             Length             Attributes
RAM              0x0000000020000000 0x0000000000020000 xrw
FLASH            0x0000000008000000 0x0000000000080000 xr
*default*        0x0000000000000000 0xffffffffffffffff

Linker script and memory map

LOAD E:/STM_IDE/STM32CubeIDE_1.14.1/STM32CubeIDE/plugins/com.st.stm32cube.ide.mcu.externaltools.gnu-tools-for-stm32.11.3.rel1.win32_1.1.100.202309141235/tools/bin/../lib/gcc/arm-none-eabi/11.3.1/thumb/v7e-m+fp/hard/crti.o
LOAD E:/STM_IDE/STM32CubeIDE_1.14.1/STM32CubeIDE/plugins/com.st.stm32cube.ide.mcu.externaltools.gnu-tools-for-stm32.11.3.rel1.win32_1.1.100.202309141235/tools/bin/../lib/gcc/arm-none-eabi/11.3.1/thumb/v7e-m+fp/hard/crtbegin.o
LOAD E:/STM_IDE/STM32CubeIDE_1.14.1/STM32CubeIDE/plugins/com.st.stm32cube.ide.mcu.externaltools.gnu-tools-for-stm32.11.3.rel1.win32_1.1.100.202309141235/tools/bin/../lib/gcc/arm-none-eabi/11.3.1/../../../../arm-none-eabi/lib/thumb/v7e-m+fp/hard/crt0.o
LOAD ./Core/Src/Motor_Driver.o
LOAD ./Core/Src/RC_Car_App_Prg.o
LOAD ./Core/Src/freertos.o
LOAD ./Core/Src/gpio.o
LOAD ./Core/Src/main.o
LOAD ./Core/Src/stm32f4xx_hal_msp.o
LOAD ./Core/Src/stm32f4xx_hal_timebase_tim.o
LOAD ./Core/Src/stm32f4xx_it.o
LOAD ./Core/Src/syscalls.o
LOAD ./Core/Src/sysmem.o
LOAD ./Core/Src/system_stm32f4xx.o
LOAD ./Core/Src/tim.o
LOAD ./Core/Src/usart.o
LOAD ./Core/Startup/startup_stm32f446retx.o
LOAD ./Drivers/STM32F4xx_HAL_Driver/Src/stm32f4xx_hal.o
LOAD ./Drivers/STM32F4xx_HAL_Driver/Src/stm32f4xx_hal_cortex.o
LOAD ./Drivers/STM32F4xx_HAL_Driver/Src/stm32f4xx_hal_dma.o
LOAD ./Drivers/STM32F4xx_HAL_Driver/Src/stm32f4xx_hal_dma_ex.o
LOAD ./Drivers/STM32F4xx_HAL_Driver/Src/stm32f4xx_hal_exti.o
LOAD ./Drivers/STM32F4xx_HAL_Driver/Src/stm32f4xx_hal_flash.o
LOAD ./Drivers/STM32F4xx_HAL_Driver/Src/stm32f4xx_hal_flash_ex.o
LOAD ./Drivers/STM32F4xx_HAL_Driver/Src/stm32f4xx_hal_flash_ramfunc.o
LOAD ./Drivers/STM32F4xx_HAL_Driver/Src/stm32f4xx_hal_gpio.o
LOAD ./Drivers/STM32F4xx_HAL_Driver/Src/stm32f4xx_hal_pwr.o
LOAD ./Drivers/STM32F4xx_HAL_Driver/Src/stm32f4xx_hal_pwr_ex.o
LOAD ./Drivers/STM32F4xx_HAL_Driver/Src/stm32f4xx_hal_rcc.o
LOAD ./Drivers/STM32F4xx_HAL_Driver/Src/stm32f4xx_hal_rcc_ex.o
LOAD ./Drivers/STM32F4xx_HAL_Driver/Src/stm32f4xx_hal_tim.o
LOAD ./Drivers/STM32F4xx_HAL_Driver/Src/stm32f4xx_hal_tim_ex.o
LOAD ./Drivers/STM32F4xx_HAL_Driver/Src/stm32f4xx_hal_uart.o
LOAD ./Middlewares/Third_Party/FreeRTOS/Source/CMSIS_RTOS/cmsis_os.o
LOAD ./Middlewares/Third_Party/FreeRTOS/Source/croutine.o
LOAD ./Middlewares/Third_Party/FreeRTOS/Source/event_groups.o
LOAD ./Middlewares/Third_Party/FreeRTOS/Source/list.o
LOAD ./Middlewares/Third_Party/FreeRTOS/Source/queue.o
LOAD ./Middlewares/Third_Party/FreeRTOS/Source/stream_buffer.o
LOAD ./Middlewares/Third_Party/FreeRTOS/Source/tasks.o
LOAD ./Middlewares/Third_Party/FreeRTOS/Source/timers.o
LOAD ./Middlewares/Third_Party/FreeRTOS/Source/portable/GCC/ARM_CM4F/port.o
LOAD ./Middlewares/Third_Party/FreeRTOS/Source/portable/MemMang/heap_1.o
START GROUP
LOAD E:/STM_IDE/STM32CubeIDE_1.14.1/STM32CubeIDE/plugins/com.st.stm32cube.ide.mcu.externaltools.gnu-tools-for-stm32.11.3.rel1.win32_1.1.100.202309141235/tools/bin/../lib/gcc/arm-none-eabi/11.3.1/../../../../arm-none-eabi/lib/thumb/v7e-m+fp/hard\libc_nano.a
LOAD E:/STM_IDE/STM32CubeIDE_1.14.1/STM32CubeIDE/plugins/com.st.stm32cube.ide.mcu.externaltools.gnu-tools-for-stm32.11.3.rel1.win32_1.1.100.202309141235/tools/bin/../lib/gcc/arm-none-eabi/11.3.1/../../../../arm-none-eabi/lib/thumb/v7e-m+fp/hard\libm.a
END GROUP
START GROUP
LOAD E:/STM_IDE/STM32CubeIDE_1.14.1/STM32CubeIDE/plugins/com.st.stm32cube.ide.mcu.externaltools.gnu-tools-for-stm32.11.3.rel1.win32_1.1.100.202309141235/tools/bin/../lib/gcc/arm-none-eabi/11.3.1/thumb/v7e-m+fp/hard\libgcc.a
LOAD E:/STM_IDE/STM32CubeIDE_1.14.1/STM32CubeIDE/plugins/com.st.stm32cube.ide.mcu.externaltools.gnu-tools-for-stm32.11.3.rel1.win32_1.1.100.202309141235/tools/bin/../lib/gcc/arm-none-eabi/11.3.1/../../../../arm-none-eabi/lib/thumb/v7e-m+fp/hard\libc_nano.a
END GROUP
START GROUP
LOAD E:/STM_IDE/STM32CubeIDE_1.14.1/STM32CubeIDE/plugins/com.st.stm32cube.ide.mcu.externaltools.gnu-tools-for-stm32.11.3.rel1.win32_1.1.100.202309141235/tools/bin/../lib/gcc/arm-none-eabi/11.3.1/thumb/v7e-m+fp/hard\libgcc.a
LOAD E:/STM_IDE/STM32CubeIDE_1.14.1/STM32CubeIDE/plugins/com.st.stm32cube.ide.mcu.externaltools.gnu-tools-for-stm32.11.3.rel1.win32_1.1.100.202309141235/tools/bin/../lib/gcc/arm-none-eabi/11.3.1/../../../../arm-none-eabi/lib/thumb/v7e-m+fp/hard\libc_nano.a
LOAD E:/STM_IDE/STM32CubeIDE_1.14.1/STM32CubeIDE/plugins/com.st.stm32cube.ide.mcu.externaltools.gnu-tools-for-stm32.11.3.rel1.win32_1.1.100.202309141235/tools/bin/../lib/gcc/arm-none-eabi/11.3.1/../../../../arm-none-eabi/lib/thumb/v7e-m+fp/hard\libnosys.a
END GROUP
START GROUP
LOAD E:/STM_IDE/STM32CubeIDE_1.14.1/STM32CubeIDE/plugins/com.st.stm32cube.ide.mcu.externaltools.gnu-tools-for-stm32.11.3.rel1.win32_1.1.100.202309141235/tools/bin/../lib/gcc/arm-none-eabi/11.3.1/thumb/v7e-m+fp/hard\libgcc.a
LOAD E:/STM_IDE/STM32CubeIDE_1.14.1/STM32CubeIDE/plugins/com.st.stm32cube.ide.mcu.externaltools.gnu-tools-for-stm32.11.3.rel1.win32_1.1.100.202309141235/tools/bin/../lib/gcc/arm-none-eabi/11.3.1/../../../../arm-none-eabi/lib/thumb/v7e-m+fp/hard\libc_nano.a
LOAD E:/STM_IDE/STM32CubeIDE_1.14.1/STM32CubeIDE/plugins/com.st.stm32cube.ide.mcu.externaltools.gnu-tools-for-stm32.11.3.rel1.win32_1.1.100.202309141235/tools/bin/../lib/gcc/arm-none-eabi/11.3.1/../../../../arm-none-eabi/lib/thumb/v7e-m+fp/hard\libnosys.a
END GROUP
LOAD E:/STM_IDE/STM32CubeIDE_1.14.1/STM32CubeIDE/plugins/com.st.stm32cube.ide.mcu.externaltools.gnu-tools-for-stm32.11.3.rel1.win32_1.1.100.202309141235/tools/bin/../lib/gcc/arm-none-eabi/11.3.1/thumb/v7e-m+fp/hard/crtend.o
LOAD E:/STM_IDE/STM32CubeIDE_1.14.1/STM32CubeIDE/plugins/com.st.stm32cube.ide.mcu.externaltools.gnu-tools-for-stm32.11.3.rel1.win32_1.1.100.202309141235/tools/bin/../lib/gcc/arm-none-eabi/11.3.1/thumb/v7e-m+fp/hard/crtn.o
                0x0000000020020000                _estack = (ORIGIN (RAM) + LENGTH (RAM))
                0x0000000000000200                _Min_Heap_Size = 0x200
                0x0000000000000400                _Min_Stack_Size = 0x400

.isr_vector     0x0000000008000000      0x1c4
                0x0000000008000000                . = ALIGN (0x4)
 *(.isr_vector)
 .isr_vector    0x0000000008000000      0x1c4 ./Core/Startup/startup_stm32f446retx.o
                0x0000000008000000                g_pfnVectors
                0x00000000080001c4                . = ALIGN (0x4)

.text           0x00000000080001d0     0x7050
                0x00000000080001d0                . = ALIGN (0x4)
 *(.text)
 .text          0x00000000080001d0       0x40 E:/STM_IDE/STM32CubeIDE_1.14.1/STM32CubeIDE/plugins/com.st.stm32cube.ide.mcu.externaltools.gnu-tools-for-stm32.11.3.rel1.win32_1.1.100.202309141235/tools/bin/../lib/gcc/arm-none-eabi/11.3.1/thumb/v7e-m+fp/hard/crtbegin.o
 .text          0x0000000008000210       0x30 E:/STM_IDE/STM32CubeIDE_1.14.1/STM32CubeIDE/plugins/com.st.stm32cube.ide.mcu.externaltools.gnu-tools-for-stm32.11.3.rel1.win32_1.1.100.202309141235/tools/bin/../lib/gcc/arm-none-eabi/11.3.1/thumb/v7e-m+fp/hard\libgcc.a(_aeabi_uldivmod.o)
                0x0000000008000210                __aeabi_uldivmod
 .text          0x0000000008000240      0x2c8 E:/STM_IDE/STM32CubeIDE_1.14.1/STM32CubeIDE/plugins/com.st.stm32cube.ide.mcu.externaltools.gnu-tools-for-stm32.11.3.rel1.win32_1.1.100.202309141235/tools/bin/../lib/gcc/arm-none-eabi/11.3.1/thumb/v7e-m+fp/hard\libgcc.a(_udivmoddi4.o)
                0x0000000008000240                __udivmoddi4
 .text          0x0000000008000508        0x4 E:/STM_IDE/STM32CubeIDE_1.14.1/STM32CubeIDE/plugins/com.st.stm32cube.ide.mcu.externaltools.gnu-tools-for-stm32.11.3.rel1.win32_1.1.100.202309141235/tools/bin/../lib/gcc/arm-none-eabi/11.3.1/thumb/v7e-m+fp/hard\libgcc.a(_dvmd_tls.o)
                0x0000000008000508                __aeabi_idiv0
                0x0000000008000508                __aeabi_ldiv0
 *(.text*)
 .text.HAL_DC_Motors_Forward
                0x000000000800050c       0x24 ./Core/Src/Motor_Driver.o
                0x000000000800050c                HAL_DC_Motors_Forward
 .text.HAL_DC_Motors_Backword
                0x0000000008000530       0x24 ./Core/Src/Motor_Driver.o
                0x0000000008000530                HAL_DC_Motors_Backword
 .text.HAL_DC_Motors_Stop
                0x0000000008000554       0x24 ./Core/Src/Motor_Driver.o
                0x0000000008000554                HAL_DC_Motors_Stop
 .text.HAL_DC_Motor_Init
                0x0000000008000578       0x14 ./Core/Src/Motor_Driver.o
                0x0000000008000578                HAL_DC_Motor_Init
 .text.HAL_DC_Motors_Set_Speed
                0x000000000800058c       0x24 ./Core/Src/Motor_Driver.o
                0x000000000800058c                HAL_DC_Motors_Set_Speed
 .text.HAL_ServoMotor_Init
                0x00000000080005b0       0x14 ./Core/Src/Motor_Driver.o
                0x00000000080005b0                HAL_ServoMotor_Init
 .text.HAL_ServoMotor_Set_Angel
                0x00000000080005c4       0xa4 ./Core/Src/Motor_Driver.o
                0x00000000080005c4                HAL_ServoMotor_Set_Angel
 .text.RC_SystemInit
                0x0000000008000668      0x108 ./Core/Src/RC_Car_App_Prg.o
                0x0000000008000668                RC_SystemInit
 .text.T1_UartReceive
                0x0000000008000770      0x254 ./Core/Src/RC_Car_App_Prg.o
                0x0000000008000770                T1_UartReceive
 .text.T2_SignalsAction
                0x00000000080009c4      0x2a8 ./Core/Src/RC_Car_App_Prg.o
                0x00000000080009c4                T2_SignalsAction
 .text.T3_WhiteFrontLightFlashing
                0x0000000008000c6c       0x38 ./Core/Src/RC_Car_App_Prg.o
                0x0000000008000c6c                T3_WhiteFrontLightFlashing
 .text.T4_HornBeeping
                0x0000000008000ca4       0x38 ./Core/Src/RC_Car_App_Prg.o
                0x0000000008000ca4                T4_HornBeeping
 .text.T5_ChangeGear
                0x0000000008000cdc       0x58 ./Core/Src/RC_Car_App_Prg.o
                0x0000000008000cdc                T5_ChangeGear
 .text.T6_IncSpeed
                0x0000000008000d34       0x6c ./Core/Src/RC_Car_App_Prg.o
                0x0000000008000d34                T6_IncSpeed
 .text.T7_BrakeWheel
                0x0000000008000da0       0x6c ./Core/Src/RC_Car_App_Prg.o
                0x0000000008000da0                T7_BrakeWheel
 .text.T8_CarMoveRight
                0x0000000008000e0c       0x54 ./Core/Src/RC_Car_App_Prg.o
                0x0000000008000e0c                T8_CarMoveRight
 .text.T9_CarMoveLeft
                0x0000000008000e60       0x58 ./Core/Src/RC_Car_App_Prg.o
                0x0000000008000e60                T9_CarMoveLeft
 .text.Car_EngineFunc
                0x0000000008000eb8       0x40 ./Core/Src/RC_Car_App_Prg.o
 .text.Car_RightSignalFunc
                0x0000000008000ef8       0x24 ./Core/Src/RC_Car_App_Prg.o
 .text.Car_LeftSignalFunc
                0x0000000008000f1c       0x24 ./Core/Src/RC_Car_App_Prg.o
 .text.Car_WaitSignalFunc
                0x0000000008000f40       0x4c ./Core/Src/RC_Car_App_Prg.o
 .text.Car_IdleSignalFunc
                0x0000000008000f8c       0x24 ./Core/Src/RC_Car_App_Prg.o
 .text.Car_NoneSignalFunc
                0x0000000008000fb0       0x80 ./Core/Src/RC_Car_App_Prg.o
 .text.Car_FlashingFunc
                0x0000000008001030       0x3c ./Core/Src/RC_Car_App_Prg.o
 .text.Car_Gear_Func
                0x000000000800106c       0x70 ./Core/Src/RC_Car_App_Prg.o
 .text.Car_Horn_Func
                0x00000000080010dc       0x38 ./Core/Src/RC_Car_App_Prg.o
 .text.vApplicationGetIdleTaskMemory
                0x0000000008001114       0x34 ./Core/Src/freertos.o
                0x0000000008001114                vApplicationGetIdleTaskMemory
 .text.MX_FREERTOS_Init
                0x0000000008001148       0x38 ./Core/Src/freertos.o
                0x0000000008001148                MX_FREERTOS_Init
 .text.StartDefaultTask
                0x0000000008001180       0x10 ./Core/Src/freertos.o
                0x0000000008001180                StartDefaultTask
 .text.MX_GPIO_Init
                0x0000000008001190      0x168 ./Core/Src/gpio.o
                0x0000000008001190                MX_GPIO_Init
 .text.main     0x00000000080012f8      0x140 ./Core/Src/main.o
                0x00000000080012f8                main
 .text.SystemClock_Config
                0x0000000008001438       0xbc ./Core/Src/main.o
                0x0000000008001438                SystemClock_Config
 .text.HAL_TIM_PeriodElapsedCallback
                0x00000000080014f4       0x24 ./Core/Src/main.o
                0x00000000080014f4                HAL_TIM_PeriodElapsedCallback
 .text.Error_Handler
                0x0000000008001518        0xa ./Core/Src/main.o
                0x0000000008001518                Error_Handler
 *fill*         0x0000000008001522        0x2 
 .text.HAL_MspInit
                0x0000000008001524       0x58 ./Core/Src/stm32f4xx_hal_msp.o
                0x0000000008001524                HAL_MspInit
 .text.HAL_InitTick
                0x000000000800157c       0xf8 ./Core/Src/stm32f4xx_hal_timebase_tim.o
                0x000000000800157c                HAL_InitTick
 .text.NMI_Handler
                0x0000000008001674        0x6 ./Core/Src/stm32f4xx_it.o
                0x0000000008001674                NMI_Handler
 .text.HardFault_Handler
                0x000000000800167a        0x6 ./Core/Src/stm32f4xx_it.o
                0x000000000800167a                HardFault_Handler
 .text.MemManage_Handler
                0x0000000008001680        0x6 ./Core/Src/stm32f4xx_it.o
                0x0000000008001680                MemManage_Handler
 .text.BusFault_Handler
                0x0000000008001686        0x6 ./Core/Src/stm32f4xx_it.o
                0x0000000008001686                BusFault_Handler
 .text.UsageFault_Handler
                0x000000000800168c        0x6 ./Core/Src/stm32f4xx_it.o
                0x000000000800168c                UsageFault_Handler
 .text.DebugMon_Handler
                0x0000000008001692        0xe ./Core/Src/stm32f4xx_it.o
                0x0000000008001692                DebugMon_Handler
 .text.TIM1_CC_IRQHandler
                0x00000000080016a0       0x14 ./Core/Src/stm32f4xx_it.o
                0x00000000080016a0                TIM1_CC_IRQHandler
 .text.TIM8_TRG_COM_TIM14_IRQHandler
                0x00000000080016b4       0x14 ./Core/Src/stm32f4xx_it.o
                0x00000000080016b4                TIM8_TRG_COM_TIM14_IRQHandler
 .text.SystemInit
                0x00000000080016c8       0x24 ./Core/Src/system_stm32f4xx.o
                0x00000000080016c8                SystemInit
 .text.MX_TIM1_Init
                0x00000000080016ec       0xf0 ./Core/Src/tim.o
                0x00000000080016ec                MX_TIM1_Init
 .text.MX_TIM2_Init
                0x00000000080017dc       0xbc ./Core/Src/tim.o
                0x00000000080017dc                MX_TIM2_Init
 .text.MX_TIM3_Init
                0x0000000008001898       0xec ./Core/Src/tim.o
                0x0000000008001898                MX_TIM3_Init
 .text.MX_TIM4_Init
                0x0000000008001984       0xec ./Core/Src/tim.o
                0x0000000008001984                MX_TIM4_Init
 .text.HAL_TIM_IC_MspInit
                0x0000000008001a70      0x108 ./Core/Src/tim.o
                0x0000000008001a70                HAL_TIM_IC_MspInit
 .text.HAL_TIM_Base_MspInit
                0x0000000008001b78       0x70 ./Core/Src/tim.o
                0x0000000008001b78                HAL_TIM_Base_MspInit
 .text.HAL_TIM_MspPostInit
                0x0000000008001be8       0xc4 ./Core/Src/tim.o
                0x0000000008001be8                HAL_TIM_MspPostInit
 .text.MX_UART4_Init
                0x0000000008001cac       0x54 ./Core/Src/usart.o
                0x0000000008001cac                MX_UART4_Init
 .text.MX_UART5_Init
                0x0000000008001d00       0x54 ./Core/Src/usart.o
                0x0000000008001d00                MX_UART5_Init
 .text.MX_USART2_UART_Init
                0x0000000008001d54       0x54 ./Core/Src/usart.o
                0x0000000008001d54                MX_USART2_UART_Init
 .text.MX_USART3_UART_Init
                0x0000000008001da8       0x54 ./Core/Src/usart.o
                0x0000000008001da8                MX_USART3_UART_Init
 .text.MX_USART6_UART_Init
                0x0000000008001dfc       0x54 ./Core/Src/usart.o
                0x0000000008001dfc                MX_USART6_UART_Init
 .text.HAL_UART_MspInit
                0x0000000008001e50      0x2b8 ./Core/Src/usart.o
                0x0000000008001e50                HAL_UART_MspInit
 .text.Reset_Handler
                0x0000000008002108       0x50 ./Core/Startup/startup_stm32f446retx.o
                0x0000000008002108                Reset_Handler
 .text.Default_Handler
                0x0000000008002158        0x2 ./Core/Startup/startup_stm32f446retx.o
                0x0000000008002158                RTC_Alarm_IRQHandler
                0x0000000008002158                EXTI2_IRQHandler
                0x0000000008002158                TIM8_CC_IRQHandler
                0x0000000008002158                FMPI2C1_EV_IRQHandler
                0x0000000008002158                SPI4_IRQHandler
                0x0000000008002158                DMA2_Stream5_IRQHandler
                0x0000000008002158                DMA1_Stream5_IRQHandler
                0x0000000008002158                PVD_IRQHandler
                0x0000000008002158                SDIO_IRQHandler
                0x0000000008002158                TAMP_STAMP_IRQHandler
                0x0000000008002158                CAN2_RX1_IRQHandler
                0x0000000008002158                EXTI3_IRQHandler
                0x0000000008002158                TIM1_UP_TIM10_IRQHandler
                0x0000000008002158                TIM8_UP_TIM13_IRQHandler
                0x0000000008002158                I2C3_ER_IRQHandler
                0x0000000008002158                EXTI0_IRQHandler
                0x0000000008002158                I2C2_EV_IRQHandler
                0x0000000008002158                DMA1_Stream2_IRQHandler
                0x0000000008002158                CAN1_RX0_IRQHandler
                0x0000000008002158                FPU_IRQHandler
                0x0000000008002158                OTG_HS_WKUP_IRQHandler
                0x0000000008002158                CAN2_SCE_IRQHandler
                0x0000000008002158                DMA2_Stream2_IRQHandler
                0x0000000008002158                SPI1_IRQHandler
                0x0000000008002158                TIM6_DAC_IRQHandler
                0x0000000008002158                TIM1_BRK_TIM9_IRQHandler
                0x0000000008002158                DCMI_IRQHandler
                0x0000000008002158                CAN2_RX0_IRQHandler
                0x0000000008002158                DMA2_Stream3_IRQHandler
                0x0000000008002158                SAI2_IRQHandler
                0x0000000008002158                USART6_IRQHandler
                0x0000000008002158                USART3_IRQHandler
                0x0000000008002158                CAN1_RX1_IRQHandler
                0x0000000008002158                UART5_IRQHandler
                0x0000000008002158                DMA2_Stream0_IRQHandler
                0x0000000008002158                TIM4_IRQHandler
                0x0000000008002158                QUADSPI_IRQHandler
                0x0000000008002158                I2C1_EV_IRQHandler
                0x0000000008002158                DMA1_Stream6_IRQHandler
                0x0000000008002158                DMA1_Stream1_IRQHandler
                0x0000000008002158                UART4_IRQHandler
                0x0000000008002158                TIM3_IRQHandler
                0x0000000008002158                RCC_IRQHandler
                0x0000000008002158                TIM8_BRK_TIM12_IRQHandler
                0x0000000008002158                Default_Handler
                0x0000000008002158                CEC_IRQHandler
                0x0000000008002158                EXTI15_10_IRQHandler
                0x0000000008002158                ADC_IRQHandler
                0x0000000008002158                DMA1_Stream7_IRQHandler
                0x0000000008002158                TIM7_IRQHandler
                0x0000000008002158                CAN2_TX_IRQHandler
                0x0000000008002158                TIM5_IRQHandler
                0x0000000008002158                DMA2_Stream7_IRQHandler
                0x0000000008002158                I2C3_EV_IRQHandler
                0x0000000008002158                EXTI9_5_IRQHandler
                0x0000000008002158                RTC_WKUP_IRQHandler
                0x0000000008002158                SPDIF_RX_IRQHandler
                0x0000000008002158                SPI2_IRQHandler
                0x0000000008002158                OTG_HS_EP1_IN_IRQHandler
                0x0000000008002158                DMA1_Stream0_IRQHandler
                0x0000000008002158                CAN1_TX_IRQHandler
                0x0000000008002158                FMPI2C1_ER_IRQHandler
                0x0000000008002158                EXTI4_IRQHandler
                0x0000000008002158                OTG_HS_EP1_OUT_IRQHandler
                0x0000000008002158                WWDG_IRQHandler
                0x0000000008002158                TIM2_IRQHandler
                0x0000000008002158                OTG_FS_WKUP_IRQHandler
                0x0000000008002158                TIM1_TRG_COM_TIM11_IRQHandler
                0x0000000008002158                OTG_HS_IRQHandler
                0x0000000008002158                EXTI1_IRQHandler
                0x0000000008002158                USART2_IRQHandler
                0x0000000008002158                I2C2_ER_IRQHandler
                0x0000000008002158                DMA2_Stream1_IRQHandler
                0x0000000008002158                CAN1_SCE_IRQHandler
                0x0000000008002158                FLASH_IRQHandler
                0x0000000008002158                DMA2_Stream4_IRQHandler
                0x0000000008002158                USART1_IRQHandler
                0x0000000008002158                OTG_FS_IRQHandler
                0x0000000008002158                SPI3_IRQHandler
                0x0000000008002158                DMA1_Stream4_IRQHandler
                0x0000000008002158                I2C1_ER_IRQHandler
                0x0000000008002158                FMC_IRQHandler
                0x0000000008002158                DMA2_Stream6_IRQHandler
                0x0000000008002158                SAI1_IRQHandler
                0x0000000008002158                DMA1_Stream3_IRQHandler
 *fill*         0x000000000800215a        0x2 
 .text.HAL_Init
                0x000000000800215c       0x44 ./Drivers/STM32F4xx_HAL_Driver/Src/stm32f4xx_hal.o
                0x000000000800215c                HAL_Init
 .text.HAL_IncTick
                0x00000000080021a0       0x28 ./Drivers/STM32F4xx_HAL_Driver/Src/stm32f4xx_hal.o
                0x00000000080021a0                HAL_IncTick
 .text.HAL_GetTick
                0x00000000080021c8       0x18 ./Drivers/STM32F4xx_HAL_Driver/Src/stm32f4xx_hal.o
                0x00000000080021c8                HAL_GetTick
 .text.__NVIC_SetPriorityGrouping
                0x00000000080021e0       0x48 ./Drivers/STM32F4xx_HAL_Driver/Src/stm32f4xx_hal_cortex.o
 .text.__NVIC_GetPriorityGrouping
                0x0000000008002228       0x1c ./Drivers/STM32F4xx_HAL_Driver/Src/stm32f4xx_hal_cortex.o
 .text.__NVIC_EnableIRQ
                0x0000000008002244       0x3c ./Drivers/STM32F4xx_HAL_Driver/Src/stm32f4xx_hal_cortex.o
 .text.__NVIC_SetPriority
                0x0000000008002280       0x54 ./Drivers/STM32F4xx_HAL_Driver/Src/stm32f4xx_hal_cortex.o
 .text.NVIC_EncodePriority
                0x00000000080022d4       0x66 ./Drivers/STM32F4xx_HAL_Driver/Src/stm32f4xx_hal_cortex.o
 .text.HAL_NVIC_SetPriorityGrouping
                0x000000000800233a       0x16 ./Drivers/STM32F4xx_HAL_Driver/Src/stm32f4xx_hal_cortex.o
                0x000000000800233a                HAL_NVIC_SetPriorityGrouping
 .text.HAL_NVIC_SetPriority
                0x0000000008002350       0x38 ./Drivers/STM32F4xx_HAL_Driver/Src/stm32f4xx_hal_cortex.o
                0x0000000008002350                HAL_NVIC_SetPriority
 .text.HAL_NVIC_EnableIRQ
                0x0000000008002388       0x1c ./Drivers/STM32F4xx_HAL_Driver/Src/stm32f4xx_hal_cortex.o
                0x0000000008002388                HAL_NVIC_EnableIRQ
 .text.HAL_GPIO_Init
                0x00000000080023a4      0x328 ./Drivers/STM32F4xx_HAL_Driver/Src/stm32f4xx_hal_gpio.o
                0x00000000080023a4                HAL_GPIO_Init
 .text.HAL_GPIO_WritePin
                0x00000000080026cc       0x32 ./Drivers/STM32F4xx_HAL_Driver/Src/stm32f4xx_hal_gpio.o
                0x00000000080026cc                HAL_GPIO_WritePin
 .text.HAL_GPIO_TogglePin
                0x00000000080026fe       0x34 ./Drivers/STM32F4xx_HAL_Driver/Src/stm32f4xx_hal_gpio.o
                0x00000000080026fe                HAL_GPIO_TogglePin
 *fill*         0x0000000008002732        0x2 
 .text.HAL_RCC_ClockConfig
                0x0000000008002734      0x1cc ./Drivers/STM32F4xx_HAL_Driver/Src/stm32f4xx_hal_rcc.o
                0x0000000008002734                HAL_RCC_ClockConfig
 .text.HAL_RCC_GetHCLKFreq
                0x0000000008002900       0x18 ./Drivers/STM32F4xx_HAL_Driver/Src/stm32f4xx_hal_rcc.o
                0x0000000008002900                HAL_RCC_GetHCLKFreq
 .text.HAL_RCC_GetPCLK1Freq
                0x0000000008002918       0x28 ./Drivers/STM32F4xx_HAL_Driver/Src/stm32f4xx_hal_rcc.o
                0x0000000008002918                HAL_RCC_GetPCLK1Freq
 .text.HAL_RCC_GetPCLK2Freq
                0x0000000008002940       0x28 ./Drivers/STM32F4xx_HAL_Driver/Src/stm32f4xx_hal_rcc.o
                0x0000000008002940                HAL_RCC_GetPCLK2Freq
 .text.HAL_RCC_GetClockConfig
                0x0000000008002968       0x64 ./Drivers/STM32F4xx_HAL_Driver/Src/stm32f4xx_hal_rcc.o
                0x0000000008002968                HAL_RCC_GetClockConfig
 .text.HAL_RCC_GetSysClockFreq
                0x00000000080029cc      0x460 ./Drivers/STM32F4xx_HAL_Driver/Src/stm32f4xx_hal_rcc_ex.o
                0x00000000080029cc                HAL_RCC_GetSysClockFreq
 .text.HAL_RCC_OscConfig
                0x0000000008002e2c      0x53c ./Drivers/STM32F4xx_HAL_Driver/Src/stm32f4xx_hal_rcc_ex.o
                0x0000000008002e2c                HAL_RCC_OscConfig
 .text.HAL_TIM_Base_Init
                0x0000000008003368       0x9e ./Drivers/STM32F4xx_HAL_Driver/Src/stm32f4xx_hal_tim.o
                0x0000000008003368                HAL_TIM_Base_Init
 *fill*         0x0000000008003406        0x2 
 .text.HAL_TIM_Base_Start_IT
                0x0000000008003408       0xe0 ./Drivers/STM32F4xx_HAL_Driver/Src/stm32f4xx_hal_tim.o
                0x0000000008003408                HAL_TIM_Base_Start_IT
 .text.HAL_TIM_PWM_Init
                0x00000000080034e8       0x9e ./Drivers/STM32F4xx_HAL_Driver/Src/stm32f4xx_hal_tim.o
                0x00000000080034e8                HAL_TIM_PWM_Init
 .text.HAL_TIM_PWM_MspInit
                0x0000000008003586       0x14 ./Drivers/STM32F4xx_HAL_Driver/Src/stm32f4xx_hal_tim.o
                0x0000000008003586                HAL_TIM_PWM_MspInit
 *fill*         0x000000000800359a        0x2 
 .text.HAL_TIM_PWM_Start
                0x000000000800359c      0x190 ./Drivers/STM32F4xx_HAL_Driver/Src/stm32f4xx_hal_tim.o
                0x000000000800359c                HAL_TIM_PWM_Start
 .text.HAL_TIM_IC_Init
                0x000000000800372c       0x9e ./Drivers/STM32F4xx_HAL_Driver/Src/stm32f4xx_hal_tim.o
                0x000000000800372c                HAL_TIM_IC_Init
 .text.HAL_TIM_IRQHandler
                0x00000000080037ca      0x1e0 ./Drivers/STM32F4xx_HAL_Driver/Src/stm32f4xx_hal_tim.o
                0x00000000080037ca                HAL_TIM_IRQHandler
 .text.HAL_TIM_IC_ConfigChannel
                0x00000000080039aa      0x138 ./Drivers/STM32F4xx_HAL_Driver/Src/stm32f4xx_hal_tim.o
                0x00000000080039aa                HAL_TIM_IC_ConfigChannel
 *fill*         0x0000000008003ae2        0x2 
 .text.HAL_TIM_PWM_ConfigChannel
                0x0000000008003ae4      0x184 ./Drivers/STM32F4xx_HAL_Driver/Src/stm32f4xx_hal_tim.o
                0x0000000008003ae4                HAL_TIM_PWM_ConfigChannel
 .text.HAL_TIM_ConfigClockSource
                0x0000000008003c68      0x18e ./Drivers/STM32F4xx_HAL_Driver/Src/stm32f4xx_hal_tim.o
                0x0000000008003c68                HAL_TIM_ConfigClockSource
 .text.HAL_TIM_OC_DelayElapsedCallback
                0x0000000008003df6       0x14 ./Drivers/STM32F4xx_HAL_Driver/Src/stm32f4xx_hal_tim.o
                0x0000000008003df6                HAL_TIM_OC_DelayElapsedCallback
 .text.HAL_TIM_IC_CaptureCallback
                0x0000000008003e0a       0x14 ./Drivers/STM32F4xx_HAL_Driver/Src/stm32f4xx_hal_tim.o
                0x0000000008003e0a                HAL_TIM_IC_CaptureCallback
 .text.HAL_TIM_PWM_PulseFinishedCallback
                0x0000000008003e1e       0x14 ./Drivers/STM32F4xx_HAL_Driver/Src/stm32f4xx_hal_tim.o
                0x0000000008003e1e                HAL_TIM_PWM_PulseFinishedCallback
 .text.HAL_TIM_TriggerCallback
                0x0000000008003e32       0x14 ./Drivers/STM32F4xx_HAL_Driver/Src/stm32f4xx_hal_tim.o
                0x0000000008003e32                HAL_TIM_TriggerCallback
 *fill*         0x0000000008003e46        0x2 
 .text.TIM_Base_SetConfig
                0x0000000008003e48      0x158 ./Drivers/STM32F4xx_HAL_Driver/Src/stm32f4xx_hal_tim.o
                0x0000000008003e48                TIM_Base_SetConfig
 .text.TIM_OC1_SetConfig
                0x0000000008003fa0       0xe0 ./Drivers/STM32F4xx_HAL_Driver/Src/stm32f4xx_hal_tim.o
 .text.TIM_OC2_SetConfig
                0x0000000008004080       0xec ./Drivers/STM32F4xx_HAL_Driver/Src/stm32f4xx_hal_tim.o
                0x0000000008004080                TIM_OC2_SetConfig
 .text.TIM_OC3_SetConfig
                0x000000000800416c       0xe8 ./Drivers/STM32F4xx_HAL_Driver/Src/stm32f4xx_hal_tim.o
 .text.TIM_OC4_SetConfig
                0x0000000008004254       0xac ./Drivers/STM32F4xx_HAL_Driver/Src/stm32f4xx_hal_tim.o
 .text.TIM_TI1_SetConfig
                0x0000000008004300       0xe8 ./Drivers/STM32F4xx_HAL_Driver/Src/stm32f4xx_hal_tim.o
                0x0000000008004300                TIM_TI1_SetConfig
 .text.TIM_TI1_ConfigInputStage
                0x00000000080043e8       0x5e ./Drivers/STM32F4xx_HAL_Driver/Src/stm32f4xx_hal_tim.o
 .text.TIM_TI2_SetConfig
                0x0000000008004446       0x7a ./Drivers/STM32F4xx_HAL_Driver/Src/stm32f4xx_hal_tim.o
 .text.TIM_TI2_ConfigInputStage
                0x00000000080044c0       0x60 ./Drivers/STM32F4xx_HAL_Driver/Src/stm32f4xx_hal_tim.o
 .text.TIM_TI3_SetConfig
                0x0000000008004520       0x78 ./Drivers/STM32F4xx_HAL_Driver/Src/stm32f4xx_hal_tim.o
 .text.TIM_TI4_SetConfig
                0x0000000008004598       0x7a ./Drivers/STM32F4xx_HAL_Driver/Src/stm32f4xx_hal_tim.o
 .text.TIM_ITRx_SetConfig
                0x0000000008004612       0x36 ./Drivers/STM32F4xx_HAL_Driver/Src/stm32f4xx_hal_tim.o
 .text.TIM_ETR_SetConfig
                0x0000000008004648       0x40 ./Drivers/STM32F4xx_HAL_Driver/Src/stm32f4xx_hal_tim.o
                0x0000000008004648                TIM_ETR_SetConfig
 .text.TIM_CCxChannelCmd
                0x0000000008004688       0x4a ./Drivers/STM32F4xx_HAL_Driver/Src/stm32f4xx_hal_tim.o
                0x0000000008004688                TIM_CCxChannelCmd
 *fill*         0x00000000080046d2        0x2 
 .text.HAL_TIMEx_MasterConfigSynchronization
                0x00000000080046d4       0xf8 ./Drivers/STM32F4xx_HAL_Driver/Src/stm32f4xx_hal_tim_ex.o
                0x00000000080046d4                HAL_TIMEx_MasterConfigSynchronization
 .text.HAL_TIMEx_CommutCallback
                0x00000000080047cc       0x14 ./Drivers/STM32F4xx_HAL_Driver/Src/stm32f4xx_hal_tim_ex.o
                0x00000000080047cc                HAL_TIMEx_CommutCallback
 .text.HAL_TIMEx_BreakCallback
                0x00000000080047e0       0x14 ./Drivers/STM32F4xx_HAL_Driver/Src/stm32f4xx_hal_tim_ex.o
                0x00000000080047e0                HAL_TIMEx_BreakCallback
 .text.HAL_UART_Init
                0x00000000080047f4       0xa0 ./Drivers/STM32F4xx_HAL_Driver/Src/stm32f4xx_hal_uart.o
                0x00000000080047f4                HAL_UART_Init
 .text.HAL_UART_Transmit
                0x0000000008004894      0x116 ./Drivers/STM32F4xx_HAL_Driver/Src/stm32f4xx_hal_uart.o
                0x0000000008004894                HAL_UART_Transmit
 .text.HAL_UART_Receive
                0x00000000080049aa      0x12e ./Drivers/STM32F4xx_HAL_Driver/Src/stm32f4xx_hal_uart.o
                0x00000000080049aa                HAL_UART_Receive
 .text.UART_WaitOnFlagUntilTimeout
                0x0000000008004ad8       0xb2 ./Drivers/STM32F4xx_HAL_Driver/Src/stm32f4xx_hal_uart.o
 .text.UART_EndRxTransfer
                0x0000000008004b8a       0xc6 ./Drivers/STM32F4xx_HAL_Driver/Src/stm32f4xx_hal_uart.o
 .text.UART_SetConfig
                0x0000000008004c50      0x4e8 ./Drivers/STM32F4xx_HAL_Driver/Src/stm32f4xx_hal_uart.o
 .text.makeFreeRtosPriority
                0x0000000008005138       0x30 ./Middlewares/Third_Party/FreeRTOS/Source/CMSIS_RTOS/cmsis_os.o
 .text.osKernelStart
                0x0000000008005168        0xe ./Middlewares/Third_Party/FreeRTOS/Source/CMSIS_RTOS/cmsis_os.o
                0x0000000008005168                osKernelStart
 .text.osThreadCreate
                0x0000000008005176       0x98 ./Middlewares/Third_Party/FreeRTOS/Source/CMSIS_RTOS/cmsis_os.o
                0x0000000008005176                osThreadCreate
 .text.osDelay  0x000000000800520e       0x28 ./Middlewares/Third_Party/FreeRTOS/Source/CMSIS_RTOS/cmsis_os.o
                0x000000000800520e                osDelay
 .text.vListInitialise
                0x0000000008005236       0x40 ./Middlewares/Third_Party/FreeRTOS/Source/list.o
                0x0000000008005236                vListInitialise
 .text.vListInitialiseItem
                0x0000000008005276       0x1a ./Middlewares/Third_Party/FreeRTOS/Source/list.o
                0x0000000008005276                vListInitialiseItem
 .text.vListInsertEnd
                0x0000000008005290       0x48 ./Middlewares/Third_Party/FreeRTOS/Source/list.o
                0x0000000008005290                vListInsertEnd
 .text.vListInsert
                0x00000000080052d8       0x72 ./Middlewares/Third_Party/FreeRTOS/Source/list.o
                0x00000000080052d8                vListInsert
 .text.uxListRemove
                0x000000000800534a       0x54 ./Middlewares/Third_Party/FreeRTOS/Source/list.o
                0x000000000800534a                uxListRemove
 *fill*         0x000000000800539e        0x2 
 .text.xQueueGenericReset
                0x00000000080053a0       0xd0 ./Middlewares/Third_Party/FreeRTOS/Source/queue.o
                0x00000000080053a0                xQueueGenericReset
 .text.xQueueGenericCreate
                0x0000000008005470       0x74 ./Middlewares/Third_Party/FreeRTOS/Source/queue.o
                0x0000000008005470                xQueueGenericCreate
 .text.prvInitialiseNewQueue
                0x00000000080054e4       0x3e ./Middlewares/Third_Party/FreeRTOS/Source/queue.o
 *fill*         0x0000000008005522        0x2 
 .text.xQueueGenericSend
                0x0000000008005524      0x1fc ./Middlewares/Third_Party/FreeRTOS/Source/queue.o
                0x0000000008005524                xQueueGenericSend
 .text.xQueueSemaphoreTake
                0x0000000008005720      0x218 ./Middlewares/Third_Party/FreeRTOS/Source/queue.o
                0x0000000008005720                xQueueSemaphoreTake
 .text.prvGetDisinheritPriorityAfterTimeout
                0x0000000008005938       0x30 ./Middlewares/Third_Party/FreeRTOS/Source/queue.o
 .text.prvCopyDataToQueue
                0x0000000008005968       0xd4 ./Middlewares/Third_Party/FreeRTOS/Source/queue.o
 .text.prvUnlockQueue
                0x0000000008005a3c       0xa4 ./Middlewares/Third_Party/FreeRTOS/Source/queue.o
 .text.prvIsQueueEmpty
                0x0000000008005ae0       0x2c ./Middlewares/Third_Party/FreeRTOS/Source/queue.o
 .text.prvIsQueueFull
                0x0000000008005b0c       0x30 ./Middlewares/Third_Party/FreeRTOS/Source/queue.o
 .text.xTaskCreateStatic
                0x0000000008005b3c       0xba ./Middlewares/Third_Party/FreeRTOS/Source/tasks.o
                0x0000000008005b3c                xTaskCreateStatic
 .text.xTaskCreate
                0x0000000008005bf6       0x8a ./Middlewares/Third_Party/FreeRTOS/Source/tasks.o
                0x0000000008005bf6                xTaskCreate
 .text.prvInitialiseNewTask
                0x0000000008005c80      0x13c ./Middlewares/Third_Party/FreeRTOS/Source/tasks.o
 .text.prvAddNewTaskToReadyList
                0x0000000008005dbc       0xd4 ./Middlewares/Third_Party/FreeRTOS/Source/tasks.o
 .text.vTaskDelay
                0x0000000008005e90       0x68 ./Middlewares/Third_Party/FreeRTOS/Source/tasks.o
                0x0000000008005e90                vTaskDelay
 .text.vTaskStartScheduler
                0x0000000008005ef8       0xd4 ./Middlewares/Third_Party/FreeRTOS/Source/tasks.o
                0x0000000008005ef8                vTaskStartScheduler
 .text.vTaskSuspendAll
                0x0000000008005fcc       0x1c ./Middlewares/Third_Party/FreeRTOS/Source/tasks.o
                0x0000000008005fcc                vTaskSuspendAll
 .text.xTaskResumeAll
                0x0000000008005fe8      0x138 ./Middlewares/Third_Party/FreeRTOS/Source/tasks.o
                0x0000000008005fe8                xTaskResumeAll
 .text.xTaskIncrementTick
                0x0000000008006120      0x170 ./Middlewares/Third_Party/FreeRTOS/Source/tasks.o
                0x0000000008006120                xTaskIncrementTick
 .text.vTaskSwitchContext
                0x0000000008006290       0xc4 ./Middlewares/Third_Party/FreeRTOS/Source/tasks.o
                0x0000000008006290                vTaskSwitchContext
 .text.vTaskPlaceOnEventList
                0x0000000008006354       0x48 ./Middlewares/Third_Party/FreeRTOS/Source/tasks.o
                0x0000000008006354                vTaskPlaceOnEventList
 .text.xTaskRemoveFromEventList
                0x000000000800639c       0xc4 ./Middlewares/Third_Party/FreeRTOS/Source/tasks.o
                0x000000000800639c                xTaskRemoveFromEventList
 .text.vTaskInternalSetTimeOutState
                0x0000000008006460       0x2c ./Middlewares/Third_Party/FreeRTOS/Source/tasks.o
                0x0000000008006460                vTaskInternalSetTimeOutState
 .text.xTaskCheckForTimeOut
                0x000000000800648c       0xc4 ./Middlewares/Third_Party/FreeRTOS/Source/tasks.o
                0x000000000800648c                xTaskCheckForTimeOut
 .text.vTaskMissedYield
                0x0000000008006550       0x18 ./Middlewares/Third_Party/FreeRTOS/Source/tasks.o
                0x0000000008006550                vTaskMissedYield
 .text.prvIdleTask
                0x0000000008006568       0x30 ./Middlewares/Third_Party/FreeRTOS/Source/tasks.o
 .text.prvInitialiseTaskLists
                0x0000000008006598       0x80 ./Middlewares/Third_Party/FreeRTOS/Source/tasks.o
 .text.prvCheckTasksWaitingTermination
                0x0000000008006618       0x5c ./Middlewares/Third_Party/FreeRTOS/Source/tasks.o
 .text.prvDeleteTCB
                0x0000000008006674       0x68 ./Middlewares/Third_Party/FreeRTOS/Source/tasks.o
 .text.prvResetNextTaskUnblockTime
                0x00000000080066dc       0x40 ./Middlewares/Third_Party/FreeRTOS/Source/tasks.o
 .text.xTaskGetSchedulerState
                0x000000000800671c       0x3c ./Middlewares/Third_Party/FreeRTOS/Source/tasks.o
                0x000000000800671c                xTaskGetSchedulerState
 .text.xTaskPriorityInherit
                0x0000000008006758       0xec ./Middlewares/Third_Party/FreeRTOS/Source/tasks.o
                0x0000000008006758                xTaskPriorityInherit
 .text.xTaskPriorityDisinherit
                0x0000000008006844      0x10c ./Middlewares/Third_Party/FreeRTOS/Source/tasks.o
                0x0000000008006844                xTaskPriorityDisinherit
 .text.vTaskPriorityDisinheritAfterTimeout
                0x0000000008006950      0x11c ./Middlewares/Third_Party/FreeRTOS/Source/tasks.o
                0x0000000008006950                vTaskPriorityDisinheritAfterTimeout
 .text.pvTaskIncrementMutexHeldCount
                0x0000000008006a6c       0x28 ./Middlewares/Third_Party/FreeRTOS/Source/tasks.o
                0x0000000008006a6c                pvTaskIncrementMutexHeldCount
 .text.prvAddCurrentTaskToDelayedList
                0x0000000008006a94       0xcc ./Middlewares/Third_Party/FreeRTOS/Source/tasks.o
 .text.pxPortInitialiseStack
                0x0000000008006b60       0x68 ./Middlewares/Third_Party/FreeRTOS/Source/portable/GCC/ARM_CM4F/port.o
                0x0000000008006b60                pxPortInitialiseStack
 .text.prvTaskExitError
                0x0000000008006bc8       0x58 ./Middlewares/Third_Party/FreeRTOS/Source/portable/GCC/ARM_CM4F/port.o
 .text.SVC_Handler
                0x0000000008006c20       0x28 ./Middlewares/Third_Party/FreeRTOS/Source/portable/GCC/ARM_CM4F/port.o
                0x0000000008006c20                SVC_Handler
 .text.prvPortStartFirstTask
                0x0000000008006c48       0x28 ./Middlewares/Third_Party/FreeRTOS/Source/portable/GCC/ARM_CM4F/port.o
 .text.xPortStartScheduler
                0x0000000008006c70      0x144 ./Middlewares/Third_Party/FreeRTOS/Source/portable/GCC/ARM_CM4F/port.o
                0x0000000008006c70                xPortStartScheduler
 .text.vPortEnterCritical
                0x0000000008006db4       0x60 ./Middlewares/Third_Party/FreeRTOS/Source/portable/GCC/ARM_CM4F/port.o
                0x0000000008006db4                vPortEnterCritical
 .text.vPortExitCritical
                0x0000000008006e14       0x54 ./Middlewares/Third_Party/FreeRTOS/Source/portable/GCC/ARM_CM4F/port.o
                0x0000000008006e14                vPortExitCritical
 *fill*         0x0000000008006e68        0x8 
 .text.PendSV_Handler
                0x0000000008006e70       0x68 ./Middlewares/Third_Party/FreeRTOS/Source/portable/GCC/ARM_CM4F/port.o
                0x0000000008006e70                PendSV_Handler
 .text.SysTick_Handler
                0x0000000008006ed8       0x44 ./Middlewares/Third_Party/FreeRTOS/Source/portable/GCC/ARM_CM4F/port.o
                0x0000000008006ed8                SysTick_Handler
 .text.vPortSetupTimerInterrupt
                0x0000000008006f1c       0x48 ./Middlewares/Third_Party/FreeRTOS/Source/portable/GCC/ARM_CM4F/port.o
                0x0000000008006f1c                vPortSetupTimerInterrupt
 .text.vPortEnableVFP
                0x0000000008006f64       0x14 ./Middlewares/Third_Party/FreeRTOS/Source/portable/GCC/ARM_CM4F/port.o
 .text.pvPortMalloc
                0x0000000008006f78       0x8c ./Middlewares/Third_Party/FreeRTOS/Source/portable/MemMang/heap_1.o
                0x0000000008006f78                pvPortMalloc
 .text.vPortFree
                0x0000000008007004       0x30 ./Middlewares/Third_Party/FreeRTOS/Source/portable/MemMang/heap_1.o
                0x0000000008007004                vPortFree
 .text.memset   0x0000000008007034       0x10 E:/STM_IDE/STM32CubeIDE_1.14.1/STM32CubeIDE/plugins/com.st.stm32cube.ide.mcu.externaltools.gnu-tools-for-stm32.11.3.rel1.win32_1.1.100.202309141235/tools/bin/../lib/gcc/arm-none-eabi/11.3.1/../../../../arm-none-eabi/lib/thumb/v7e-m+fp/hard\libc_nano.a(libc_a-memset.o)
                0x0000000008007034                memset
 .text._reclaim_reent
                0x0000000008007044       0xac E:/STM_IDE/STM32CubeIDE_1.14.1/STM32CubeIDE/plugins/com.st.stm32cube.ide.mcu.externaltools.gnu-tools-for-stm32.11.3.rel1.win32_1.1.100.202309141235/tools/bin/../lib/gcc/arm-none-eabi/11.3.1/../../../../arm-none-eabi/lib/thumb/v7e-m+fp/hard\libc_nano.a(libc_a-reent.o)
                0x0000000008007044                _reclaim_reent
 .text.__libc_init_array
                0x00000000080070f0       0x48 E:/STM_IDE/STM32CubeIDE_1.14.1/STM32CubeIDE/plugins/com.st.stm32cube.ide.mcu.externaltools.gnu-tools-for-stm32.11.3.rel1.win32_1.1.100.202309141235/tools/bin/../lib/gcc/arm-none-eabi/11.3.1/../../../../arm-none-eabi/lib/thumb/v7e-m+fp/hard\libc_nano.a(libc_a-init.o)
                0x00000000080070f0                __libc_init_array
 .text.__retarget_lock_acquire_recursive
                0x0000000008007138        0x2 E:/STM_IDE/STM32CubeIDE_1.14.1/STM32CubeIDE/plugins/com.st.stm32cube.ide.mcu.externaltools.gnu-tools-for-stm32.11.3.rel1.win32_1.1.100.202309141235/tools/bin/../lib/gcc/arm-none-eabi/11.3.1/../../../../arm-none-eabi/lib/thumb/v7e-m+fp/hard\libc_nano.a(libc_a-lock.o)
                0x0000000008007138                __retarget_lock_acquire_recursive
 .text.__retarget_lock_release_recursive
                0x000000000800713a        0x2 E:/STM_IDE/STM32CubeIDE_1.14.1/STM32CubeIDE/plugins/com.st.stm32cube.ide.mcu.externaltools.gnu-tools-for-stm32.11.3.rel1.win32_1.1.100.202309141235/tools/bin/../lib/gcc/arm-none-eabi/11.3.1/../../../../arm-none-eabi/lib/thumb/v7e-m+fp/hard\libc_nano.a(libc_a-lock.o)
                0x000000000800713a                __retarget_lock_release_recursive
 .text.memcpy   0x000000000800713c       0x1c E:/STM_IDE/STM32CubeIDE_1.14.1/STM32CubeIDE/plugins/com.st.stm32cube.ide.mcu.externaltools.gnu-tools-for-stm32.11.3.rel1.win32_1.1.100.202309141235/tools/bin/../lib/gcc/arm-none-eabi/11.3.1/../../../../arm-none-eabi/lib/thumb/v7e-m+fp/hard\libc_nano.a(libc_a-memcpy-stub.o)
                0x000000000800713c                memcpy
 .text._free_r  0x0000000008007158       0x98 E:/STM_IDE/STM32CubeIDE_1.14.1/STM32CubeIDE/plugins/com.st.stm32cube.ide.mcu.externaltools.gnu-tools-for-stm32.11.3.rel1.win32_1.1.100.202309141235/tools/bin/../lib/gcc/arm-none-eabi/11.3.1/../../../../arm-none-eabi/lib/thumb/v7e-m+fp/hard\libc_nano.a(libc_a-freer.o)
                0x0000000008007158                _free_r
 .text.__malloc_lock
                0x00000000080071f0        0xc E:/STM_IDE/STM32CubeIDE_1.14.1/STM32CubeIDE/plugins/com.st.stm32cube.ide.mcu.externaltools.gnu-tools-for-stm32.11.3.rel1.win32_1.1.100.202309141235/tools/bin/../lib/gcc/arm-none-eabi/11.3.1/../../../../arm-none-eabi/lib/thumb/v7e-m+fp/hard\libc_nano.a(libc_a-mlock.o)
                0x00000000080071f0                __malloc_lock
 .text.__malloc_unlock
                0x00000000080071fc        0xc E:/STM_IDE/STM32CubeIDE_1.14.1/STM32CubeIDE/plugins/com.st.stm32cube.ide.mcu.externaltools.gnu-tools-for-stm32.11.3.rel1.win32_1.1.100.202309141235/tools/bin/../lib/gcc/arm-none-eabi/11.3.1/../../../../arm-none-eabi/lib/thumb/v7e-m+fp/hard\libc_nano.a(libc_a-mlock.o)
                0x00000000080071fc                __malloc_unlock
 *(.glue_7)
 .glue_7        0x0000000008007208        0x0 linker stubs
 *(.glue_7t)
 .glue_7t       0x0000000008007208        0x0 linker stubs
 *(.eh_frame)
 .eh_frame      0x0000000008007208        0x0 E:/STM_IDE/STM32CubeIDE_1.14.1/STM32CubeIDE/plugins/com.st.stm32cube.ide.mcu.externaltools.gnu-tools-for-stm32.11.3.rel1.win32_1.1.100.202309141235/tools/bin/../lib/gcc/arm-none-eabi/11.3.1/thumb/v7e-m+fp/hard/crtbegin.o
 *(.init)
 .init          0x0000000008007208        0x4 E:/STM_IDE/STM32CubeIDE_1.14.1/STM32CubeIDE/plugins/com.st.stm32cube.ide.mcu.externaltools.gnu-tools-for-stm32.11.3.rel1.win32_1.1.100.202309141235/tools/bin/../lib/gcc/arm-none-eabi/11.3.1/thumb/v7e-m+fp/hard/crti.o
                0x0000000008007208                _init
 .init          0x000000000800720c        0x8 E:/STM_IDE/STM32CubeIDE_1.14.1/STM32CubeIDE/plugins/com.st.stm32cube.ide.mcu.externaltools.gnu-tools-for-stm32.11.3.rel1.win32_1.1.100.202309141235/tools/bin/../lib/gcc/arm-none-eabi/11.3.1/thumb/v7e-m+fp/hard/crtn.o
 *(.fini)
 .fini          0x0000000008007214        0x4 E:/STM_IDE/STM32CubeIDE_1.14.1/STM32CubeIDE/plugins/com.st.stm32cube.ide.mcu.externaltools.gnu-tools-for-stm32.11.3.rel1.win32_1.1.100.202309141235/tools/bin/../lib/gcc/arm-none-eabi/11.3.1/thumb/v7e-m+fp/hard/crti.o
                0x0000000008007214                _fini
 .fini          0x0000000008007218        0x8 E:/STM_IDE/STM32CubeIDE_1.14.1/STM32CubeIDE/plugins/com.st.stm32cube.ide.mcu.externaltools.gnu-tools-for-stm32.11.3.rel1.win32_1.1.100.202309141235/tools/bin/../lib/gcc/arm-none-eabi/11.3.1/thumb/v7e-m+fp/hard/crtn.o
                0x0000000008007220                . = ALIGN (0x4)
                0x0000000008007220                _etext = .

.vfp11_veneer   0x0000000008007220        0x0
 .vfp11_veneer  0x0000000008007220        0x0 linker stubs

.v4_bx          0x0000000008007220        0x0
 .v4_bx         0x0000000008007220        0x0 linker stubs

.iplt           0x0000000008007220        0x0
 .iplt          0x0000000008007220        0x0 E:/STM_IDE/STM32CubeIDE_1.14.1/STM32CubeIDE/plugins/com.st.stm32cube.ide.mcu.externaltools.gnu-tools-for-stm32.11.3.rel1.win32_1.1.100.202309141235/tools/bin/../lib/gcc/arm-none-eabi/11.3.1/thumb/v7e-m+fp/hard/crtbegin.o

.rodata         0x0000000008007220       0x90
                0x0000000008007220                . = ALIGN (0x4)
 *(.rodata)
 .rodata        0x0000000008007220       0x28 ./Core/Src/freertos.o
 .rodata        0x0000000008007248       0x45 ./Core/Src/main.o
 *fill*         0x000000000800728d        0x3 
 .rodata        0x0000000008007290        0x5 ./Middlewares/Third_Party/FreeRTOS/Source/tasks.o
 *(.rodata*)
 *fill*         0x0000000008007295        0x3 
 .rodata.AHBPrescTable
                0x0000000008007298       0x10 ./Core/Src/system_stm32f4xx.o
                0x0000000008007298                AHBPrescTable
 .rodata.APBPrescTable
                0x00000000080072a8        0x8 ./Core/Src/system_stm32f4xx.o
                0x00000000080072a8                APBPrescTable
                0x00000000080072b0                . = ALIGN (0x4)

.ARM.extab      0x00000000080072b0        0x0
                0x00000000080072b0                . = ALIGN (0x4)
 *(.ARM.extab* .gnu.linkonce.armextab.*)
                0x00000000080072b0                . = ALIGN (0x4)

.ARM            0x00000000080072b0        0x8
                0x00000000080072b0                . = ALIGN (0x4)
                0x00000000080072b0                __exidx_start = .
 *(.ARM.exidx*)
 .ARM.exidx     0x00000000080072b0        0x8 E:/STM_IDE/STM32CubeIDE_1.14.1/STM32CubeIDE/plugins/com.st.stm32cube.ide.mcu.externaltools.gnu-tools-for-stm32.11.3.rel1.win32_1.1.100.202309141235/tools/bin/../lib/gcc/arm-none-eabi/11.3.1/thumb/v7e-m+fp/hard\libgcc.a(_udivmoddi4.o)
                0x00000000080072b8                __exidx_end = .
                0x00000000080072b8                . = ALIGN (0x4)

.rel.dyn        0x00000000080072b8        0x0
 .rel.iplt      0x00000000080072b8        0x0 E:/STM_IDE/STM32CubeIDE_1.14.1/STM32CubeIDE/plugins/com.st.stm32cube.ide.mcu.externaltools.gnu-tools-for-stm32.11.3.rel1.win32_1.1.100.202309141235/tools/bin/../lib/gcc/arm-none-eabi/11.3.1/thumb/v7e-m+fp/hard/crtbegin.o

.preinit_array  0x00000000080072b8        0x0
                0x00000000080072b8                . = ALIGN (0x4)
                0x00000000080072b8                PROVIDE (__preinit_array_start = .)
 *(.preinit_array*)
                0x00000000080072b8                PROVIDE (__preinit_array_end = .)
                0x00000000080072b8                . = ALIGN (0x4)

.init_array     0x00000000080072b8        0x4
                0x00000000080072b8                . = ALIGN (0x4)
                0x00000000080072b8                PROVIDE (__init_array_start = .)
 *(SORT_BY_NAME(.init_array.*))
 *(.init_array*)
 .init_array    0x00000000080072b8        0x4 E:/STM_IDE/STM32CubeIDE_1.14.1/STM32CubeIDE/plugins/com.st.stm32cube.ide.mcu.externaltools.gnu-tools-for-stm32.11.3.rel1.win32_1.1.100.202309141235/tools/bin/../lib/gcc/arm-none-eabi/11.3.1/thumb/v7e-m+fp/hard/crtbegin.o
                0x00000000080072bc                PROVIDE (__init_array_end = .)
                0x00000000080072bc                . = ALIGN (0x4)

.fini_array     0x00000000080072bc        0x4
                0x00000000080072bc                . = ALIGN (0x4)
                [!provide]                        PROVIDE (__fini_array_start = .)
 *(SORT_BY_NAME(.fini_array.*))
 *(.fini_array*)
 .fini_array    0x00000000080072bc        0x4 E:/STM_IDE/STM32CubeIDE_1.14.1/STM32CubeIDE/plugins/com.st.stm32cube.ide.mcu.externaltools.gnu-tools-for-stm32.11.3.rel1.win32_1.1.100.202309141235/tools/bin/../lib/gcc/arm-none-eabi/11.3.1/thumb/v7e-m+fp/hard/crtbegin.o
                [!provide]                        PROVIDE (__fini_array_end = .)
                0x00000000080072c0                . = ALIGN (0x4)
                0x00000000080072c0                _sidata = LOADADDR (.data)

.data           0x0000000020000000       0x64 load address 0x00000000080072c0
                0x0000000020000000                . = ALIGN (0x4)
                0x0000000020000000                _sdata = .
 *(.data)
 *(.data*)
 .data.engine_state
                0x0000000020000000        0x1 ./Core/Src/RC_Car_App_Prg.o
 .data.Motor_Speed
                0x0000000020000001        0x1 ./Core/Src/RC_Car_App_Prg.o
 *fill*         0x0000000020000002        0x2 
 .data.SystemCoreClock
                0x0000000020000004        0x4 ./Core/Src/system_stm32f4xx.o
                0x0000000020000004                SystemCoreClock
 .data.uwTickPrio
                0x0000000020000008        0x4 ./Drivers/STM32F4xx_HAL_Driver/Src/stm32f4xx_hal.o
                0x0000000020000008                uwTickPrio
 .data.uwTickFreq
                0x000000002000000c        0x1 ./Drivers/STM32F4xx_HAL_Driver/Src/stm32f4xx_hal.o
                0x000000002000000c                uwTickFreq
 *fill*         0x000000002000000d        0x3 
 .data.uxCriticalNesting
                0x0000000020000010        0x4 ./Middlewares/Third_Party/FreeRTOS/Source/portable/GCC/ARM_CM4F/port.o
 .data._impure_data
                0x0000000020000014       0x4c E:/STM_IDE/STM32CubeIDE_1.14.1/STM32CubeIDE/plugins/com.st.stm32cube.ide.mcu.externaltools.gnu-tools-for-stm32.11.3.rel1.win32_1.1.100.202309141235/tools/bin/../lib/gcc/arm-none-eabi/11.3.1/../../../../arm-none-eabi/lib/thumb/v7e-m+fp/hard\libc_nano.a(libc_a-impure.o)
                0x0000000020000014                _impure_data
 .data._impure_ptr
                0x0000000020000060        0x4 E:/STM_IDE/STM32CubeIDE_1.14.1/STM32CubeIDE/plugins/com.st.stm32cube.ide.mcu.externaltools.gnu-tools-for-stm32.11.3.rel1.win32_1.1.100.202309141235/tools/bin/../lib/gcc/arm-none-eabi/11.3.1/../../../../arm-none-eabi/lib/thumb/v7e-m+fp/hard\libc_nano.a(libc_a-impure.o)
                0x0000000020000060                _impure_ptr
 *(.RamFunc)
 *(.RamFunc*)
                0x0000000020000064                . = ALIGN (0x4)
                0x0000000020000064                _edata = .

.igot.plt       0x0000000020000064        0x0 load address 0x0000000008007324
 .igot.plt      0x0000000020000064        0x0 E:/STM_IDE/STM32CubeIDE_1.14.1/STM32CubeIDE/plugins/com.st.stm32cube.ide.mcu.externaltools.gnu-tools-for-stm32.11.3.rel1.win32_1.1.100.202309141235/tools/bin/../lib/gcc/arm-none-eabi/11.3.1/thumb/v7e-m+fp/hard/crtbegin.o
                0x0000000020000064                . = ALIGN (0x4)

.bss            0x0000000020000064     0x4470 load address 0x0000000008007324
                0x0000000020000064                _sbss = .
                0x0000000020000064                __bss_start__ = _sbss
 *(.bss)
 .bss           0x0000000020000064       0x1c E:/STM_IDE/STM32CubeIDE_1.14.1/STM32CubeIDE/plugins/com.st.stm32cube.ide.mcu.externaltools.gnu-tools-for-stm32.11.3.rel1.win32_1.1.100.202309141235/tools/bin/../lib/gcc/arm-none-eabi/11.3.1/thumb/v7e-m+fp/hard/crtbegin.o
 *(.bss*)
 .bss.Current_state
                0x0000000020000080        0x1 ./Core/Src/RC_Car_App_Prg.o
 .bss.Previous_state
                0x0000000020000081        0x1 ./Core/Src/RC_Car_App_Prg.o
 .bss.transition
                0x0000000020000082        0x1 ./Core/Src/RC_Car_App_Prg.o
 .bss.sync_flag
                0x0000000020000083        0x1 ./Core/Src/RC_Car_App_Prg.o
 .bss.flashing_smphr
                0x0000000020000084        0x4 ./Core/Src/RC_Car_App_Prg.o
 .bss.horn_smphr
                0x0000000020000088        0x4 ./Core/Src/RC_Car_App_Prg.o
 .bss.Gear_smphr
                0x000000002000008c        0x4 ./Core/Src/RC_Car_App_Prg.o
 .bss.speedInc_smphr
                0x0000000020000090        0x4 ./Core/Src/RC_Car_App_Prg.o
 .bss.brake_smphr
                0x0000000020000094        0x4 ./Core/Src/RC_Car_App_Prg.o
 .bss.goRight_smphr
                0x0000000020000098        0x4 ./Core/Src/RC_Car_App_Prg.o
 .bss.goLeft_smphr
                0x000000002000009c        0x4 ./Core/Src/RC_Car_App_Prg.o
 .bss.gear_current
                0x00000000200000a0        0x1 ./Core/Src/RC_Car_App_Prg.o
 .bss.servo_angle
                0x00000000200000a1        0x1 ./Core/Src/RC_Car_App_Prg.o
 *fill*         0x00000000200000a2        0x2 
 .bss.defaultTaskHandle
                0x00000000200000a4        0x4 ./Core/Src/freertos.o
                0x00000000200000a4                defaultTaskHandle
 .bss.xIdleTaskTCBBuffer
                0x00000000200000a8       0xa0 ./Core/Src/freertos.o
 .bss.xIdleStack
                0x0000000020000148      0x200 ./Core/Src/freertos.o
 .bss.htim14    0x0000000020000348       0x48 ./Core/Src/stm32f4xx_hal_timebase_tim.o
                0x0000000020000348                htim14
 .bss.htim1     0x0000000020000390       0x48 ./Core/Src/tim.o
                0x0000000020000390                htim1
 .bss.htim2     0x00000000200003d8       0x48 ./Core/Src/tim.o
                0x00000000200003d8                htim2
 .bss.htim3     0x0000000020000420       0x48 ./Core/Src/tim.o
                0x0000000020000420                htim3
 .bss.htim4     0x0000000020000468       0x48 ./Core/Src/tim.o
                0x0000000020000468                htim4
 .bss.huart4    0x00000000200004b0       0x48 ./Core/Src/usart.o
                0x00000000200004b0                huart4
 .bss.huart5    0x00000000200004f8       0x48 ./Core/Src/usart.o
                0x00000000200004f8                huart5
 .bss.huart2    0x0000000020000540       0x48 ./Core/Src/usart.o
                0x0000000020000540                huart2
 .bss.huart3    0x0000000020000588       0x48 ./Core/Src/usart.o
                0x0000000020000588                huart3
 .bss.huart6    0x00000000200005d0       0x48 ./Core/Src/usart.o
                0x00000000200005d0                huart6
 .bss.uwTick    0x0000000020000618        0x4 ./Drivers/STM32F4xx_HAL_Driver/Src/stm32f4xx_hal.o
                0x0000000020000618                uwTick
 .bss.pxCurrentTCB
                0x000000002000061c        0x4 ./Middlewares/Third_Party/FreeRTOS/Source/tasks.o
                0x000000002000061c                pxCurrentTCB
 .bss.pxReadyTasksLists
                0x0000000020000620       0xc8 ./Middlewares/Third_Party/FreeRTOS/Source/tasks.o
 .bss.xDelayedTaskList1
                0x00000000200006e8       0x14 ./Middlewares/Third_Party/FreeRTOS/Source/tasks.o
 .bss.xDelayedTaskList2
                0x00000000200006fc       0x14 ./Middlewares/Third_Party/FreeRTOS/Source/tasks.o
 .bss.pxDelayedTaskList
                0x0000000020000710        0x4 ./Middlewares/Third_Party/FreeRTOS/Source/tasks.o
 .bss.pxOverflowDelayedTaskList
                0x0000000020000714        0x4 ./Middlewares/Third_Party/FreeRTOS/Source/tasks.o
 .bss.xPendingReadyList
                0x0000000020000718       0x14 ./Middlewares/Third_Party/FreeRTOS/Source/tasks.o
 .bss.xTasksWaitingTermination
                0x000000002000072c       0x14 ./Middlewares/Third_Party/FreeRTOS/Source/tasks.o
 .bss.uxDeletedTasksWaitingCleanUp
                0x0000000020000740        0x4 ./Middlewares/Third_Party/FreeRTOS/Source/tasks.o
 .bss.xSuspendedTaskList
                0x0000000020000744       0x14 ./Middlewares/Third_Party/FreeRTOS/Source/tasks.o
 .bss.uxCurrentNumberOfTasks
                0x0000000020000758        0x4 ./Middlewares/Third_Party/FreeRTOS/Source/tasks.o
 .bss.xTickCount
                0x000000002000075c        0x4 ./Middlewares/Third_Party/FreeRTOS/Source/tasks.o
 .bss.uxTopReadyPriority
                0x0000000020000760        0x4 ./Middlewares/Third_Party/FreeRTOS/Source/tasks.o
 .bss.xSchedulerRunning
                0x0000000020000764        0x4 ./Middlewares/Third_Party/FreeRTOS/Source/tasks.o
 .bss.xPendedTicks
                0x0000000020000768        0x4 ./Middlewares/Third_Party/FreeRTOS/Source/tasks.o
 .bss.xYieldPending
                0x000000002000076c        0x4 ./Middlewares/Third_Party/FreeRTOS/Source/tasks.o
 .bss.xNumOfOverflows
                0x0000000020000770        0x4 ./Middlewares/Third_Party/FreeRTOS/Source/tasks.o
 .bss.uxTaskNumber
                0x0000000020000774        0x4 ./Middlewares/Third_Party/FreeRTOS/Source/tasks.o
 .bss.xNextTaskUnblockTime
                0x0000000020000778        0x4 ./Middlewares/Third_Party/FreeRTOS/Source/tasks.o
 .bss.xIdleTaskHandle
                0x000000002000077c        0x4 ./Middlewares/Third_Party/FreeRTOS/Source/tasks.o
 .bss.uxSchedulerSuspended
                0x0000000020000780        0x4 ./Middlewares/Third_Party/FreeRTOS/Source/tasks.o
 .bss.ucMaxSysCallPriority
                0x0000000020000784        0x1 ./Middlewares/Third_Party/FreeRTOS/Source/portable/GCC/ARM_CM4F/port.o
 *fill*         0x0000000020000785        0x3 
 .bss.ulMaxPRIGROUPValue
                0x0000000020000788        0x4 ./Middlewares/Third_Party/FreeRTOS/Source/portable/GCC/ARM_CM4F/port.o
 .bss.ucHeap    0x000000002000078c     0x3c00 ./Middlewares/Third_Party/FreeRTOS/Source/portable/MemMang/heap_1.o
 .bss.xNextFreeByte
                0x000000002000438c        0x4 ./Middlewares/Third_Party/FreeRTOS/Source/portable/MemMang/heap_1.o
 .bss.pucAlignedHeap.0
                0x0000000020004390        0x4 ./Middlewares/Third_Party/FreeRTOS/Source/portable/MemMang/heap_1.o
 .bss.__sf      0x0000000020004394      0x138 E:/STM_IDE/STM32CubeIDE_1.14.1/STM32CubeIDE/plugins/com.st.stm32cube.ide.mcu.externaltools.gnu-tools-for-stm32.11.3.rel1.win32_1.1.100.202309141235/tools/bin/../lib/gcc/arm-none-eabi/11.3.1/../../../../arm-none-eabi/lib/thumb/v7e-m+fp/hard\libc_nano.a(libc_a-findfp.o)
                0x0000000020004394                __sf
 .bss.__lock___malloc_recursive_mutex
                0x00000000200044cc        0x1 E:/STM_IDE/STM32CubeIDE_1.14.1/STM32CubeIDE/plugins/com.st.stm32cube.ide.mcu.externaltools.gnu-tools-for-stm32.11.3.rel1.win32_1.1.100.202309141235/tools/bin/../lib/gcc/arm-none-eabi/11.3.1/../../../../arm-none-eabi/lib/thumb/v7e-m+fp/hard\libc_nano.a(libc_a-lock.o)
                0x00000000200044cc                __lock___malloc_recursive_mutex
 *fill*         0x00000000200044cd        0x3 
 .bss.__malloc_free_list
                0x00000000200044d0        0x4 E:/STM_IDE/STM32CubeIDE_1.14.1/STM32CubeIDE/plugins/com.st.stm32cube.ide.mcu.externaltools.gnu-tools-for-stm32.11.3.rel1.win32_1.1.100.202309141235/tools/bin/../lib/gcc/arm-none-eabi/11.3.1/../../../../arm-none-eabi/lib/thumb/v7e-m+fp/hard\libc_nano.a(libc_a-mallocr.o)
                0x00000000200044d0                __malloc_free_list
 *(COMMON)
                0x00000000200044d4                . = ALIGN (0x4)
                0x00000000200044d4                _ebss = .
                0x00000000200044d4                __bss_end__ = _ebss

._user_heap_stack
                0x00000000200044d4      0x604 load address 0x0000000008007324
                0x00000000200044d8                . = ALIGN (0x8)
 *fill*         0x00000000200044d4        0x4 
                [!provide]                        PROVIDE (end = .)
                0x00000000200044d8                PROVIDE (_end = .)
                0x00000000200046d8                . = (. + _Min_Heap_Size)
 *fill*         0x00000000200044d8      0x200 
                0x0000000020004ad8                . = (. + _Min_Stack_Size)
 *fill*         0x00000000200046d8      0x400 
                0x0000000020004ad8                . = ALIGN (0x8)

/DISCARD/
 libc.a(*)
 libm.a(*)
 libgcc.a(*)

.ARM.attributes
                0x0000000000000000       0x30
 *(.ARM.attributes)
 .ARM.attributes
                0x0000000000000000       0x1e E:/STM_IDE/STM32CubeIDE_1.14.1/STM32CubeIDE/plugins/com.st.stm32cube.ide.mcu.externaltools.gnu-tools-for-stm32.11.3.rel1.win32_1.1.100.202309141235/tools/bin/../lib/gcc/arm-none-eabi/11.3.1/thumb/v7e-m+fp/hard/crti.o
 .ARM.attributes
                0x000000000000001e       0x34 E:/STM_IDE/STM32CubeIDE_1.14.1/STM32CubeIDE/plugins/com.st.stm32cube.ide.mcu.externaltools.gnu-tools-for-stm32.11.3.rel1.win32_1.1.100.202309141235/tools/bin/../lib/gcc/arm-none-eabi/11.3.1/thumb/v7e-m+fp/hard/crtbegin.o
 .ARM.attributes
                0x0000000000000052       0x34 ./Core/Src/Motor_Driver.o
 .ARM.attributes
                0x0000000000000086       0x34 ./Core/Src/RC_Car_App_Prg.o
 .ARM.attributes
                0x00000000000000ba       0x34 ./Core/Src/freertos.o
 .ARM.attributes
                0x00000000000000ee       0x34 ./Core/Src/gpio.o
 .ARM.attributes
                0x0000000000000122       0x34 ./Core/Src/main.o
 .ARM.attributes
                0x0000000000000156       0x34 ./Core/Src/stm32f4xx_hal_msp.o
 .ARM.attributes
                0x000000000000018a       0x34 ./Core/Src/stm32f4xx_hal_timebase_tim.o
 .ARM.attributes
                0x00000000000001be       0x34 ./Core/Src/stm32f4xx_it.o
 .ARM.attributes
                0x00000000000001f2       0x34 ./Core/Src/system_stm32f4xx.o
 .ARM.attributes
                0x0000000000000226       0x34 ./Core/Src/tim.o
 .ARM.attributes
                0x000000000000025a       0x34 ./Core/Src/usart.o
 .ARM.attributes
                0x000000000000028e       0x21 ./Core/Startup/startup_stm32f446retx.o
 .ARM.attributes
                0x00000000000002af       0x34 ./Drivers/STM32F4xx_HAL_Driver/Src/stm32f4xx_hal.o
 .ARM.attributes
                0x00000000000002e3       0x34 ./Drivers/STM32F4xx_HAL_Driver/Src/stm32f4xx_hal_cortex.o
 .ARM.attributes
                0x0000000000000317       0x34 ./Drivers/STM32F4xx_HAL_Driver/Src/stm32f4xx_hal_gpio.o
 .ARM.attributes
                0x000000000000034b       0x34 ./Drivers/STM32F4xx_HAL_Driver/Src/stm32f4xx_hal_rcc.o
 .ARM.attributes
                0x000000000000037f       0x34 ./Drivers/STM32F4xx_HAL_Driver/Src/stm32f4xx_hal_rcc_ex.o
 .ARM.attributes
                0x00000000000003b3       0x34 ./Drivers/STM32F4xx_HAL_Driver/Src/stm32f4xx_hal_tim.o
 .ARM.attributes
                0x00000000000003e7       0x34 ./Drivers/STM32F4xx_HAL_Driver/Src/stm32f4xx_hal_tim_ex.o
 .ARM.attributes
                0x000000000000041b       0x34 ./Drivers/STM32F4xx_HAL_Driver/Src/stm32f4xx_hal_uart.o
 .ARM.attributes
                0x000000000000044f       0x34 ./Middlewares/Third_Party/FreeRTOS/Source/CMSIS_RTOS/cmsis_os.o
 .ARM.attributes
                0x0000000000000483       0x34 ./Middlewares/Third_Party/FreeRTOS/Source/list.o
 .ARM.attributes
                0x00000000000004b7       0x34 ./Middlewares/Third_Party/FreeRTOS/Source/queue.o
 .ARM.attributes
                0x00000000000004eb       0x34 ./Middlewares/Third_Party/FreeRTOS/Source/tasks.o
 .ARM.attributes
                0x000000000000051f       0x34 ./Middlewares/Third_Party/FreeRTOS/Source/portable/GCC/ARM_CM4F/port.o
 .ARM.attributes
                0x0000000000000553       0x34 ./Middlewares/Third_Party/FreeRTOS/Source/portable/MemMang/heap_1.o
 .ARM.attributes
                0x0000000000000587       0x34 E:/STM_IDE/STM32CubeIDE_1.14.1/STM32CubeIDE/plugins/com.st.stm32cube.ide.mcu.externaltools.gnu-tools-for-stm32.11.3.rel1.win32_1.1.100.202309141235/tools/bin/../lib/gcc/arm-none-eabi/11.3.1/../../../../arm-none-eabi/lib/thumb/v7e-m+fp/hard\libc_nano.a(libc_a-findfp.o)
 .ARM.attributes
                0x00000000000005bb       0x34 E:/STM_IDE/STM32CubeIDE_1.14.1/STM32CubeIDE/plugins/com.st.stm32cube.ide.mcu.externaltools.gnu-tools-for-stm32.11.3.rel1.win32_1.1.100.202309141235/tools/bin/../lib/gcc/arm-none-eabi/11.3.1/../../../../arm-none-eabi/lib/thumb/v7e-m+fp/hard\libc_nano.a(libc_a-memset.o)
 .ARM.attributes
                0x00000000000005ef       0x34 E:/STM_IDE/STM32CubeIDE_1.14.1/STM32CubeIDE/plugins/com.st.stm32cube.ide.mcu.externaltools.gnu-tools-for-stm32.11.3.rel1.win32_1.1.100.202309141235/tools/bin/../lib/gcc/arm-none-eabi/11.3.1/../../../../arm-none-eabi/lib/thumb/v7e-m+fp/hard\libc_nano.a(libc_a-reent.o)
 .ARM.attributes
                0x0000000000000623       0x34 E:/STM_IDE/STM32CubeIDE_1.14.1/STM32CubeIDE/plugins/com.st.stm32cube.ide.mcu.externaltools.gnu-tools-for-stm32.11.3.rel1.win32_1.1.100.202309141235/tools/bin/../lib/gcc/arm-none-eabi/11.3.1/../../../../arm-none-eabi/lib/thumb/v7e-m+fp/hard\libc_nano.a(libc_a-impure.o)
 .ARM.attributes
                0x0000000000000657       0x34 E:/STM_IDE/STM32CubeIDE_1.14.1/STM32CubeIDE/plugins/com.st.stm32cube.ide.mcu.externaltools.gnu-tools-for-stm32.11.3.rel1.win32_1.1.100.202309141235/tools/bin/../lib/gcc/arm-none-eabi/11.3.1/../../../../arm-none-eabi/lib/thumb/v7e-m+fp/hard\libc_nano.a(libc_a-init.o)
 .ARM.attributes
                0x000000000000068b       0x34 E:/STM_IDE/STM32CubeIDE_1.14.1/STM32CubeIDE/plugins/com.st.stm32cube.ide.mcu.externaltools.gnu-tools-for-stm32.11.3.rel1.win32_1.1.100.202309141235/tools/bin/../lib/gcc/arm-none-eabi/11.3.1/../../../../arm-none-eabi/lib/thumb/v7e-m+fp/hard\libc_nano.a(libc_a-lock.o)
 .ARM.attributes
                0x00000000000006bf       0x34 E:/STM_IDE/STM32CubeIDE_1.14.1/STM32CubeIDE/plugins/com.st.stm32cube.ide.mcu.externaltools.gnu-tools-for-stm32.11.3.rel1.win32_1.1.100.202309141235/tools/bin/../lib/gcc/arm-none-eabi/11.3.1/../../../../arm-none-eabi/lib/thumb/v7e-m+fp/hard\libc_nano.a(libc_a-memcpy-stub.o)
 .ARM.attributes
                0x00000000000006f3       0x34 E:/STM_IDE/STM32CubeIDE_1.14.1/STM32CubeIDE/plugins/com.st.stm32cube.ide.mcu.externaltools.gnu-tools-for-stm32.11.3.rel1.win32_1.1.100.202309141235/tools/bin/../lib/gcc/arm-none-eabi/11.3.1/../../../../arm-none-eabi/lib/thumb/v7e-m+fp/hard\libc_nano.a(libc_a-freer.o)
 .ARM.attributes
                0x0000000000000727       0x34 E:/STM_IDE/STM32CubeIDE_1.14.1/STM32CubeIDE/plugins/com.st.stm32cube.ide.mcu.externaltools.gnu-tools-for-stm32.11.3.rel1.win32_1.1.100.202309141235/tools/bin/../lib/gcc/arm-none-eabi/11.3.1/../../../../arm-none-eabi/lib/thumb/v7e-m+fp/hard\libc_nano.a(libc_a-mallocr.o)
 .ARM.attributes
                0x000000000000075b       0x34 E:/STM_IDE/STM32CubeIDE_1.14.1/STM32CubeIDE/plugins/com.st.stm32cube.ide.mcu.externaltools.gnu-tools-for-stm32.11.3.rel1.win32_1.1.100.202309141235/tools/bin/../lib/gcc/arm-none-eabi/11.3.1/../../../../arm-none-eabi/lib/thumb/v7e-m+fp/hard\libc_nano.a(libc_a-mlock.o)
 .ARM.attributes
                0x000000000000078f       0x1e E:/STM_IDE/STM32CubeIDE_1.14.1/STM32CubeIDE/plugins/com.st.stm32cube.ide.mcu.externaltools.gnu-tools-for-stm32.11.3.rel1.win32_1.1.100.202309141235/tools/bin/../lib/gcc/arm-none-eabi/11.3.1/thumb/v7e-m+fp/hard\libgcc.a(_aeabi_uldivmod.o)
 .ARM.attributes
                0x00000000000007ad       0x34 E:/STM_IDE/STM32CubeIDE_1.14.1/STM32CubeIDE/plugins/com.st.stm32cube.ide.mcu.externaltools.gnu-tools-for-stm32.11.3.rel1.win32_1.1.100.202309141235/tools/bin/../lib/gcc/arm-none-eabi/11.3.1/thumb/v7e-m+fp/hard\libgcc.a(_udivmoddi4.o)
 .ARM.attributes
                0x00000000000007e1       0x1e E:/STM_IDE/STM32CubeIDE_1.14.1/STM32CubeIDE/plugins/com.st.stm32cube.ide.mcu.externaltools.gnu-tools-for-stm32.11.3.rel1.win32_1.1.100.202309141235/tools/bin/../lib/gcc/arm-none-eabi/11.3.1/thumb/v7e-m+fp/hard\libgcc.a(_dvmd_tls.o)
 .ARM.attributes
                0x00000000000007ff       0x1e E:/STM_IDE/STM32CubeIDE_1.14.1/STM32CubeIDE/plugins/com.st.stm32cube.ide.mcu.externaltools.gnu-tools-for-stm32.11.3.rel1.win32_1.1.100.202309141235/tools/bin/../lib/gcc/arm-none-eabi/11.3.1/thumb/v7e-m+fp/hard/crtn.o
OUTPUT(Nucleo_project.elf elf32-littlearm)
LOAD linker stubs
LOAD E:/STM_IDE/STM32CubeIDE_1.14.1/STM32CubeIDE/plugins/com.st.stm32cube.ide.mcu.externaltools.gnu-tools-for-stm32.11.3.rel1.win32_1.1.100.202309141235/tools/bin/../lib/gcc/arm-none-eabi/11.3.1/../../../../arm-none-eabi/lib/thumb/v7e-m+fp/hard\libc.a
LOAD E:/STM_IDE/STM32CubeIDE_1.14.1/STM32CubeIDE/plugins/com.st.stm32cube.ide.mcu.externaltools.gnu-tools-for-stm32.11.3.rel1.win32_1.1.100.202309141235/tools/bin/../lib/gcc/arm-none-eabi/11.3.1/../../../../arm-none-eabi/lib/thumb/v7e-m+fp/hard\libm.a
LOAD E:/STM_IDE/STM32CubeIDE_1.14.1/STM32CubeIDE/plugins/com.st.stm32cube.ide.mcu.externaltools.gnu-tools-for-stm32.11.3.rel1.win32_1.1.100.202309141235/tools/bin/../lib/gcc/arm-none-eabi/11.3.1/thumb/v7e-m+fp/hard\libgcc.a

.comment        0x0000000000000000       0x43
 .comment       0x0000000000000000       0x43 E:/STM_IDE/STM32CubeIDE_1.14.1/STM32CubeIDE/plugins/com.st.stm32cube.ide.mcu.externaltools.gnu-tools-for-stm32.11.3.rel1.win32_1.1.100.202309141235/tools/bin/../lib/gcc/arm-none-eabi/11.3.1/thumb/v7e-m+fp/hard/crtbegin.o
                                         0x44 (size before relaxing)
 .comment       0x0000000000000043       0x44 ./Core/Src/Motor_Driver.o
 .comment       0x0000000000000043       0x44 ./Core/Src/RC_Car_App_Prg.o
 .comment       0x0000000000000043       0x44 ./Core/Src/freertos.o
 .comment       0x0000000000000043       0x44 ./Core/Src/gpio.o
 .comment       0x0000000000000043       0x44 ./Core/Src/main.o
 .comment       0x0000000000000043       0x44 ./Core/Src/stm32f4xx_hal_msp.o
 .comment       0x0000000000000043       0x44 ./Core/Src/stm32f4xx_hal_timebase_tim.o
 .comment       0x0000000000000043       0x44 ./Core/Src/stm32f4xx_it.o
 .comment       0x0000000000000043       0x44 ./Core/Src/system_stm32f4xx.o
 .comment       0x0000000000000043       0x44 ./Core/Src/tim.o
 .comment       0x0000000000000043       0x44 ./Core/Src/usart.o
 .comment       0x0000000000000043       0x44 ./Drivers/STM32F4xx_HAL_Driver/Src/stm32f4xx_hal.o
 .comment       0x0000000000000043       0x44 ./Drivers/STM32F4xx_HAL_Driver/Src/stm32f4xx_hal_cortex.o
 .comment       0x0000000000000043       0x44 ./Drivers/STM32F4xx_HAL_Driver/Src/stm32f4xx_hal_gpio.o
 .comment       0x0000000000000043       0x44 ./Drivers/STM32F4xx_HAL_Driver/Src/stm32f4xx_hal_rcc.o
 .comment       0x0000000000000043       0x44 ./Drivers/STM32F4xx_HAL_Driver/Src/stm32f4xx_hal_rcc_ex.o
 .comment       0x0000000000000043       0x44 ./Drivers/STM32F4xx_HAL_Driver/Src/stm32f4xx_hal_tim.o
 .comment       0x0000000000000043       0x44 ./Drivers/STM32F4xx_HAL_Driver/Src/stm32f4xx_hal_tim_ex.o
 .comment       0x0000000000000043       0x44 ./Drivers/STM32F4xx_HAL_Driver/Src/stm32f4xx_hal_uart.o
 .comment       0x0000000000000043       0x44 ./Middlewares/Third_Party/FreeRTOS/Source/CMSIS_RTOS/cmsis_os.o
 .comment       0x0000000000000043       0x44 ./Middlewares/Third_Party/FreeRTOS/Source/list.o
 .comment       0x0000000000000043       0x44 ./Middlewares/Third_Party/FreeRTOS/Source/queue.o
 .comment       0x0000000000000043       0x44 ./Middlewares/Third_Party/FreeRTOS/Source/tasks.o
 .comment       0x0000000000000043       0x44 ./Middlewares/Third_Party/FreeRTOS/Source/portable/GCC/ARM_CM4F/port.o
 .comment       0x0000000000000043       0x44 ./Middlewares/Third_Party/FreeRTOS/Source/portable/MemMang/heap_1.o

.debug_info     0x0000000000000000    0x17037
 .debug_info    0x0000000000000000      0x87c ./Core/Src/Motor_Driver.o
 .debug_info    0x000000000000087c      0xc97 ./Core/Src/RC_Car_App_Prg.o
 .debug_info    0x0000000000001513      0xb41 ./Core/Src/freertos.o
 .debug_info    0x0000000000002054      0x455 ./Core/Src/gpio.o
 .debug_info    0x00000000000024a9      0xd0d ./Core/Src/main.o
 .debug_info    0x00000000000031b6      0x505 ./Core/Src/stm32f4xx_hal_msp.o
 .debug_info    0x00000000000036bb      0xc44 ./Core/Src/stm32f4xx_hal_timebase_tim.o
 .debug_info    0x00000000000042ff      0x6c1 ./Core/Src/stm32f4xx_it.o
 .debug_info    0x00000000000049c0      0x54a ./Core/Src/system_stm32f4xx.o
 .debug_info    0x0000000000004f0a     0x112e ./Core/Src/tim.o
 .debug_info    0x0000000000006038      0xb03 ./Core/Src/usart.o
 .debug_info    0x0000000000006b3b       0x23 ./Core/Startup/startup_stm32f446retx.o
 .debug_info    0x0000000000006b5e      0x99a ./Drivers/STM32F4xx_HAL_Driver/Src/stm32f4xx_hal.o
 .debug_info    0x00000000000074f8      0xd75 ./Drivers/STM32F4xx_HAL_Driver/Src/stm32f4xx_hal_cortex.o
 .debug_info    0x000000000000826d      0x70b ./Drivers/STM32F4xx_HAL_Driver/Src/stm32f4xx_hal_gpio.o
 .debug_info    0x0000000000008978      0x8ed ./Drivers/STM32F4xx_HAL_Driver/Src/stm32f4xx_hal_rcc.o
 .debug_info    0x0000000000009265      0x956 ./Drivers/STM32F4xx_HAL_Driver/Src/stm32f4xx_hal_rcc_ex.o
 .debug_info    0x0000000000009bbb     0x299d ./Drivers/STM32F4xx_HAL_Driver/Src/stm32f4xx_hal_tim.o
 .debug_info    0x000000000000c558     0x14db ./Drivers/STM32F4xx_HAL_Driver/Src/stm32f4xx_hal_tim_ex.o
 .debug_info    0x000000000000da33     0x2f4f ./Drivers/STM32F4xx_HAL_Driver/Src/stm32f4xx_hal_uart.o
 .debug_info    0x0000000000010982     0x21e1 ./Middlewares/Third_Party/FreeRTOS/Source/CMSIS_RTOS/cmsis_os.o
 .debug_info    0x0000000000012b63      0x2af ./Middlewares/Third_Party/FreeRTOS/Source/list.o
 .debug_info    0x0000000000012e12     0x17cd ./Middlewares/Third_Party/FreeRTOS/Source/queue.o
 .debug_info    0x00000000000145df     0x239d ./Middlewares/Third_Party/FreeRTOS/Source/tasks.o
 .debug_info    0x000000000001697c      0x4de ./Middlewares/Third_Party/FreeRTOS/Source/portable/GCC/ARM_CM4F/port.o
 .debug_info    0x0000000000016e5a      0x1dd ./Middlewares/Third_Party/FreeRTOS/Source/portable/MemMang/heap_1.o

.debug_abbrev   0x0000000000000000     0x3888
 .debug_abbrev  0x0000000000000000      0x1d9 ./Core/Src/Motor_Driver.o
 .debug_abbrev  0x00000000000001d9      0x25d ./Core/Src/RC_Car_App_Prg.o
 .debug_abbrev  0x0000000000000436      0x1eb ./Core/Src/freertos.o
 .debug_abbrev  0x0000000000000621      0x152 ./Core/Src/gpio.o
 .debug_abbrev  0x0000000000000773      0x261 ./Core/Src/main.o
 .debug_abbrev  0x00000000000009d4      0x119 ./Core/Src/stm32f4xx_hal_msp.o
 .debug_abbrev  0x0000000000000aed      0x1f4 ./Core/Src/stm32f4xx_hal_timebase_tim.o
 .debug_abbrev  0x0000000000000ce1      0x181 ./Core/Src/stm32f4xx_it.o
 .debug_abbrev  0x0000000000000e62      0x11a ./Core/Src/system_stm32f4xx.o
 .debug_abbrev  0x0000000000000f7c      0x28b ./Core/Src/tim.o
 .debug_abbrev  0x0000000000001207      0x23b ./Core/Src/usart.o
 .debug_abbrev  0x0000000000001442       0x12 ./Core/Startup/startup_stm32f446retx.o
 .debug_abbrev  0x0000000000001454      0x214 ./Drivers/STM32F4xx_HAL_Driver/Src/stm32f4xx_hal.o
 .debug_abbrev  0x0000000000001668      0x328 ./Drivers/STM32F4xx_HAL_Driver/Src/stm32f4xx_hal_cortex.o
 .debug_abbrev  0x0000000000001990      0x1d4 ./Drivers/STM32F4xx_HAL_Driver/Src/stm32f4xx_hal_gpio.o
 .debug_abbrev  0x0000000000001b64      0x2b6 ./Drivers/STM32F4xx_HAL_Driver/Src/stm32f4xx_hal_rcc.o
 .debug_abbrev  0x0000000000001e1a      0x20a ./Drivers/STM32F4xx_HAL_Driver/Src/stm32f4xx_hal_rcc_ex.o
 .debug_abbrev  0x0000000000002024      0x278 ./Drivers/STM32F4xx_HAL_Driver/Src/stm32f4xx_hal_tim.o
 .debug_abbrev  0x000000000000229c      0x283 ./Drivers/STM32F4xx_HAL_Driver/Src/stm32f4xx_hal_tim_ex.o
 .debug_abbrev  0x000000000000251f      0x30e ./Drivers/STM32F4xx_HAL_Driver/Src/stm32f4xx_hal_uart.o
 .debug_abbrev  0x000000000000282d      0x426 ./Middlewares/Third_Party/FreeRTOS/Source/CMSIS_RTOS/cmsis_os.o
 .debug_abbrev  0x0000000000002c53       0xf5 ./Middlewares/Third_Party/FreeRTOS/Source/list.o
 .debug_abbrev  0x0000000000002d48      0x3b5 ./Middlewares/Third_Party/FreeRTOS/Source/queue.o
 .debug_abbrev  0x00000000000030fd      0x3d0 ./Middlewares/Third_Party/FreeRTOS/Source/tasks.o
 .debug_abbrev  0x00000000000034cd      0x25c ./Middlewares/Third_Party/FreeRTOS/Source/portable/GCC/ARM_CM4F/port.o
 .debug_abbrev  0x0000000000003729      0x15f ./Middlewares/Third_Party/FreeRTOS/Source/portable/MemMang/heap_1.o

.debug_aranges  0x0000000000000000     0x1368
 .debug_aranges
                0x0000000000000000       0x50 ./Core/Src/Motor_Driver.o
 .debug_aranges
                0x0000000000000050       0xb0 ./Core/Src/RC_Car_App_Prg.o
 .debug_aranges
                0x0000000000000100       0x30 ./Core/Src/freertos.o
 .debug_aranges
                0x0000000000000130       0x20 ./Core/Src/gpio.o
 .debug_aranges
                0x0000000000000150       0x38 ./Core/Src/main.o
 .debug_aranges
                0x0000000000000188       0x20 ./Core/Src/stm32f4xx_hal_msp.o
 .debug_aranges
                0x00000000000001a8       0x30 ./Core/Src/stm32f4xx_hal_timebase_tim.o
 .debug_aranges
                0x00000000000001d8       0x58 ./Core/Src/stm32f4xx_it.o
 .debug_aranges
                0x0000000000000230       0x28 ./Core/Src/system_stm32f4xx.o
 .debug_aranges
                0x0000000000000258       0x60 ./Core/Src/tim.o
 .debug_aranges
                0x00000000000002b8       0x50 ./Core/Src/usart.o
 .debug_aranges
                0x0000000000000308       0x28 ./Core/Startup/startup_stm32f446retx.o
 .debug_aranges
                0x0000000000000330       0xf0 ./Drivers/STM32F4xx_HAL_Driver/Src/stm32f4xx_hal.o
 .debug_aranges
                0x0000000000000420      0x120 ./Drivers/STM32F4xx_HAL_Driver/Src/stm32f4xx_hal_cortex.o
 .debug_aranges
                0x0000000000000540       0x58 ./Drivers/STM32F4xx_HAL_Driver/Src/stm32f4xx_hal_gpio.o
 .debug_aranges
                0x0000000000000598       0x88 ./Drivers/STM32F4xx_HAL_Driver/Src/stm32f4xx_hal_rcc.o
 .debug_aranges
                0x0000000000000620       0x78 ./Drivers/STM32F4xx_HAL_Driver/Src/stm32f4xx_hal_rcc_ex.o
 .debug_aranges
                0x0000000000000698      0x3d0 ./Drivers/STM32F4xx_HAL_Driver/Src/stm32f4xx_hal_tim.o
 .debug_aranges
                0x0000000000000a68      0x168 ./Drivers/STM32F4xx_HAL_Driver/Src/stm32f4xx_hal_tim_ex.o
 .debug_aranges
                0x0000000000000bd0      0x208 ./Drivers/STM32F4xx_HAL_Driver/Src/stm32f4xx_hal_uart.o
 .debug_aranges
                0x0000000000000dd8      0x1d8 ./Middlewares/Third_Party/FreeRTOS/Source/CMSIS_RTOS/cmsis_os.o
 .debug_aranges
                0x0000000000000fb0       0x40 ./Middlewares/Third_Party/FreeRTOS/Source/list.o
 .debug_aranges
                0x0000000000000ff0      0x108 ./Middlewares/Third_Party/FreeRTOS/Source/queue.o
 .debug_aranges
                0x00000000000010f8      0x1b8 ./Middlewares/Third_Party/FreeRTOS/Source/tasks.o
 .debug_aranges
                0x00000000000012b0       0x80 ./Middlewares/Third_Party/FreeRTOS/Source/portable/GCC/ARM_CM4F/port.o
 .debug_aranges
                0x0000000000001330       0x38 ./Middlewares/Third_Party/FreeRTOS/Source/portable/MemMang/heap_1.o

.debug_rnglists
                0x0000000000000000      0xeff
 .debug_rnglists
                0x0000000000000000       0x38 ./Core/Src/Motor_Driver.o
 .debug_rnglists
                0x0000000000000038       0x83 ./Core/Src/RC_Car_App_Prg.o
 .debug_rnglists
                0x00000000000000bb       0x1f ./Core/Src/freertos.o
 .debug_rnglists
                0x00000000000000da       0x14 ./Core/Src/gpio.o
 .debug_rnglists
                0x00000000000000ee       0x27 ./Core/Src/main.o
 .debug_rnglists
                0x0000000000000115       0x13 ./Core/Src/stm32f4xx_hal_msp.o
 .debug_rnglists
                0x0000000000000128       0x20 ./Core/Src/stm32f4xx_hal_timebase_tim.o
 .debug_rnglists
                0x0000000000000148       0x3d ./Core/Src/stm32f4xx_it.o
 .debug_rnglists
                0x0000000000000185       0x1a ./Core/Src/system_stm32f4xx.o
 .debug_rnglists
                0x000000000000019f       0x49 ./Core/Src/tim.o
 .debug_rnglists
                0x00000000000001e8       0x39 ./Core/Src/usart.o
 .debug_rnglists
                0x0000000000000221       0x19 ./Core/Startup/startup_stm32f446retx.o
 .debug_rnglists
                0x000000000000023a       0xaf ./Drivers/STM32F4xx_HAL_Driver/Src/stm32f4xx_hal.o
 .debug_rnglists
                0x00000000000002e9       0xd4 ./Drivers/STM32F4xx_HAL_Driver/Src/stm32f4xx_hal_cortex.o
 .debug_rnglists
                0x00000000000003bd       0x3f ./Drivers/STM32F4xx_HAL_Driver/Src/stm32f4xx_hal_gpio.o
 .debug_rnglists
                0x00000000000003fc       0x66 ./Drivers/STM32F4xx_HAL_Driver/Src/stm32f4xx_hal_rcc.o
 .debug_rnglists
                0x0000000000000462       0x5e ./Drivers/STM32F4xx_HAL_Driver/Src/stm32f4xx_hal_rcc_ex.o
 .debug_rnglists
                0x00000000000004c0      0x31a ./Drivers/STM32F4xx_HAL_Driver/Src/stm32f4xx_hal_tim.o
 .debug_rnglists
                0x00000000000007da      0x125 ./Drivers/STM32F4xx_HAL_Driver/Src/stm32f4xx_hal_tim_ex.o
 .debug_rnglists
                0x00000000000008ff      0x1bc ./Drivers/STM32F4xx_HAL_Driver/Src/stm32f4xx_hal_uart.o
 .debug_rnglists
                0x0000000000000abb      0x16a ./Middlewares/Third_Party/FreeRTOS/Source/CMSIS_RTOS/cmsis_os.o
 .debug_rnglists
                0x0000000000000c25       0x2b ./Middlewares/Third_Party/FreeRTOS/Source/list.o
 .debug_rnglists
                0x0000000000000c50       0xcd ./Middlewares/Third_Party/FreeRTOS/Source/queue.o
 .debug_rnglists
                0x0000000000000d1d      0x15f ./Middlewares/Third_Party/FreeRTOS/Source/tasks.o
 .debug_rnglists
                0x0000000000000e7c       0x5d ./Middlewares/Third_Party/FreeRTOS/Source/portable/GCC/ARM_CM4F/port.o
 .debug_rnglists
                0x0000000000000ed9       0x26 ./Middlewares/Third_Party/FreeRTOS/Source/portable/MemMang/heap_1.o

.debug_macro    0x0000000000000000    0x241b0
 .debug_macro   0x0000000000000000      0x1ee ./Core/Src/Motor_Driver.o
 .debug_macro   0x00000000000001ee      0xaa8 ./Core/Src/Motor_Driver.o
 .debug_macro   0x0000000000000c96      0x29b ./Core/Src/Motor_Driver.o
 .debug_macro   0x0000000000000f31       0x2e ./Core/Src/Motor_Driver.o
 .debug_macro   0x0000000000000f5f       0x28 ./Core/Src/Motor_Driver.o
 .debug_macro   0x0000000000000f87       0x22 ./Core/Src/Motor_Driver.o
 .debug_macro   0x0000000000000fa9       0x8e ./Core/Src/Motor_Driver.o
 .debug_macro   0x0000000000001037       0x51 ./Core/Src/Motor_Driver.o
 .debug_macro   0x0000000000001088      0x103 ./Core/Src/Motor_Driver.o
 .debug_macro   0x000000000000118b       0x6a ./Core/Src/Motor_Driver.o
 .debug_macro   0x00000000000011f5      0x1df ./Core/Src/Motor_Driver.o
 .debug_macro   0x00000000000013d4       0x1c ./Core/Src/Motor_Driver.o
 .debug_macro   0x00000000000013f0       0x22 ./Core/Src/Motor_Driver.o
 .debug_macro   0x0000000000001412       0xfb ./Core/Src/Motor_Driver.o
 .debug_macro   0x000000000000150d     0x1011 ./Core/Src/Motor_Driver.o
 .debug_macro   0x000000000000251e      0x11f ./Core/Src/Motor_Driver.o
 .debug_macro   0x000000000000263d    0x16749 ./Core/Src/Motor_Driver.o
 .debug_macro   0x0000000000018d86       0x6d ./Core/Src/Motor_Driver.o
 .debug_macro   0x0000000000018df3     0x368c ./Core/Src/Motor_Driver.o
 .debug_macro   0x000000000001c47f      0x174 ./Core/Src/Motor_Driver.o
 .debug_macro   0x000000000001c5f3       0x5c ./Core/Src/Motor_Driver.o
 .debug_macro   0x000000000001c64f      0xca5 ./Core/Src/Motor_Driver.o
 .debug_macro   0x000000000001d2f4      0x9e9 ./Core/Src/Motor_Driver.o
 .debug_macro   0x000000000001dcdd      0x115 ./Core/Src/Motor_Driver.o
 .debug_macro   0x000000000001ddf2      0x1a0 ./Core/Src/Motor_Driver.o
 .debug_macro   0x000000000001df92       0xa5 ./Core/Src/Motor_Driver.o
 .debug_macro   0x000000000001e037      0x16d ./Core/Src/Motor_Driver.o
 .debug_macro   0x000000000001e1a4      0x287 ./Core/Src/Motor_Driver.o
 .debug_macro   0x000000000001e42b       0x5f ./Core/Src/Motor_Driver.o
 .debug_macro   0x000000000001e48a      0x236 ./Core/Src/Motor_Driver.o
 .debug_macro   0x000000000001e6c0      0x132 ./Core/Src/Motor_Driver.o
 .debug_macro   0x000000000001e7f2      0x29c ./Core/Src/Motor_Driver.o
 .debug_macro   0x000000000001ea8e       0x2e ./Core/Src/Motor_Driver.o
 .debug_macro   0x000000000001eabc      0x127 ./Core/Src/Motor_Driver.o
 .debug_macro   0x000000000001ebe3       0xe8 ./Core/Src/Motor_Driver.o
 .debug_macro   0x000000000001eccb       0x89 ./Core/Src/Motor_Driver.o
 .debug_macro   0x000000000001ed54      0x8ed ./Core/Src/Motor_Driver.o
 .debug_macro   0x000000000001f641       0x53 ./Core/Src/Motor_Driver.o
 .debug_macro   0x000000000001f694      0x2aa ./Core/Src/Motor_Driver.o
 .debug_macro   0x000000000001f93e      0x126 ./Core/Src/Motor_Driver.o
 .debug_macro   0x000000000001fa64       0x5e ./Core/Src/Motor_Driver.o
 .debug_macro   0x000000000001fac2       0x46 ./Core/Src/Motor_Driver.o
 .debug_macro   0x000000000001fb08      0x344 ./Core/Src/RC_Car_App_Prg.o
 .debug_macro   0x000000000001fe4c       0xf1 ./Core/Src/RC_Car_App_Prg.o
 .debug_macro   0x000000000001ff3d      0x15a ./Core/Src/RC_Car_App_Prg.o
 .debug_macro   0x0000000000020097       0xde ./Core/Src/RC_Car_App_Prg.o
 .debug_macro   0x0000000000020175       0x1c ./Core/Src/RC_Car_App_Prg.o
 .debug_macro   0x0000000000020191       0x26 ./Core/Src/RC_Car_App_Prg.o
 .debug_macro   0x00000000000201b7       0x61 ./Core/Src/RC_Car_App_Prg.o
 .debug_macro   0x0000000000020218       0x2a ./Core/Src/RC_Car_App_Prg.o
 .debug_macro   0x0000000000020242       0x43 ./Core/Src/RC_Car_App_Prg.o
 .debug_macro   0x0000000000020285       0x34 ./Core/Src/RC_Car_App_Prg.o
 .debug_macro   0x00000000000202b9       0x16 ./Core/Src/RC_Car_App_Prg.o
 .debug_macro   0x00000000000202cf       0x43 ./Core/Src/RC_Car_App_Prg.o
 .debug_macro   0x0000000000020312       0x34 ./Core/Src/RC_Car_App_Prg.o
 .debug_macro   0x0000000000020346       0x10 ./Core/Src/RC_Car_App_Prg.o
 .debug_macro   0x0000000000020356       0x58 ./Core/Src/RC_Car_App_Prg.o
 .debug_macro   0x00000000000203ae       0x8e ./Core/Src/RC_Car_App_Prg.o
 .debug_macro   0x000000000002043c       0x1c ./Core/Src/RC_Car_App_Prg.o
 .debug_macro   0x0000000000020458      0x177 ./Core/Src/RC_Car_App_Prg.o
 .debug_macro   0x00000000000205cf       0x10 ./Core/Src/RC_Car_App_Prg.o
 .debug_macro   0x00000000000205df       0x35 ./Core/Src/RC_Car_App_Prg.o
 .debug_macro   0x0000000000020614      0x4fe ./Core/Src/RC_Car_App_Prg.o
 .debug_macro   0x0000000000020b12       0xb5 ./Core/Src/RC_Car_App_Prg.o
 .debug_macro   0x0000000000020bc7       0xaa ./Core/Src/RC_Car_App_Prg.o
 .debug_macro   0x0000000000020c71       0x91 ./Core/Src/RC_Car_App_Prg.o
 .debug_macro   0x0000000000020d02       0x19 ./Core/Src/RC_Car_App_Prg.o
 .debug_macro   0x0000000000020d1b       0x8d ./Core/Src/RC_Car_App_Prg.o
 .debug_macro   0x0000000000020da8       0x7e ./Core/Src/RC_Car_App_Prg.o
 .debug_macro   0x0000000000020e26       0x94 ./Core/Src/RC_Car_App_Prg.o
 .debug_macro   0x0000000000020eba      0x32d ./Core/Src/freertos.o
 .debug_macro   0x00000000000211e7       0xf1 ./Core/Src/freertos.o
 .debug_macro   0x00000000000212d8       0x58 ./Core/Src/freertos.o
 .debug_macro   0x0000000000021330       0xf2 ./Core/Src/freertos.o
 .debug_macro   0x0000000000021422      0x1e7 ./Core/Src/gpio.o
 .debug_macro   0x0000000000021609      0x358 ./Core/Src/main.o
 .debug_macro   0x0000000000021961      0x1dd ./Core/Src/stm32f4xx_hal_msp.o
 .debug_macro   0x0000000000021b3e      0x1ce ./Core/Src/stm32f4xx_hal_timebase_tim.o
 .debug_macro   0x0000000000021d0c      0x1e7 ./Core/Src/stm32f4xx_it.o
 .debug_macro   0x0000000000021ef3      0x1ce ./Core/Src/system_stm32f4xx.o
 .debug_macro   0x00000000000220c1      0x1e7 ./Core/Src/tim.o
 .debug_macro   0x00000000000222a8      0x1e7 ./Core/Src/usart.o
 .debug_macro   0x000000000002248f      0x22e ./Drivers/STM32F4xx_HAL_Driver/Src/stm32f4xx_hal.o
 .debug_macro   0x00000000000226bd      0x1ce ./Drivers/STM32F4xx_HAL_Driver/Src/stm32f4xx_hal_cortex.o
 .debug_macro   0x000000000002288b      0x1d4 ./Drivers/STM32F4xx_HAL_Driver/Src/stm32f4xx_hal_gpio.o
 .debug_macro   0x0000000000022a5f      0x1f2 ./Drivers/STM32F4xx_HAL_Driver/Src/stm32f4xx_hal_rcc.o
 .debug_macro   0x0000000000022c51      0x1ce ./Drivers/STM32F4xx_HAL_Driver/Src/stm32f4xx_hal_rcc_ex.o
 .debug_macro   0x0000000000022e1f      0x1cf ./Drivers/STM32F4xx_HAL_Driver/Src/stm32f4xx_hal_tim.o
 .debug_macro   0x0000000000022fee      0x1ce ./Drivers/STM32F4xx_HAL_Driver/Src/stm32f4xx_hal_tim_ex.o
 .debug_macro   0x00000000000231bc      0x1cf ./Drivers/STM32F4xx_HAL_Driver/Src/stm32f4xx_hal_uart.o
 .debug_macro   0x000000000002338b      0x210 ./Middlewares/Third_Party/FreeRTOS/Source/CMSIS_RTOS/cmsis_os.o
 .debug_macro   0x000000000002359b       0x10 ./Middlewares/Third_Party/FreeRTOS/Source/CMSIS_RTOS/cmsis_os.o
 .debug_macro   0x00000000000235ab       0x20 ./Middlewares/Third_Party/FreeRTOS/Source/CMSIS_RTOS/cmsis_os.o
 .debug_macro   0x00000000000235cb       0x16 ./Middlewares/Third_Party/FreeRTOS/Source/CMSIS_RTOS/cmsis_os.o
 .debug_macro   0x00000000000235e1       0xe9 ./Middlewares/Third_Party/FreeRTOS/Source/CMSIS_RTOS/cmsis_os.o
 .debug_macro   0x00000000000236ca      0x199 ./Middlewares/Third_Party/FreeRTOS/Source/list.o
 .debug_macro   0x0000000000023863      0x228 ./Middlewares/Third_Party/FreeRTOS/Source/queue.o
 .debug_macro   0x0000000000023a8b       0x16 ./Middlewares/Third_Party/FreeRTOS/Source/queue.o
 .debug_macro   0x0000000000023aa1       0x87 ./Middlewares/Third_Party/FreeRTOS/Source/queue.o
 .debug_macro   0x0000000000023b28      0x28b ./Middlewares/Third_Party/FreeRTOS/Source/tasks.o
 .debug_macro   0x0000000000023db3       0x10 ./Middlewares/Third_Party/FreeRTOS/Source/tasks.o
 .debug_macro   0x0000000000023dc3      0x233 ./Middlewares/Third_Party/FreeRTOS/Source/portable/GCC/ARM_CM4F/port.o