Archive member included to satisfy reference by file (symbol)

E:/STM_IDE/STM32CubeIDE_1.14.1/STM32CubeIDE/plugins/com.st.stm32cube.ide.mcu.externaltools.gnu-tools-for-stm32.11.3.rel1.win32_1.1.100.202309141235/tools/bin/../lib/gcc/arm-none-eabi/11.3.1/../../../../arm-none-eabi/lib/thumb/v7e-m+fp/hard\libc_nano.a(libc_a-exit.o)
                              E:/STM_IDE/STM32CubeIDE_1.14.1/STM32CubeIDE/plugins/com.st.stm32cube.ide.mcu.externaltools.gnu-tools-for-stm32.11.3.rel1.win32_1.1.100.202309141235/tools/bin/../lib/gcc/arm-none-eabi/11.3.1/../../../../arm-none-eabi/lib/thumb/v7e-m+fp/hard/crt0.o (exit)
E:/STM_IDE/STM32CubeIDE_1.14.1/STM32CubeIDE/plugins/com.st.stm32cube.ide.mcu.externaltools.gnu-tools-for-stm32.11.3.rel1.win32_1.1.100.202309141235/tools/bin/../lib/gcc/arm-none-eabi/11.3.1/../../../../arm-none-eabi/lib/thumb/v7e-m+fp/hard\libc_nano.a(libc_a-findfp.o)
                              ./Middlewares/Third_Party/FreeRTOS/Source/tasks.o (__sf)
E:/STM_IDE/STM32CubeIDE_1.14.1/STM32CubeIDE/plugins/com.st.stm32cube.ide.mcu.externaltools.gnu-tools-for-stm32.11.3.rel1.win32_1.1.100.202309141235/tools/bin/../lib/gcc/arm-none-eabi/11.3.1/../../../../arm-none-eabi/lib/thumb/v7e-m+fp/hard\libc_nano.a(libc_a-fwalk.o)
                              E:/STM_IDE/STM32CubeIDE_1.14.1/STM32CubeIDE/plugins/com.st.stm32cube.ide.mcu.externaltools.gnu-tools-for-stm32.11.3.rel1.win32_1.1.100.202309141235/tools/bin/../lib/gcc/arm-none-eabi/11.3.1/../../../../arm-none-eabi/lib/thumb/v7e-m+fp/hard\libc_nano.a(libc_a-findfp.o) (_fwalk_sglue)
E:/STM_IDE/STM32CubeIDE_1.14.1/STM32CubeIDE/plugins/com.st.stm32cube.ide.mcu.externaltools.gnu-tools-for-stm32.11.3.rel1.win32_1.1.100.202309141235/tools/bin/../lib/gcc/arm-none-eabi/11.3.1/../../../../arm-none-eabi/lib/thumb/v7e-m+fp/hard\libc_nano.a(libc_a-stdio.o)
                              E:/STM_IDE/STM32CubeIDE_1.14.1/STM32CubeIDE/plugins/com.st.stm32cube.ide.mcu.externaltools.gnu-tools-for-stm32.11.3.rel1.win32_1.1.100.202309141235/tools/bin/../lib/gcc/arm-none-eabi/11.3.1/../../../../arm-none-eabi/lib/thumb/v7e-m+fp/hard\libc_nano.a(libc_a-findfp.o) (__sread)
E:/STM_IDE/STM32CubeIDE_1.14.1/STM32CubeIDE/plugins/com.st.stm32cube.ide.mcu.externaltools.gnu-tools-for-stm32.11.3.rel1.win32_1.1.100.202309141235/tools/bin/../lib/gcc/arm-none-eabi/11.3.1/../../../../arm-none-eabi/lib/thumb/v7e-m+fp/hard\libc_nano.a(libc_a-memset.o)
                              E:/STM_IDE/STM32CubeIDE_1.14.1/STM32CubeIDE/plugins/com.st.stm32cube.ide.mcu.externaltools.gnu-tools-for-stm32.11.3.rel1.win32_1.1.100.202309141235/tools/bin/../lib/gcc/arm-none-eabi/11.3.1/../../../../arm-none-eabi/lib/thumb/v7e-m+fp/hard/crt0.o (memset)
E:/STM_IDE/STM32CubeIDE_1.14.1/STM32CubeIDE/plugins/com.st.stm32cube.ide.mcu.externaltools.gnu-tools-for-stm32.11.3.rel1.win32_1.1.100.202309141235/tools/bin/../lib/gcc/arm-none-eabi/11.3.1/../../../../arm-none-eabi/lib/thumb/v7e-m+fp/hard\libc_nano.a(libc_a-closer.o)
                              E:/STM_IDE/STM32CubeIDE_1.14.1/STM32CubeIDE/plugins/com.st.stm32cube.ide.mcu.externaltools.gnu-tools-for-stm32.11.3.rel1.win32_1.1.100.202309141235/tools/bin/../lib/gcc/arm-none-eabi/11.3.1/../../../../arm-none-eabi/lib/thumb/v7e-m+fp/hard\libc_nano.a(libc_a-stdio.o) (_close_r)
E:/STM_IDE/STM32CubeIDE_1.14.1/STM32CubeIDE/plugins/com.st.stm32cube.ide.mcu.externaltools.gnu-tools-for-stm32.11.3.rel1.win32_1.1.100.202309141235/tools/bin/../lib/gcc/arm-none-eabi/11.3.1/../../../../arm-none-eabi/lib/thumb/v7e-m+fp/hard\libc_nano.a(libc_a-reent.o)
                              ./Middlewares/Third_Party/FreeRTOS/Source/tasks.o (_reclaim_reent)
E:/STM_IDE/STM32CubeIDE_1.14.1/STM32CubeIDE/plugins/com.st.stm32cube.ide.mcu.externaltools.gnu-tools-for-stm32.11.3.rel1.win32_1.1.100.202309141235/tools/bin/../lib/gcc/arm-none-eabi/11.3.1/../../../../arm-none-eabi/lib/thumb/v7e-m+fp/hard\libc_nano.a(libc_a-impure.o)
                              ./Middlewares/Third_Party/FreeRTOS/Source/tasks.o (_impure_ptr)
E:/STM_IDE/STM32CubeIDE_1.14.1/STM32CubeIDE/plugins/com.st.stm32cube.ide.mcu.externaltools.gnu-tools-for-stm32.11.3.rel1.win32_1.1.100.202309141235/tools/bin/../lib/gcc/arm-none-eabi/11.3.1/../../../../arm-none-eabi/lib/thumb/v7e-m+fp/hard\libc_nano.a(libc_a-lseekr.o)
                              E:/STM_IDE/STM32CubeIDE_1.14.1/STM32CubeIDE/plugins/com.st.stm32cube.ide.mcu.externaltools.gnu-tools-for-stm32.11.3.rel1.win32_1.1.100.202309141235/tools/bin/../lib/gcc/arm-none-eabi/11.3.1/../../../../arm-none-eabi/lib/thumb/v7e-m+fp/hard\libc_nano.a(libc_a-stdio.o) (_lseek_r)
E:/STM_IDE/STM32CubeIDE_1.14.1/STM32CubeIDE/plugins/com.st.stm32cube.ide.mcu.externaltools.gnu-tools-for-stm32.11.3.rel1.win32_1.1.100.202309141235/tools/bin/../lib/gcc/arm-none-eabi/11.3.1/../../../../arm-none-eabi/lib/thumb/v7e-m+fp/hard\libc_nano.a(libc_a-readr.o)
[...]
Memory Configuration

Name             Origin             Length             Attributes
RAM              0x0000000020000000 0x0000000000020000 xrw
FLASH            0x0000000008000000 0x0000000000080000 xr
*default*        0x0000000000000000 0xffffffffffffffff

Linker script and memory map

LOAD E:/STM_IDE/STM32CubeIDE_1.14.1/STM32CubeIDE/plugins/com.st.stm32cube.ide.mcu.externaltools.gnu-tools-for-stm32.11.3.rel1.win32_1.1.100.202309141235/tools/bin/../lib/gcc/arm-none-eabi/11.3.1/thumb/v7e-m+fp/hard/crti.o
LOAD E:/STM_IDE/STM32CubeIDE_1.14.1/STM32CubeIDE/plugins/com.st.stm32cube.ide.mcu.externaltools.gnu-tools-for-stm32.11.3.rel1.win32_1.1.100.202309141235/tools/bin/../lib/gcc/arm-none-eabi/11.3.1/thumb/v7e-m+fp/hard/crtbegin.o
LOAD E:/STM_IDE/STM32CubeIDE_1.14.1/STM32CubeIDE/plugins/com.st.stm32cube.ide.mcu.externaltools.gnu-tools-for-stm32.11.3.rel1.win32_1.1.100.202309141235/tools/bin/../lib/gcc/arm-none-eabi/11.3.1/../../../../arm-none-eabi/lib/thumb/v7e-m+fp/hard/crt0.o
LOAD ./Core/Src/Motor_Driver.o
LOAD ./Core/Src/RC_Car_App_Prg.o
LOAD ./Core/Src/Ultrasonic.o
LOAD ./Core/Src/freertos.o
LOAD ./Core/Src/gpio.o
LOAD ./Core/Src/main.o
LOAD ./Core/Src/stm32f4xx_hal_msp.o
LOAD ./Core/Src/stm32f4xx_hal_timebase_tim.o
LOAD ./Core/Src/stm32f4xx_it.o
LOAD ./Core/Src/syscalls.o
LOAD ./Core/Src/sysmem.o
LOAD ./Core/Src/system_stm32f4xx.o
LOAD ./Core/Src/tim.o
LOAD ./Core/Src/usart.o
LOAD ./Core/Startup/startup_stm32f446retx.o
LOAD ./Drivers/STM32F4xx_HAL_Driver/Src/stm32f4xx_hal.o
LOAD ./Drivers/STM32F4xx_HAL_Driver/Src/stm32f4xx_hal_cortex.o
LOAD ./Drivers/STM32F4xx_HAL_Driver/Src/stm32f4xx_hal_dma.o
LOAD ./Drivers/STM32F4xx_HAL_Driver/Src/stm32f4xx_hal_dma_ex.o
LOAD ./Drivers/STM32F4xx_HAL_Driver/Src/stm32f4xx_hal_exti.o
LOAD ./Drivers/STM32F4xx_HAL_Driver/Src/stm32f4xx_hal_flash.o
LOAD ./Drivers/STM32F4xx_HAL_Driver/Src/stm32f4xx_hal_flash_ex.o
LOAD ./Drivers/STM32F4xx_HAL_Driver/Src/stm32f4xx_hal_flash_ramfunc.o
LOAD ./Drivers/STM32F4xx_HAL_Driver/Src/stm32f4xx_hal_gpio.o
LOAD ./Drivers/STM32F4xx_HAL_Driver/Src/stm32f4xx_hal_pwr.o
LOAD ./Drivers/STM32F4xx_HAL_Driver/Src/stm32f4xx_hal_pwr_ex.o
LOAD ./Drivers/STM32F4xx_HAL_Driver/Src/stm32f4xx_hal_rcc.o
LOAD ./Drivers/STM32F4xx_HAL_Driver/Src/stm32f4xx_hal_rcc_ex.o
LOAD ./Drivers/STM32F4xx_HAL_Driver/Src/stm32f4xx_hal_tim.o
LOAD ./Drivers/STM32F4xx_HAL_Driver/Src/stm32f4xx_hal_tim_ex.o
LOAD ./Drivers/STM32F4xx_HAL_Driver/Src/stm32f4xx_hal_uart.o
LOAD ./Middlewares/Third_Party/FreeRTOS/Source/CMSIS_RTOS/cmsis_os.o
LOAD ./Middlewares/Third_Party/FreeRTOS/Source/croutine.o
LOAD ./Middlewares/Third_Party/FreeRTOS/Source/event_groups.o
LOAD ./Middlewares/Third_Party/FreeRTOS/Source/list.o
LOAD ./Middlewares/Third_Party/FreeRTOS/Source/queue.o
LOAD ./Middlewares/Third_Party/FreeRTOS/Source/stream_buffer.o
LOAD ./Middlewares/Third_Party/FreeRTOS/Source/tasks.o
LOAD ./Middlewares/Third_Party/FreeRTOS/Source/timers.o
LOAD ./Middlewares/Third_Party/FreeRTOS/Source/portable/GCC/ARM_CM4F/port.o
LOAD ./Middlewares/Third_Party/FreeRTOS/Source/portable/MemMang/heap_1.o
START GROUP
LOAD E:/STM_IDE/STM32CubeIDE_1.14.1/STM32CubeIDE/plugins/com.st.stm32cube.ide.mcu.externaltools.gnu-tools-for-stm32.11.3.rel1.win32_1.1.100.202309141235/tools/bin/../lib/gcc/arm-none-eabi/11.3.1/../../../../arm-none-eabi/lib/thumb/v7e-m+fp/hard\libc_nano.a
LOAD E:/STM_IDE/STM32CubeIDE_1.14.1/STM32CubeIDE/plugins/com.st.stm32cube.ide.mcu.externaltools.gnu-tools-for-stm32.11.3.rel1.win32_1.1.100.202309141235/tools/bin/../lib/gcc/arm-none-eabi/11.3.1/../../../../arm-none-eabi/lib/thumb/v7e-m+fp/hard\libm.a
END GROUP
START GROUP
LOAD E:/STM_IDE/STM32CubeIDE_1.14.1/STM32CubeIDE/plugins/com.st.stm32cube.ide.mcu.externaltools.gnu-tools-for-stm32.11.3.rel1.win32_1.1.100.202309141235/tools/bin/../lib/gcc/arm-none-eabi/11.3.1/thumb/v7e-m+fp/hard\libgcc.a
LOAD E:/STM_IDE/STM32CubeIDE_1.14.1/STM32CubeIDE/plugins/com.st.stm32cube.ide.mcu.externaltools.gnu-tools-for-stm32.11.3.rel1.win32_1.1.100.202309141235/tools/bin/../lib/gcc/arm-none-eabi/11.3.1/../../../../arm-none-eabi/lib/thumb/v7e-m+fp/hard\libc_nano.a
END GROUP
START GROUP
LOAD E:/STM_IDE/STM32CubeIDE_1.14.1/STM32CubeIDE/plugins/com.st.stm32cube.ide.mcu.externaltools.gnu-tools-for-stm32.11.3.rel1.win32_1.1.100.202309141235/tools/bin/../lib/gcc/arm-none-eabi/11.3.1/thumb/v7e-m+fp/hard\libgcc.a
LOAD E:/STM_IDE/STM32CubeIDE_1.14.1/STM32CubeIDE/plugins/com.st.stm32cube.ide.mcu.externaltools.gnu-tools-for-stm32.11.3.rel1.win32_1.1.100.202309141235/tools/bin/../lib/gcc/arm-none-eabi/11.3.1/../../../../arm-none-eabi/lib/thumb/v7e-m+fp/hard\libc_nano.a
LOAD E:/STM_IDE/STM32CubeIDE_1.14.1/STM32CubeIDE/plugins/com.st.stm32cube.ide.mcu.externaltools.gnu-tools-for-stm32.11.3.rel1.win32_1.1.100.202309141235/tools/bin/../lib/gcc/arm-none-eabi/11.3.1/../../../../arm-none-eabi/lib/thumb/v7e-m+fp/hard\libnosys.a
END GROUP
START GROUP
LOAD E:/STM_IDE/STM32CubeIDE_1.14.1/STM32CubeIDE/plugins/com.st.stm32cube.ide.mcu.externaltools.gnu-tools-for-stm32.11.3.rel1.win32_1.1.100.202309141235/tools/bin/../lib/gcc/arm-none-eabi/11.3.1/thumb/v7e-m+fp/hard\libgcc.a
LOAD E:/STM_IDE/STM32CubeIDE_1.14.1/STM32CubeIDE/plugins/com.st.stm32cube.ide.mcu.externaltools.gnu-tools-for-stm32.11.3.rel1.win32_1.1.100.202309141235/tools/bin/../lib/gcc/arm-none-eabi/11.3.1/../../../../arm-none-eabi/lib/thumb/v7e-m+fp/hard\libc_nano.a
LOAD E:/STM_IDE/STM32CubeIDE_1.14.1/STM32CubeIDE/plugins/com.st.stm32cube.ide.mcu.externaltools.gnu-tools-for-stm32.11.3.rel1.win32_1.1.100.202309141235/tools/bin/../lib/gcc/arm-none-eabi/11.3.1/../../../../arm-none-eabi/lib/thumb/v7e-m+fp/hard\libnosys.a
END GROUP
LOAD E:/STM_IDE/STM32CubeIDE_1.14.1/STM32CubeIDE/plugins/com.st.stm32cube.ide.mcu.externaltools.gnu-tools-for-stm32.11.3.rel1.win32_1.1.100.202309141235/tools/bin/../lib/gcc/arm-none-eabi/11.3.1/thumb/v7e-m+fp/hard/crtend.o
LOAD E:/STM_IDE/STM32CubeIDE_1.14.1/STM32CubeIDE/plugins/com.st.stm32cube.ide.mcu.externaltools.gnu-tools-for-stm32.11.3.rel1.win32_1.1.100.202309141235/tools/bin/../lib/gcc/arm-none-eabi/11.3.1/thumb/v7e-m+fp/hard/crtn.o
                0x0000000020020000                _estack = (ORIGIN (RAM) + LENGTH (RAM))
                0x0000000000000200                _Min_Heap_Size = 0x200
                0x0000000000000400                _Min_Stack_Size = 0x400

.isr_vector     0x0000000008000000      0x1c4
                0x0000000008000000                . = ALIGN (0x4)
 *(.isr_vector)
 .isr_vector    0x0000000008000000      0x1c4 ./Core/Startup/startup_stm32f446retx.o
                0x0000000008000000                g_pfnVectors
                0x00000000080001c4                . = ALIGN (0x4)

.text           0x00000000080001d0     0x79a0
                0x00000000080001d0                . = ALIGN (0x4)
 *(.text)
 .text          0x00000000080001d0       0x40 E:/STM_IDE/STM32CubeIDE_1.14.1/STM32CubeIDE/plugins/com.st.stm32cube.ide.mcu.externaltools.gnu-tools-for-stm32.11.3.rel1.win32_1.1.100.202309141235/tools/bin/../lib/gcc/arm-none-eabi/11.3.1/thumb/v7e-m+fp/hard/crtbegin.o
 .text          0x0000000008000210       0x30 E:/STM_IDE/STM32CubeIDE_1.14.1/STM32CubeIDE/plugins/com.st.stm32cube.ide.mcu.externaltools.gnu-tools-for-stm32.11.3.rel1.win32_1.1.100.202309141235/tools/bin/../lib/gcc/arm-none-eabi/11.3.1/thumb/v7e-m+fp/hard\libgcc.a(_aeabi_uldivmod.o)
                0x0000000008000210                __aeabi_uldivmod
 .text          0x0000000008000240      0x2c8 E:/STM_IDE/STM32CubeIDE_1.14.1/STM32CubeIDE/plugins/com.st.stm32cube.ide.mcu.externaltools.gnu-tools-for-stm32.11.3.rel1.win32_1.1.100.202309141235/tools/bin/../lib/gcc/arm-none-eabi/11.3.1/thumb/v7e-m+fp/hard\libgcc.a(_udivmoddi4.o)
                0x0000000008000240                __udivmoddi4
 .text          0x0000000008000508        0x4 E:/STM_IDE/STM32CubeIDE_1.14.1/STM32CubeIDE/plugins/com.st.stm32cube.ide.mcu.externaltools.gnu-tools-for-stm32.11.3.rel1.win32_1.1.100.202309141235/tools/bin/../lib/gcc/arm-none-eabi/11.3.1/thumb/v7e-m+fp/hard\libgcc.a(_dvmd_tls.o)
                0x0000000008000508                __aeabi_idiv0
                0x0000000008000508                __aeabi_ldiv0
 *(.text*)
 .text.HAL_DC_Motors_Forward
                0x000000000800050c       0x24 ./Core/Src/Motor_Driver.o
                0x000000000800050c                HAL_DC_Motors_Forward
 .text.HAL_DC_Motors_Backword
                0x0000000008000530       0x24 ./Core/Src/Motor_Driver.o
                0x0000000008000530                HAL_DC_Motors_Backword
 .text.HAL_DC_Motors_Stop
                0x0000000008000554       0x24 ./Core/Src/Motor_Driver.o
                0x0000000008000554                HAL_DC_Motors_Stop
 .text.HAL_DC_Motor_Init
                0x0000000008000578       0x20 ./Core/Src/Motor_Driver.o
                0x0000000008000578                HAL_DC_Motor_Init
 .text.HAL_DC_Motors_Set_Speed
                0x0000000008000598       0x24 ./Core/Src/Motor_Driver.o
                0x0000000008000598                HAL_DC_Motors_Set_Speed
 .text.HAL_ServoMotor_Init
                0x00000000080005bc       0x14 ./Core/Src/Motor_Driver.o
                0x00000000080005bc                HAL_ServoMotor_Init
 .text.HAL_ServoMotor_Set_Angel
                0x00000000080005d0       0xa4 ./Core/Src/Motor_Driver.o
                0x00000000080005d0                HAL_ServoMotor_Set_Angel
 .text.RC_SystemInit
                0x0000000008000674      0x13c ./Core/Src/RC_Car_App_Prg.o
                0x0000000008000674                RC_SystemInit
 .text.T1_HandleUartReceive
                0x00000000080007b0      0x368 ./Core/Src/RC_Car_App_Prg.o
                0x00000000080007b0                T1_HandleUartReceive
 .text.T2_SignalsAction
                0x0000000008000b18      0x2a8 ./Core/Src/RC_Car_App_Prg.o
                0x0000000008000b18                T2_SignalsAction
 .text.T3_WhiteFrontLightFlashing
                0x0000000008000dc0       0x38 ./Core/Src/RC_Car_App_Prg.o
                0x0000000008000dc0                T3_WhiteFrontLightFlashing
 .text.T4_HornBeeping
                0x0000000008000df8       0x38 ./Core/Src/RC_Car_App_Prg.o
                0x0000000008000df8                T4_HornBeeping
 .text.T5_ChangeGear
                0x0000000008000e30       0x60 ./Core/Src/RC_Car_App_Prg.o
                0x0000000008000e30                T5_ChangeGear
 .text.T6_IncSpeed
                0x0000000008000e90       0x90 ./Core/Src/RC_Car_App_Prg.o
                0x0000000008000e90                T6_IncSpeed
 .text.T7_BrakeWheel
                0x0000000008000f20       0x94 ./Core/Src/RC_Car_App_Prg.o
                0x0000000008000f20                T7_BrakeWheel
 .text.T8_CarMoveRight
                0x0000000008000fb4       0x54 ./Core/Src/RC_Car_App_Prg.o
                0x0000000008000fb4                T8_CarMoveRight
 .text.T9_CarMoveLeft
                0x0000000008001008       0x58 ./Core/Src/RC_Car_App_Prg.o
                0x0000000008001008                T9_CarMoveLeft
 .text.T10_BreakAssistRun
                0x0000000008001060       0x38 ./Core/Src/RC_Car_App_Prg.o
                0x0000000008001060                T10_BreakAssistRun
 .text.T11_RightParkRun
                0x0000000008001098       0x68 ./Core/Src/RC_Car_App_Prg.o
                0x0000000008001098                T11_RightParkRun
 .text.T12_LeftParkRun
                0x0000000008001100       0x64 ./Core/Src/RC_Car_App_Prg.o
                0x0000000008001100                T12_LeftParkRun
 .text.T13_ParkAlgorithmRun
                0x0000000008001164       0xf4 ./Core/Src/RC_Car_App_Prg.o
                0x0000000008001164                T13_ParkAlgorithmRun
 .text.Car_EngineFunc
                0x0000000008001258       0x40 ./Core/Src/RC_Car_App_Prg.o
 .text.Car_RightSignalFunc
                0x0000000008001298       0x24 ./Core/Src/RC_Car_App_Prg.o
 .text.Car_LeftSignalFunc
                0x00000000080012bc       0x24 ./Core/Src/RC_Car_App_Prg.o
 .text.Car_WaitSignalFunc
                0x00000000080012e0       0x4c ./Core/Src/RC_Car_App_Prg.o
 .text.Car_IdleSignalFunc
                0x000000000800132c       0x24 ./Core/Src/RC_Car_App_Prg.o
 .text.Car_NoneSignalFunc
                0x0000000008001350       0x80 ./Core/Src/RC_Car_App_Prg.o
 .text.Car_FlashingFunc
                0x00000000080013d0       0x3c ./Core/Src/RC_Car_App_Prg.o
 .text.Car_Gear_Func
                0x000000000800140c       0x70 ./Core/Src/RC_Car_App_Prg.o
 .text.Car_Horn_Func
                0x000000000800147c       0x38 ./Core/Src/RC_Car_App_Prg.o
 .text.HAL_TIM_IC_CaptureCallback
                0x00000000080014b4      0x414 ./Core/Src/Ultrasonic.o
                0x00000000080014b4                HAL_TIM_IC_CaptureCallback
 .text.vApplicationGetIdleTaskMemory
                0x00000000080018c8       0x34 ./Core/Src/freertos.o
                0x00000000080018c8                vApplicationGetIdleTaskMemory
 .text.MX_FREERTOS_Init
                0x00000000080018fc       0x38 ./Core/Src/freertos.o
                0x00000000080018fc                MX_FREERTOS_Init
 .text.StartDefaultTask
                0x0000000008001934       0x10 ./Core/Src/freertos.o
                0x0000000008001934                StartDefaultTask
 .text.MX_GPIO_Init
                0x0000000008001944      0x14c ./Core/Src/gpio.o
                0x0000000008001944                MX_GPIO_Init
 .text.main     0x0000000008001a90      0x1b0 ./Core/Src/main.o
                0x0000000008001a90                main
 .text.SystemClock_Config
                0x0000000008001c40       0xbc ./Core/Src/main.o
                0x0000000008001c40                SystemClock_Config
 .text.HAL_TIM_PeriodElapsedCallback
                0x0000000008001cfc       0x24 ./Core/Src/main.o
                0x0000000008001cfc                HAL_TIM_PeriodElapsedCallback
 .text.Error_Handler
                0x0000000008001d20        0xa ./Core/Src/main.o
                0x0000000008001d20                Error_Handler
 *fill*         0x0000000008001d2a        0x2 
 .text.HAL_MspInit
                0x0000000008001d2c       0x58 ./Core/Src/stm32f4xx_hal_msp.o
                0x0000000008001d2c                HAL_MspInit
 .text.HAL_InitTick
                0x0000000008001d84       0xf8 ./Core/Src/stm32f4xx_hal_timebase_tim.o
                0x0000000008001d84                HAL_InitTick
 .text.NMI_Handler
                0x0000000008001e7c        0x6 ./Core/Src/stm32f4xx_it.o
                0x0000000008001e7c                NMI_Handler
 .text.HardFault_Handler
                0x0000000008001e82        0x6 ./Core/Src/stm32f4xx_it.o
                0x0000000008001e82                HardFault_Handler
 .text.MemManage_Handler
                0x0000000008001e88        0x6 ./Core/Src/stm32f4xx_it.o
                0x0000000008001e88                MemManage_Handler
 .text.BusFault_Handler
                0x0000000008001e8e        0x6 ./Core/Src/stm32f4xx_it.o
                0x0000000008001e8e                BusFault_Handler
 .text.UsageFault_Handler
                0x0000000008001e94        0x6 ./Core/Src/stm32f4xx_it.o
                0x0000000008001e94                UsageFault_Handler
 .text.DebugMon_Handler
                0x0000000008001e9a        0xe ./Core/Src/stm32f4xx_it.o
                0x0000000008001e9a                DebugMon_Handler
 .text.TIM1_CC_IRQHandler
                0x0000000008001ea8       0x14 ./Core/Src/stm32f4xx_it.o
                0x0000000008001ea8                TIM1_CC_IRQHandler
 .text.TIM8_TRG_COM_TIM14_IRQHandler
                0x0000000008001ebc       0x14 ./Core/Src/stm32f4xx_it.o
                0x0000000008001ebc                TIM8_TRG_COM_TIM14_IRQHandler
 .text.SystemInit
                0x0000000008001ed0       0x24 ./Core/Src/system_stm32f4xx.o
                0x0000000008001ed0                SystemInit
 .text.MX_TIM1_Init
                0x0000000008001ef4       0xf0 ./Core/Src/tim.o
                0x0000000008001ef4                MX_TIM1_Init
 .text.MX_TIM2_Init
                0x0000000008001fe4       0xbc ./Core/Src/tim.o
                0x0000000008001fe4                MX_TIM2_Init
 .text.MX_TIM3_Init
                0x00000000080020a0       0xec ./Core/Src/tim.o
                0x00000000080020a0                MX_TIM3_Init
 .text.MX_TIM4_Init
                0x000000000800218c       0xec ./Core/Src/tim.o
                0x000000000800218c                MX_TIM4_Init
 .text.HAL_TIM_IC_MspInit
                0x0000000008002278      0x108 ./Core/Src/tim.o
                0x0000000008002278                HAL_TIM_IC_MspInit
 .text.HAL_TIM_Base_MspInit
                0x0000000008002380       0x70 ./Core/Src/tim.o
                0x0000000008002380                HAL_TIM_Base_MspInit
 .text.HAL_TIM_MspPostInit
                0x00000000080023f0       0xc4 ./Core/Src/tim.o
                0x00000000080023f0                HAL_TIM_MspPostInit
 .text.MX_UART4_Init
                0x00000000080024b4       0x54 ./Core/Src/usart.o
                0x00000000080024b4                MX_UART4_Init
 .text.MX_UART5_Init
                0x0000000008002508       0x54 ./Core/Src/usart.o
                0x0000000008002508                MX_UART5_Init
 .text.MX_USART2_UART_Init
                0x000000000800255c       0x54 ./Core/Src/usart.o
                0x000000000800255c                MX_USART2_UART_Init
 .text.MX_USART3_UART_Init
                0x00000000080025b0       0x54 ./Core/Src/usart.o
                0x00000000080025b0                MX_USART3_UART_Init
 .text.MX_USART6_UART_Init
                0x0000000008002604       0x54 ./Core/Src/usart.o
                0x0000000008002604                MX_USART6_UART_Init
 .text.HAL_UART_MspInit
                0x0000000008002658      0x2b8 ./Core/Src/usart.o
                0x0000000008002658                HAL_UART_MspInit
 .text.Reset_Handler
                0x0000000008002910       0x50 ./Core/Startup/startup_stm32f446retx.o
                0x0000000008002910                Reset_Handler
 .text.Default_Handler
                0x0000000008002960        0x2 ./Core/Startup/startup_stm32f446retx.o
                0x0000000008002960                RTC_Alarm_IRQHandler
                0x0000000008002960                EXTI2_IRQHandler
                0x0000000008002960                TIM8_CC_IRQHandler
                0x0000000008002960                FMPI2C1_EV_IRQHandler
                0x0000000008002960                SPI4_IRQHandler
                0x0000000008002960                DMA2_Stream5_IRQHandler
                0x0000000008002960                DMA1_Stream5_IRQHandler
                0x0000000008002960                PVD_IRQHandler
                0x0000000008002960                SDIO_IRQHandler
                0x0000000008002960                TAMP_STAMP_IRQHandler
                0x0000000008002960                CAN2_RX1_IRQHandler
                0x0000000008002960                EXTI3_IRQHandler
                0x0000000008002960                TIM1_UP_TIM10_IRQHandler
                0x0000000008002960                TIM8_UP_TIM13_IRQHandler
                0x0000000008002960                I2C3_ER_IRQHandler
                0x0000000008002960                EXTI0_IRQHandler
                0x0000000008002960                I2C2_EV_IRQHandler
                0x0000000008002960                DMA1_Stream2_IRQHandler
                0x0000000008002960                CAN1_RX0_IRQHandler
                0x0000000008002960                FPU_IRQHandler
                0x0000000008002960                OTG_HS_WKUP_IRQHandler
                0x0000000008002960                CAN2_SCE_IRQHandler
                0x0000000008002960                DMA2_Stream2_IRQHandler
                0x0000000008002960                SPI1_IRQHandler
                0x0000000008002960                TIM6_DAC_IRQHandler
                0x0000000008002960                TIM1_BRK_TIM9_IRQHandler
                0x0000000008002960                DCMI_IRQHandler
                0x0000000008002960                CAN2_RX0_IRQHandler
                0x0000000008002960                DMA2_Stream3_IRQHandler
                0x0000000008002960                SAI2_IRQHandler
                0x0000000008002960                USART6_IRQHandler
                0x0000000008002960                USART3_IRQHandler
                0x0000000008002960                CAN1_RX1_IRQHandler
                0x0000000008002960                UART5_IRQHandler
                0x0000000008002960                DMA2_Stream0_IRQHandler
                0x0000000008002960                TIM4_IRQHandler
                0x0000000008002960                QUADSPI_IRQHandler
                0x0000000008002960                I2C1_EV_IRQHandler
                0x0000000008002960                DMA1_Stream6_IRQHandler
                0x0000000008002960                DMA1_Stream1_IRQHandler
                0x0000000008002960                UART4_IRQHandler
                0x0000000008002960                TIM3_IRQHandler
                0x0000000008002960                RCC_IRQHandler
                0x0000000008002960                TIM8_BRK_TIM12_IRQHandler
                0x0000000008002960                Default_Handler
                0x0000000008002960                CEC_IRQHandler
                0x0000000008002960                EXTI15_10_IRQHandler
                0x0000000008002960                ADC_IRQHandler
                0x0000000008002960                DMA1_Stream7_IRQHandler
                0x0000000008002960                TIM7_IRQHandler
                0x0000000008002960                CAN2_TX_IRQHandler
                0x0000000008002960                TIM5_IRQHandler
                0x0000000008002960                DMA2_Stream7_IRQHandler
                0x0000000008002960                I2C3_EV_IRQHandler
                0x0000000008002960                EXTI9_5_IRQHandler
                0x0000000008002960                RTC_WKUP_IRQHandler
                0x0000000008002960                SPDIF_RX_IRQHandler
                0x0000000008002960                SPI2_IRQHandler
                0x0000000008002960                OTG_HS_EP1_IN_IRQHandler
                0x0000000008002960                DMA1_Stream0_IRQHandler
                0x0000000008002960                CAN1_TX_IRQHandler
                0x0000000008002960                FMPI2C1_ER_IRQHandler
                0x0000000008002960                EXTI4_IRQHandler
                0x0000000008002960                OTG_HS_EP1_OUT_IRQHandler
                0x0000000008002960                WWDG_IRQHandler
                0x0000000008002960                TIM2_IRQHandler
                0x0000000008002960                OTG_FS_WKUP_IRQHandler
                0x0000000008002960                TIM1_TRG_COM_TIM11_IRQHandler
                0x0000000008002960                OTG_HS_IRQHandler
                0x0000000008002960                EXTI1_IRQHandler
                0x0000000008002960                USART2_IRQHandler
                0x0000000008002960                I2C2_ER_IRQHandler
                0x0000000008002960                DMA2_Stream1_IRQHandler
                0x0000000008002960                CAN1_SCE_IRQHandler
                0x0000000008002960                FLASH_IRQHandler
                0x0000000008002960                DMA2_Stream4_IRQHandler
                0x0000000008002960                USART1_IRQHandler
                0x0000000008002960                OTG_FS_IRQHandler
                0x0000000008002960                SPI3_IRQHandler
                0x0000000008002960                DMA1_Stream4_IRQHandler
                0x0000000008002960                I2C1_ER_IRQHandler
                0x0000000008002960                FMC_IRQHandler
                0x0000000008002960                DMA2_Stream6_IRQHandler
                0x0000000008002960                SAI1_IRQHandler
                0x0000000008002960                DMA1_Stream3_IRQHandler
 *fill*         0x0000000008002962        0x2 
 .text.HAL_Init
                0x0000000008002964       0x44 ./Drivers/STM32F4xx_HAL_Driver/Src/stm32f4xx_hal.o
                0x0000000008002964                HAL_Init
 .text.HAL_IncTick
                0x00000000080029a8       0x28 ./Drivers/STM32F4xx_HAL_Driver/Src/stm32f4xx_hal.o
                0x00000000080029a8                HAL_IncTick
 .text.HAL_GetTick
                0x00000000080029d0       0x18 ./Drivers/STM32F4xx_HAL_Driver/Src/stm32f4xx_hal.o
                0x00000000080029d0                HAL_GetTick
 .text.__NVIC_SetPriorityGrouping
                0x00000000080029e8       0x48 ./Drivers/STM32F4xx_HAL_Driver/Src/stm32f4xx_hal_cortex.o
 .text.__NVIC_GetPriorityGrouping
                0x0000000008002a30       0x1c ./Drivers/STM32F4xx_HAL_Driver/Src/stm32f4xx_hal_cortex.o
 .text.__NVIC_EnableIRQ
                0x0000000008002a4c       0x3c ./Drivers/STM32F4xx_HAL_Driver/Src/stm32f4xx_hal_cortex.o
 .text.__NVIC_SetPriority
                0x0000000008002a88       0x54 ./Drivers/STM32F4xx_HAL_Driver/Src/stm32f4xx_hal_cortex.o
 .text.NVIC_EncodePriority
                0x0000000008002adc       0x66 ./Drivers/STM32F4xx_HAL_Driver/Src/stm32f4xx_hal_cortex.o
 .text.HAL_NVIC_SetPriorityGrouping
                0x0000000008002b42       0x16 ./Drivers/STM32F4xx_HAL_Driver/Src/stm32f4xx_hal_cortex.o
                0x0000000008002b42                HAL_NVIC_SetPriorityGrouping
 .text.HAL_NVIC_SetPriority
                0x0000000008002b58       0x38 ./Drivers/STM32F4xx_HAL_Driver/Src/stm32f4xx_hal_cortex.o
                0x0000000008002b58                HAL_NVIC_SetPriority
 .text.HAL_NVIC_EnableIRQ
                0x0000000008002b90       0x1c ./Drivers/STM32F4xx_HAL_Driver/Src/stm32f4xx_hal_cortex.o
                0x0000000008002b90                HAL_NVIC_EnableIRQ
 .text.HAL_GPIO_Init
                0x0000000008002bac      0x328 ./Drivers/STM32F4xx_HAL_Driver/Src/stm32f4xx_hal_gpio.o
                0x0000000008002bac                HAL_GPIO_Init
 .text.HAL_GPIO_WritePin
                0x0000000008002ed4       0x32 ./Drivers/STM32F4xx_HAL_Driver/Src/stm32f4xx_hal_gpio.o
                0x0000000008002ed4                HAL_GPIO_WritePin
 .text.HAL_GPIO_TogglePin
                0x0000000008002f06       0x34 ./Drivers/STM32F4xx_HAL_Driver/Src/stm32f4xx_hal_gpio.o
                0x0000000008002f06                HAL_GPIO_TogglePin
 *fill*         0x0000000008002f3a        0x2 
 .text.HAL_RCC_ClockConfig
                0x0000000008002f3c      0x1cc ./Drivers/STM32F4xx_HAL_Driver/Src/stm32f4xx_hal_rcc.o
                0x0000000008002f3c                HAL_RCC_ClockConfig
 .text.HAL_RCC_GetHCLKFreq
                0x0000000008003108       0x18 ./Drivers/STM32F4xx_HAL_Driver/Src/stm32f4xx_hal_rcc.o
                0x0000000008003108                HAL_RCC_GetHCLKFreq
 .text.HAL_RCC_GetPCLK1Freq
                0x0000000008003120       0x28 ./Drivers/STM32F4xx_HAL_Driver/Src/stm32f4xx_hal_rcc.o
                0x0000000008003120                HAL_RCC_GetPCLK1Freq
 .text.HAL_RCC_GetPCLK2Freq
                0x0000000008003148       0x28 ./Drivers/STM32F4xx_HAL_Driver/Src/stm32f4xx_hal_rcc.o
                0x0000000008003148                HAL_RCC_GetPCLK2Freq
 .text.HAL_RCC_GetClockConfig
                0x0000000008003170       0x64 ./Drivers/STM32F4xx_HAL_Driver/Src/stm32f4xx_hal_rcc.o
                0x0000000008003170                HAL_RCC_GetClockConfig
 .text.HAL_RCC_GetSysClockFreq
                0x00000000080031d4      0x460 ./Drivers/STM32F4xx_HAL_Driver/Src/stm32f4xx_hal_rcc_ex.o
                0x00000000080031d4                HAL_RCC_GetSysClockFreq
 .text.HAL_RCC_OscConfig
                0x0000000008003634      0x53c ./Drivers/STM32F4xx_HAL_Driver/Src/stm32f4xx_hal_rcc_ex.o
                0x0000000008003634                HAL_RCC_OscConfig
 .text.HAL_TIM_Base_Init
                0x0000000008003b70       0x9e ./Drivers/STM32F4xx_HAL_Driver/Src/stm32f4xx_hal_tim.o
                0x0000000008003b70                HAL_TIM_Base_Init
 *fill*         0x0000000008003c0e        0x2 
 .text.HAL_TIM_Base_Start
                0x0000000008003c10       0xd0 ./Drivers/STM32F4xx_HAL_Driver/Src/stm32f4xx_hal_tim.o
                0x0000000008003c10                HAL_TIM_Base_Start
 .text.HAL_TIM_Base_Start_IT
                0x0000000008003ce0       0xe0 ./Drivers/STM32F4xx_HAL_Driver/Src/stm32f4xx_hal_tim.o
                0x0000000008003ce0                HAL_TIM_Base_Start_IT
 .text.HAL_TIM_PWM_Init
                0x0000000008003dc0       0x9e ./Drivers/STM32F4xx_HAL_Driver/Src/stm32f4xx_hal_tim.o
                0x0000000008003dc0                HAL_TIM_PWM_Init
 .text.HAL_TIM_PWM_MspInit
                0x0000000008003e5e       0x14 ./Drivers/STM32F4xx_HAL_Driver/Src/stm32f4xx_hal_tim.o
                0x0000000008003e5e                HAL_TIM_PWM_MspInit
 *fill*         0x0000000008003e72        0x2 
 .text.HAL_TIM_PWM_Start
                0x0000000008003e74      0x190 ./Drivers/STM32F4xx_HAL_Driver/Src/stm32f4xx_hal_tim.o
                0x0000000008003e74                HAL_TIM_PWM_Start
 .text.HAL_TIM_IC_Init
                0x0000000008004004       0x9e ./Drivers/STM32F4xx_HAL_Driver/Src/stm32f4xx_hal_tim.o
                0x0000000008004004                HAL_TIM_IC_Init
 .text.HAL_TIM_IRQHandler
                0x00000000080040a2      0x1e0 ./Drivers/STM32F4xx_HAL_Driver/Src/stm32f4xx_hal_tim.o
                0x00000000080040a2                HAL_TIM_IRQHandler
 .text.HAL_TIM_IC_ConfigChannel
                0x0000000008004282      0x138 ./Drivers/STM32F4xx_HAL_Driver/Src/stm32f4xx_hal_tim.o
                0x0000000008004282                HAL_TIM_IC_ConfigChannel
 *fill*         0x00000000080043ba        0x2 
 .text.HAL_TIM_PWM_ConfigChannel
                0x00000000080043bc      0x184 ./Drivers/STM32F4xx_HAL_Driver/Src/stm32f4xx_hal_tim.o
                0x00000000080043bc                HAL_TIM_PWM_ConfigChannel
 .text.HAL_TIM_ConfigClockSource
                0x0000000008004540      0x18e ./Drivers/STM32F4xx_HAL_Driver/Src/stm32f4xx_hal_tim.o
                0x0000000008004540                HAL_TIM_ConfigClockSource
 *fill*         0x00000000080046ce        0x2 
 .text.HAL_TIM_ReadCapturedValue
                0x00000000080046d0       0x88 ./Drivers/STM32F4xx_HAL_Driver/Src/stm32f4xx_hal_tim.o
                0x00000000080046d0                HAL_TIM_ReadCapturedValue
 .text.HAL_TIM_OC_DelayElapsedCallback
                0x0000000008004758       0x14 ./Drivers/STM32F4xx_HAL_Driver/Src/stm32f4xx_hal_tim.o
                0x0000000008004758                HAL_TIM_OC_DelayElapsedCallback
 .text.HAL_TIM_PWM_PulseFinishedCallback
                0x000000000800476c       0x14 ./Drivers/STM32F4xx_HAL_Driver/Src/stm32f4xx_hal_tim.o
                0x000000000800476c                HAL_TIM_PWM_PulseFinishedCallback
 .text.HAL_TIM_TriggerCallback
                0x0000000008004780       0x14 ./Drivers/STM32F4xx_HAL_Driver/Src/stm32f4xx_hal_tim.o
                0x0000000008004780                HAL_TIM_TriggerCallback
 .text.TIM_Base_SetConfig
                0x0000000008004794      0x158 ./Drivers/STM32F4xx_HAL_Driver/Src/stm32f4xx_hal_tim.o
                0x0000000008004794                TIM_Base_SetConfig
 .text.TIM_OC1_SetConfig
                0x00000000080048ec       0xe0 ./Drivers/STM32F4xx_HAL_Driver/Src/stm32f4xx_hal_tim.o
 .text.TIM_OC2_SetConfig
                0x00000000080049cc       0xec ./Drivers/STM32F4xx_HAL_Driver/Src/stm32f4xx_hal_tim.o
                0x00000000080049cc                TIM_OC2_SetConfig
 .text.TIM_OC3_SetConfig
                0x0000000008004ab8       0xe8 ./Drivers/STM32F4xx_HAL_Driver/Src/stm32f4xx_hal_tim.o
 .text.TIM_OC4_SetConfig
                0x0000000008004ba0       0xac ./Drivers/STM32F4xx_HAL_Driver/Src/stm32f4xx_hal_tim.o
 .text.TIM_TI1_SetConfig
                0x0000000008004c4c       0xe8 ./Drivers/STM32F4xx_HAL_Driver/Src/stm32f4xx_hal_tim.o
                0x0000000008004c4c                TIM_TI1_SetConfig
 .text.TIM_TI1_ConfigInputStage
                0x0000000008004d34       0x5e ./Drivers/STM32F4xx_HAL_Driver/Src/stm32f4xx_hal_tim.o
 .text.TIM_TI2_SetConfig
                0x0000000008004d92       0x7a ./Drivers/STM32F4xx_HAL_Driver/Src/stm32f4xx_hal_tim.o
 .text.TIM_TI2_ConfigInputStage
                0x0000000008004e0c       0x60 ./Drivers/STM32F4xx_HAL_Driver/Src/stm32f4xx_hal_tim.o
 .text.TIM_TI3_SetConfig
                0x0000000008004e6c       0x78 ./Drivers/STM32F4xx_HAL_Driver/Src/stm32f4xx_hal_tim.o
 .text.TIM_TI4_SetConfig
                0x0000000008004ee4       0x7a ./Drivers/STM32F4xx_HAL_Driver/Src/stm32f4xx_hal_tim.o
 .text.TIM_ITRx_SetConfig
                0x0000000008004f5e       0x36 ./Drivers/STM32F4xx_HAL_Driver/Src/stm32f4xx_hal_tim.o
 .text.TIM_ETR_SetConfig
                0x0000000008004f94       0x40 ./Drivers/STM32F4xx_HAL_Driver/Src/stm32f4xx_hal_tim.o
                0x0000000008004f94                TIM_ETR_SetConfig
 .text.TIM_CCxChannelCmd
                0x0000000008004fd4       0x4a ./Drivers/STM32F4xx_HAL_Driver/Src/stm32f4xx_hal_tim.o
                0x0000000008004fd4                TIM_CCxChannelCmd
 *fill*         0x000000000800501e        0x2 
 .text.HAL_TIMEx_MasterConfigSynchronization
                0x0000000008005020       0xf8 ./Drivers/STM32F4xx_HAL_Driver/Src/stm32f4xx_hal_tim_ex.o
                0x0000000008005020                HAL_TIMEx_MasterConfigSynchronization
 .text.HAL_TIMEx_CommutCallback
                0x0000000008005118       0x14 ./Drivers/STM32F4xx_HAL_Driver/Src/stm32f4xx_hal_tim_ex.o
                0x0000000008005118                HAL_TIMEx_CommutCallback
 .text.HAL_TIMEx_BreakCallback
                0x000000000800512c       0x14 ./Drivers/STM32F4xx_HAL_Driver/Src/stm32f4xx_hal_tim_ex.o
                0x000000000800512c                HAL_TIMEx_BreakCallback
 .text.HAL_UART_Init
                0x0000000008005140       0xa0 ./Drivers/STM32F4xx_HAL_Driver/Src/stm32f4xx_hal_uart.o
                0x0000000008005140                HAL_UART_Init
 .text.HAL_UART_Transmit
                0x00000000080051e0      0x116 ./Drivers/STM32F4xx_HAL_Driver/Src/stm32f4xx_hal_uart.o
                0x00000000080051e0                HAL_UART_Transmit
 .text.HAL_UART_Receive
                0x00000000080052f6      0x12e ./Drivers/STM32F4xx_HAL_Driver/Src/stm32f4xx_hal_uart.o
                0x00000000080052f6                HAL_UART_Receive
 .text.UART_WaitOnFlagUntilTimeout
                0x0000000008005424       0xb2 ./Drivers/STM32F4xx_HAL_Driver/Src/stm32f4xx_hal_uart.o
 .text.UART_EndRxTransfer
                0x00000000080054d6       0xc6 ./Drivers/STM32F4xx_HAL_Driver/Src/stm32f4xx_hal_uart.o
 .text.UART_SetConfig
                0x000000000800559c      0x4e8 ./Drivers/STM32F4xx_HAL_Driver/Src/stm32f4xx_hal_uart.o
 .text.makeFreeRtosPriority
                0x0000000008005a84       0x30 ./Middlewares/Third_Party/FreeRTOS/Source/CMSIS_RTOS/cmsis_os.o
 .text.osKernelStart
                0x0000000008005ab4        0xe ./Middlewares/Third_Party/FreeRTOS/Source/CMSIS_RTOS/cmsis_os.o
                0x0000000008005ab4                osKernelStart
 .text.osThreadCreate
                0x0000000008005ac2       0x98 ./Middlewares/Third_Party/FreeRTOS/Source/CMSIS_RTOS/cmsis_os.o
                0x0000000008005ac2                osThreadCreate
 .text.osDelay  0x0000000008005b5a       0x28 ./Middlewares/Third_Party/FreeRTOS/Source/CMSIS_RTOS/cmsis_os.o
                0x0000000008005b5a                osDelay
 .text.vListInitialise
                0x0000000008005b82       0x40 ./Middlewares/Third_Party/FreeRTOS/Source/list.o
                0x0000000008005b82                vListInitialise
 .text.vListInitialiseItem
                0x0000000008005bc2       0x1a ./Middlewares/Third_Party/FreeRTOS/Source/list.o
                0x0000000008005bc2                vListInitialiseItem
 .text.vListInsertEnd
                0x0000000008005bdc       0x48 ./Middlewares/Third_Party/FreeRTOS/Source/list.o
                0x0000000008005bdc                vListInsertEnd
 .text.vListInsert
                0x0000000008005c24       0x72 ./Middlewares/Third_Party/FreeRTOS/Source/list.o
                0x0000000008005c24                vListInsert
 .text.uxListRemove
                0x0000000008005c96       0x54 ./Middlewares/Third_Party/FreeRTOS/Source/list.o
                0x0000000008005c96                uxListRemove
 *fill*         0x0000000008005cea        0x2 
 .text.xQueueGenericReset
                0x0000000008005cec       0xd0 ./Middlewares/Third_Party/FreeRTOS/Source/queue.o
                0x0000000008005cec                xQueueGenericReset
 .text.xQueueGenericCreate
                0x0000000008005dbc       0x74 ./Middlewares/Third_Party/FreeRTOS/Source/queue.o
                0x0000000008005dbc                xQueueGenericCreate
 .text.prvInitialiseNewQueue
                0x0000000008005e30       0x3e ./Middlewares/Third_Party/FreeRTOS/Source/queue.o
 *fill*         0x0000000008005e6e        0x2 
 .text.xQueueGenericSend
                0x0000000008005e70      0x1fc ./Middlewares/Third_Party/FreeRTOS/Source/queue.o
                0x0000000008005e70                xQueueGenericSend
 .text.xQueueSemaphoreTake
                0x000000000800606c      0x218 ./Middlewares/Third_Party/FreeRTOS/Source/queue.o
                0x000000000800606c                xQueueSemaphoreTake
 .text.prvGetDisinheritPriorityAfterTimeout
                0x0000000008006284       0x30 ./Middlewares/Third_Party/FreeRTOS/Source/queue.o
 .text.prvCopyDataToQueue
                0x00000000080062b4       0xd4 ./Middlewares/Third_Party/FreeRTOS/Source/queue.o
 .text.prvUnlockQueue
                0x0000000008006388       0xa4 ./Middlewares/Third_Party/FreeRTOS/Source/queue.o
 .text.prvIsQueueEmpty
                0x000000000800642c       0x2c ./Middlewares/Third_Party/FreeRTOS/Source/queue.o
 .text.prvIsQueueFull
                0x0000000008006458       0x30 ./Middlewares/Third_Party/FreeRTOS/Source/queue.o
 .text.xTaskCreateStatic
                0x0000000008006488       0xba ./Middlewares/Third_Party/FreeRTOS/Source/tasks.o
                0x0000000008006488                xTaskCreateStatic
 .text.xTaskCreate
                0x0000000008006542       0x8a ./Middlewares/Third_Party/FreeRTOS/Source/tasks.o
                0x0000000008006542                xTaskCreate
 .text.prvInitialiseNewTask
                0x00000000080065cc      0x13c ./Middlewares/Third_Party/FreeRTOS/Source/tasks.o
 .text.prvAddNewTaskToReadyList
                0x0000000008006708       0xd4 ./Middlewares/Third_Party/FreeRTOS/Source/tasks.o
 .text.vTaskDelay
                0x00000000080067dc       0x68 ./Middlewares/Third_Party/FreeRTOS/Source/tasks.o
                0x00000000080067dc                vTaskDelay
 .text.vTaskStartScheduler
                0x0000000008006844       0xd4 ./Middlewares/Third_Party/FreeRTOS/Source/tasks.o
                0x0000000008006844                vTaskStartScheduler
 .text.vTaskSuspendAll
                0x0000000008006918       0x1c ./Middlewares/Third_Party/FreeRTOS/Source/tasks.o
                0x0000000008006918                vTaskSuspendAll
 .text.xTaskResumeAll
                0x0000000008006934      0x138 ./Middlewares/Third_Party/FreeRTOS/Source/tasks.o
                0x0000000008006934                xTaskResumeAll
 .text.xTaskIncrementTick
                0x0000000008006a6c      0x170 ./Middlewares/Third_Party/FreeRTOS/Source/tasks.o
                0x0000000008006a6c                xTaskIncrementTick
 .text.vTaskSwitchContext
                0x0000000008006bdc       0xc4 ./Middlewares/Third_Party/FreeRTOS/Source/tasks.o
                0x0000000008006bdc                vTaskSwitchContext
 .text.vTaskPlaceOnEventList
                0x0000000008006ca0       0x48 ./Middlewares/Third_Party/FreeRTOS/Source/tasks.o
                0x0000000008006ca0                vTaskPlaceOnEventList
 .text.xTaskRemoveFromEventList
                0x0000000008006ce8       0xc4 ./Middlewares/Third_Party/FreeRTOS/Source/tasks.o
                0x0000000008006ce8                xTaskRemoveFromEventList
 .text.vTaskInternalSetTimeOutState
                0x0000000008006dac       0x2c ./Middlewares/Third_Party/FreeRTOS/Source/tasks.o
                0x0000000008006dac                vTaskInternalSetTimeOutState
 .text.xTaskCheckForTimeOut
                0x0000000008006dd8       0xc4 ./Middlewares/Third_Party/FreeRTOS/Source/tasks.o
                0x0000000008006dd8                xTaskCheckForTimeOut
 .text.vTaskMissedYield
                0x0000000008006e9c       0x18 ./Middlewares/Third_Party/FreeRTOS/Source/tasks.o
                0x0000000008006e9c                vTaskMissedYield
 .text.prvIdleTask
                0x0000000008006eb4       0x30 ./Middlewares/Third_Party/FreeRTOS/Source/tasks.o
 .text.prvInitialiseTaskLists
                0x0000000008006ee4       0x80 ./Middlewares/Third_Party/FreeRTOS/Source/tasks.o
 .text.prvCheckTasksWaitingTermination
                0x0000000008006f64       0x5c ./Middlewares/Third_Party/FreeRTOS/Source/tasks.o
 .text.prvDeleteTCB
                0x0000000008006fc0       0x68 ./Middlewares/Third_Party/FreeRTOS/Source/tasks.o
 .text.prvResetNextTaskUnblockTime
                0x0000000008007028       0x40 ./Middlewares/Third_Party/FreeRTOS/Source/tasks.o
 .text.xTaskGetSchedulerState
                0x0000000008007068       0x3c ./Middlewares/Third_Party/FreeRTOS/Source/tasks.o
                0x0000000008007068                xTaskGetSchedulerState
 .text.xTaskPriorityInherit
                0x00000000080070a4       0xec ./Middlewares/Third_Party/FreeRTOS/Source/tasks.o
                0x00000000080070a4                xTaskPriorityInherit
 .text.xTaskPriorityDisinherit
                0x0000000008007190      0x10c ./Middlewares/Third_Party/FreeRTOS/Source/tasks.o
                0x0000000008007190                xTaskPriorityDisinherit
 .text.vTaskPriorityDisinheritAfterTimeout
                0x000000000800729c      0x11c ./Middlewares/Third_Party/FreeRTOS/Source/tasks.o
                0x000000000800729c                vTaskPriorityDisinheritAfterTimeout
 .text.pvTaskIncrementMutexHeldCount
                0x00000000080073b8       0x28 ./Middlewares/Third_Party/FreeRTOS/Source/tasks.o
                0x00000000080073b8                pvTaskIncrementMutexHeldCount
 .text.prvAddCurrentTaskToDelayedList
                0x00000000080073e0       0xcc ./Middlewares/Third_Party/FreeRTOS/Source/tasks.o
 .text.pxPortInitialiseStack
                0x00000000080074ac       0x68 ./Middlewares/Third_Party/FreeRTOS/Source/portable/GCC/ARM_CM4F/port.o
                0x00000000080074ac                pxPortInitialiseStack
 .text.prvTaskExitError
                0x0000000008007514       0x58 ./Middlewares/Third_Party/FreeRTOS/Source/portable/GCC/ARM_CM4F/port.o
 *fill*         0x000000000800756c        0x4 
 .text.SVC_Handler
                0x0000000008007570       0x28 ./Middlewares/Third_Party/FreeRTOS/Source/portable/GCC/ARM_CM4F/port.o
                0x0000000008007570                SVC_Handler
 .text.prvPortStartFirstTask
                0x0000000008007598       0x28 ./Middlewares/Third_Party/FreeRTOS/Source/portable/GCC/ARM_CM4F/port.o
 .text.xPortStartScheduler
                0x00000000080075c0      0x144 ./Middlewares/Third_Party/FreeRTOS/Source/portable/GCC/ARM_CM4F/port.o
                0x00000000080075c0                xPortStartScheduler
 .text.vPortEnterCritical
                0x0000000008007704       0x60 ./Middlewares/Third_Party/FreeRTOS/Source/portable/GCC/ARM_CM4F/port.o
                0x0000000008007704                vPortEnterCritical
 .text.vPortExitCritical
                0x0000000008007764       0x54 ./Middlewares/Third_Party/FreeRTOS/Source/portable/GCC/ARM_CM4F/port.o
                0x0000000008007764                vPortExitCritical
 *fill*         0x00000000080077b8        0x8 
 .text.PendSV_Handler
                0x00000000080077c0       0x68 ./Middlewares/Third_Party/FreeRTOS/Source/portable/GCC/ARM_CM4F/port.o
                0x00000000080077c0                PendSV_Handler
 .text.SysTick_Handler
                0x0000000008007828       0x44 ./Middlewares/Third_Party/FreeRTOS/Source/portable/GCC/ARM_CM4F/port.o
                0x0000000008007828                SysTick_Handler
 .text.vPortSetupTimerInterrupt
                0x000000000800786c       0x48 ./Middlewares/Third_Party/FreeRTOS/Source/portable/GCC/ARM_CM4F/port.o
                0x000000000800786c                vPortSetupTimerInterrupt
 .text.vPortEnableVFP
                0x00000000080078b4       0x14 ./Middlewares/Third_Party/FreeRTOS/Source/portable/GCC/ARM_CM4F/port.o
 .text.pvPortMalloc
                0x00000000080078c8       0x8c ./Middlewares/Third_Party/FreeRTOS/Source/portable/MemMang/heap_1.o
                0x00000000080078c8                pvPortMalloc
 .text.vPortFree
                0x0000000008007954       0x30 ./Middlewares/Third_Party/FreeRTOS/Source/portable/MemMang/heap_1.o
                0x0000000008007954                vPortFree
 .text.memset   0x0000000008007984       0x10 E:/STM_IDE/STM32CubeIDE_1.14.1/STM32CubeIDE/plugins/com.st.stm32cube.ide.mcu.externaltools.gnu-tools-for-stm32.11.3.rel1.win32_1.1.100.202309141235/tools/bin/../lib/gcc/arm-none-eabi/11.3.1/../../../../arm-none-eabi/lib/thumb/v7e-m+fp/hard\libc_nano.a(libc_a-memset.o)
                0x0000000008007984                memset
 .text._reclaim_reent
                0x0000000008007994       0xac E:/STM_IDE/STM32CubeIDE_1.14.1/STM32CubeIDE/plugins/com.st.stm32cube.ide.mcu.externaltools.gnu-tools-for-stm32.11.3.rel1.win32_1.1.100.202309141235/tools/bin/../lib/gcc/arm-none-eabi/11.3.1/../../../../arm-none-eabi/lib/thumb/v7e-m+fp/hard\libc_nano.a(libc_a-reent.o)
                0x0000000008007994                _reclaim_reent
 .text.__libc_init_array
                0x0000000008007a40       0x48 E:/STM_IDE/STM32CubeIDE_1.14.1/STM32CubeIDE/plugins/com.st.stm32cube.ide.mcu.externaltools.gnu-tools-for-stm32.11.3.rel1.win32_1.1.100.202309141235/tools/bin/../lib/gcc/arm-none-eabi/11.3.1/../../../../arm-none-eabi/lib/thumb/v7e-m+fp/hard\libc_nano.a(libc_a-init.o)
                0x0000000008007a40                __libc_init_array
 .text.__retarget_lock_acquire_recursive
                0x0000000008007a88        0x2 E:/STM_IDE/STM32CubeIDE_1.14.1/STM32CubeIDE/plugins/com.st.stm32cube.ide.mcu.externaltools.gnu-tools-for-stm32.11.3.rel1.win32_1.1.100.202309141235/tools/bin/../lib/gcc/arm-none-eabi/11.3.1/../../../../arm-none-eabi/lib/thumb/v7e-m+fp/hard\libc_nano.a(libc_a-lock.o)
                0x0000000008007a88                __retarget_lock_acquire_recursive
 .text.__retarget_lock_release_recursive
                0x0000000008007a8a        0x2 E:/STM_IDE/STM32CubeIDE_1.14.1/STM32CubeIDE/plugins/com.st.stm32cube.ide.mcu.externaltools.gnu-tools-for-stm32.11.3.rel1.win32_1.1.100.202309141235/tools/bin/../lib/gcc/arm-none-eabi/11.3.1/../../../../arm-none-eabi/lib/thumb/v7e-m+fp/hard\libc_nano.a(libc_a-lock.o)
                0x0000000008007a8a                __retarget_lock_release_recursive
 .text.memcpy   0x0000000008007a8c       0x1c E:/STM_IDE/STM32CubeIDE_1.14.1/STM32CubeIDE/plugins/com.st.stm32cube.ide.mcu.externaltools.gnu-tools-for-stm32.11.3.rel1.win32_1.1.100.202309141235/tools/bin/../lib/gcc/arm-none-eabi/11.3.1/../../../../arm-none-eabi/lib/thumb/v7e-m+fp/hard\libc_nano.a(libc_a-memcpy-stub.o)
                0x0000000008007a8c                memcpy
 .text._free_r  0x0000000008007aa8       0x98 E:/STM_IDE/STM32CubeIDE_1.14.1/STM32CubeIDE/plugins/com.st.stm32cube.ide.mcu.externaltools.gnu-tools-for-stm32.11.3.rel1.win32_1.1.100.202309141235/tools/bin/../lib/gcc/arm-none-eabi/11.3.1/../../../../arm-none-eabi/lib/thumb/v7e-m+fp/hard\libc_nano.a(libc_a-freer.o)
                0x0000000008007aa8                _free_r
 .text.__malloc_lock
                0x0000000008007b40        0xc E:/STM_IDE/STM32CubeIDE_1.14.1/STM32CubeIDE/plugins/com.st.stm32cube.ide.mcu.externaltools.gnu-tools-for-stm32.11.3.rel1.win32_1.1.100.202309141235/tools/bin/../lib/gcc/arm-none-eabi/11.3.1/../../../../arm-none-eabi/lib/thumb/v7e-m+fp/hard\libc_nano.a(libc_a-mlock.o)
                0x0000000008007b40                __malloc_lock
 .text.__malloc_unlock
                0x0000000008007b4c        0xc E:/STM_IDE/STM32CubeIDE_1.14.1/STM32CubeIDE/plugins/com.st.stm32cube.ide.mcu.externaltools.gnu-tools-for-stm32.11.3.rel1.win32_1.1.100.202309141235/tools/bin/../lib/gcc/arm-none-eabi/11.3.1/../../../../arm-none-eabi/lib/thumb/v7e-m+fp/hard\libc_nano.a(libc_a-mlock.o)
                0x0000000008007b4c                __malloc_unlock
 *(.glue_7)
 .glue_7        0x0000000008007b58        0x0 linker stubs
 *(.glue_7t)
 .glue_7t       0x0000000008007b58        0x0 linker stubs
 *(.eh_frame)
 .eh_frame      0x0000000008007b58        0x0 E:/STM_IDE/STM32CubeIDE_1.14.1/STM32CubeIDE/plugins/com.st.stm32cube.ide.mcu.externaltools.gnu-tools-for-stm32.11.3.rel1.win32_1.1.100.202309141235/tools/bin/../lib/gcc/arm-none-eabi/11.3.1/thumb/v7e-m+fp/hard/crtbegin.o
 *(.init)
 .init          0x0000000008007b58        0x4 E:/STM_IDE/STM32CubeIDE_1.14.1/STM32CubeIDE/plugins/com.st.stm32cube.ide.mcu.externaltools.gnu-tools-for-stm32.11.3.rel1.win32_1.1.100.202309141235/tools/bin/../lib/gcc/arm-none-eabi/11.3.1/thumb/v7e-m+fp/hard/crti.o
                0x0000000008007b58                _init
 .init          0x0000000008007b5c        0x8 E:/STM_IDE/STM32CubeIDE_1.14.1/STM32CubeIDE/plugins/com.st.stm32cube.ide.mcu.externaltools.gnu-tools-for-stm32.11.3.rel1.win32_1.1.100.202309141235/tools/bin/../lib/gcc/arm-none-eabi/11.3.1/thumb/v7e-m+fp/hard/crtn.o
 *(.fini)
 .fini          0x0000000008007b64        0x4 E:/STM_IDE/STM32CubeIDE_1.14.1/STM32CubeIDE/plugins/com.st.stm32cube.ide.mcu.externaltools.gnu-tools-for-stm32.11.3.rel1.win32_1.1.100.202309141235/tools/bin/../lib/gcc/arm-none-eabi/11.3.1/thumb/v7e-m+fp/hard/crti.o
                0x0000000008007b64                _fini
 .fini          0x0000000008007b68        0x8 E:/STM_IDE/STM32CubeIDE_1.14.1/STM32CubeIDE/plugins/com.st.stm32cube.ide.mcu.externaltools.gnu-tools-for-stm32.11.3.rel1.win32_1.1.100.202309141235/tools/bin/../lib/gcc/arm-none-eabi/11.3.1/thumb/v7e-m+fp/hard/crtn.o
                0x0000000008007b70                . = ALIGN (0x4)
                0x0000000008007b70                _etext = .

.vfp11_veneer   0x0000000008007b70        0x0
 .vfp11_veneer  0x0000000008007b70        0x0 linker stubs

.v4_bx          0x0000000008007b70        0x0
 .v4_bx         0x0000000008007b70        0x0 linker stubs

.iplt           0x0000000008007b70        0x0
 .iplt          0x0000000008007b70        0x0 E:/STM_IDE/STM32CubeIDE_1.14.1/STM32CubeIDE/plugins/com.st.stm32cube.ide.mcu.externaltools.gnu-tools-for-stm32.11.3.rel1.win32_1.1.100.202309141235/tools/bin/../lib/gcc/arm-none-eabi/11.3.1/thumb/v7e-m+fp/hard/crtbegin.o

.rodata         0x0000000008007b70       0xb4
                0x0000000008007b70                . = ALIGN (0x4)
 *(.rodata)
 .rodata        0x0000000008007b70       0x28 ./Core/Src/freertos.o
 .rodata        0x0000000008007b98       0x69 ./Core/Src/main.o
 *fill*         0x0000000008007c01        0x3 
 .rodata        0x0000000008007c04        0x5 ./Middlewares/Third_Party/FreeRTOS/Source/tasks.o
 *(.rodata*)
 *fill*         0x0000000008007c09        0x3 
 .rodata.AHBPrescTable
                0x0000000008007c0c       0x10 ./Core/Src/system_stm32f4xx.o
                0x0000000008007c0c                AHBPrescTable
 .rodata.APBPrescTable
                0x0000000008007c1c        0x8 ./Core/Src/system_stm32f4xx.o
                0x0000000008007c1c                APBPrescTable
                0x0000000008007c24                . = ALIGN (0x4)

.ARM.extab      0x0000000008007c24        0x0
                0x0000000008007c24                . = ALIGN (0x4)
 *(.ARM.extab* .gnu.linkonce.armextab.*)
                0x0000000008007c24                . = ALIGN (0x4)

.ARM            0x0000000008007c24        0x8
                0x0000000008007c24                . = ALIGN (0x4)
                0x0000000008007c24                __exidx_start = .
 *(.ARM.exidx*)
 .ARM.exidx     0x0000000008007c24        0x8 E:/STM_IDE/STM32CubeIDE_1.14.1/STM32CubeIDE/plugins/com.st.stm32cube.ide.mcu.externaltools.gnu-tools-for-stm32.11.3.rel1.win32_1.1.100.202309141235/tools/bin/../lib/gcc/arm-none-eabi/11.3.1/thumb/v7e-m+fp/hard\libgcc.a(_udivmoddi4.o)
                0x0000000008007c2c                __exidx_end = .
                0x0000000008007c2c                . = ALIGN (0x4)

.rel.dyn        0x0000000008007c2c        0x0
 .rel.iplt      0x0000000008007c2c        0x0 E:/STM_IDE/STM32CubeIDE_1.14.1/STM32CubeIDE/plugins/com.st.stm32cube.ide.mcu.externaltools.gnu-tools-for-stm32.11.3.rel1.win32_1.1.100.202309141235/tools/bin/../lib/gcc/arm-none-eabi/11.3.1/thumb/v7e-m+fp/hard/crtbegin.o

.preinit_array  0x0000000008007c2c        0x0
                0x0000000008007c2c                . = ALIGN (0x4)
                0x0000000008007c2c                PROVIDE (__preinit_array_start = .)
 *(.preinit_array*)
                0x0000000008007c2c                PROVIDE (__preinit_array_end = .)
                0x0000000008007c2c                . = ALIGN (0x4)

.init_array     0x0000000008007c2c        0x4
                0x0000000008007c2c                . = ALIGN (0x4)
                0x0000000008007c2c                PROVIDE (__init_array_start = .)
 *(SORT_BY_NAME(.init_array.*))
 *(.init_array*)
 .init_array    0x0000000008007c2c        0x4 E:/STM_IDE/STM32CubeIDE_1.14.1/STM32CubeIDE/plugins/com.st.stm32cube.ide.mcu.externaltools.gnu-tools-for-stm32.11.3.rel1.win32_1.1.100.202309141235/tools/bin/../lib/gcc/arm-none-eabi/11.3.1/thumb/v7e-m+fp/hard/crtbegin.o
                0x0000000008007c30                PROVIDE (__init_array_end = .)
                0x0000000008007c30                . = ALIGN (0x4)

.fini_array     0x0000000008007c30        0x4
                0x0000000008007c30                . = ALIGN (0x4)
                [!provide]                        PROVIDE (__fini_array_start = .)
 *(SORT_BY_NAME(.fini_array.*))
 *(.fini_array*)
 .fini_array    0x0000000008007c30        0x4 E:/STM_IDE/STM32CubeIDE_1.14.1/STM32CubeIDE/plugins/com.st.stm32cube.ide.mcu.externaltools.gnu-tools-for-stm32.11.3.rel1.win32_1.1.100.202309141235/tools/bin/../lib/gcc/arm-none-eabi/11.3.1/thumb/v7e-m+fp/hard/crtbegin.o
                [!provide]                        PROVIDE (__fini_array_end = .)
                0x0000000008007c34                . = ALIGN (0x4)
                0x0000000008007c34                _sidata = LOADADDR (.data)

.data           0x0000000020000000       0x68 load address 0x0000000008007c34
                0x0000000020000000                . = ALIGN (0x4)
                0x0000000020000000                _sdata = .
 *(.data)
 *(.data*)
 .data.engine_state
                0x0000000020000000        0x1 ./Core/Src/RC_Car_App_Prg.o
 .data.assist_state
                0x0000000020000001        0x1 ./Core/Src/RC_Car_App_Prg.o
 .data.right_park_stat
                0x0000000020000002        0x1 ./Core/Src/RC_Car_App_Prg.o
 .data.left_park_stat
                0x0000000020000003        0x1 ./Core/Src/RC_Car_App_Prg.o
 .data.Motor_Speed
                0x0000000020000004        0x1 ./Core/Src/RC_Car_App_Prg.o
 .data.park_state
                0x0000000020000005        0x1 ./Core/Src/RC_Car_App_Prg.o
 *fill*         0x0000000020000006        0x2 
 .data.SystemCoreClock
                0x0000000020000008        0x4 ./Core/Src/system_stm32f4xx.o
                0x0000000020000008                SystemCoreClock
 .data.uwTickPrio
                0x000000002000000c        0x4 ./Drivers/STM32F4xx_HAL_Driver/Src/stm32f4xx_hal.o
                0x000000002000000c                uwTickPrio
 .data.uwTickFreq
                0x0000000020000010        0x1 ./Drivers/STM32F4xx_HAL_Driver/Src/stm32f4xx_hal.o
                0x0000000020000010                uwTickFreq
 *fill*         0x0000000020000011        0x3 
 .data.uxCriticalNesting
                0x0000000020000014        0x4 ./Middlewares/Third_Party/FreeRTOS/Source/portable/GCC/ARM_CM4F/port.o
 .data._impure_data
                0x0000000020000018       0x4c E:/STM_IDE/STM32CubeIDE_1.14.1/STM32CubeIDE/plugins/com.st.stm32cube.ide.mcu.externaltools.gnu-tools-for-stm32.11.3.rel1.win32_1.1.100.202309141235/tools/bin/../lib/gcc/arm-none-eabi/11.3.1/../../../../arm-none-eabi/lib/thumb/v7e-m+fp/hard\libc_nano.a(libc_a-impure.o)
                0x0000000020000018                _impure_data
 .data._impure_ptr
                0x0000000020000064        0x4 E:/STM_IDE/STM32CubeIDE_1.14.1/STM32CubeIDE/plugins/com.st.stm32cube.ide.mcu.externaltools.gnu-tools-for-stm32.11.3.rel1.win32_1.1.100.202309141235/tools/bin/../lib/gcc/arm-none-eabi/11.3.1/../../../../arm-none-eabi/lib/thumb/v7e-m+fp/hard\libc_nano.a(libc_a-impure.o)
                0x0000000020000064                _impure_ptr
 *(.RamFunc)
 *(.RamFunc*)
                0x0000000020000068                . = ALIGN (0x4)
                0x0000000020000068                _edata = .

.igot.plt       0x0000000020000068        0x0 load address 0x0000000008007c9c
 .igot.plt      0x0000000020000068        0x0 E:/STM_IDE/STM32CubeIDE_1.14.1/STM32CubeIDE/plugins/com.st.stm32cube.ide.mcu.externaltools.gnu-tools-for-stm32.11.3.rel1.win32_1.1.100.202309141235/tools/bin/../lib/gcc/arm-none-eabi/11.3.1/thumb/v7e-m+fp/hard/crtbegin.o
                0x0000000020000068                . = ALIGN (0x4)

.bss            0x0000000020000068     0x450c load address 0x0000000008007c9c
                0x0000000020000068                _sbss = .
                0x0000000020000068                __bss_start__ = _sbss
 *(.bss)
 .bss           0x0000000020000068       0x1c E:/STM_IDE/STM32CubeIDE_1.14.1/STM32CubeIDE/plugins/com.st.stm32cube.ide.mcu.externaltools.gnu-tools-for-stm32.11.3.rel1.win32_1.1.100.202309141235/tools/bin/../lib/gcc/arm-none-eabi/11.3.1/thumb/v7e-m+fp/hard/crtbegin.o
 *(.bss*)
 .bss.Current_state
                0x0000000020000084        0x1 ./Core/Src/RC_Car_App_Prg.o
 .bss.Previous_state
                0x0000000020000085        0x1 ./Core/Src/RC_Car_App_Prg.o
 .bss.transition
                0x0000000020000086        0x1 ./Core/Src/RC_Car_App_Prg.o
 .bss.sync_flag
                0x0000000020000087        0x1 ./Core/Src/RC_Car_App_Prg.o
 .bss.flashing_smphr
                0x0000000020000088        0x4 ./Core/Src/RC_Car_App_Prg.o
 .bss.horn_smphr
                0x000000002000008c        0x4 ./Core/Src/RC_Car_App_Prg.o
 .bss.Gear_smphr
                0x0000000020000090        0x4 ./Core/Src/RC_Car_App_Prg.o
 .bss.speedInc_smphr
                0x0000000020000094        0x4 ./Core/Src/RC_Car_App_Prg.o
 .bss.brake_smphr
                0x0000000020000098        0x4 ./Core/Src/RC_Car_App_Prg.o
 .bss.goRight_smphr
                0x000000002000009c        0x4 ./Core/Src/RC_Car_App_Prg.o
 .bss.goLeft_smphr
                0x00000000200000a0        0x4 ./Core/Src/RC_Car_App_Prg.o
 .bss.assist_smphr
                0x00000000200000a4        0x4 ./Core/Src/RC_Car_App_Prg.o
 .bss.right_park_smphr
                0x00000000200000a8        0x4 ./Core/Src/RC_Car_App_Prg.o
 .bss.left_park_smphr
                0x00000000200000ac        0x4 ./Core/Src/RC_Car_App_Prg.o
 .bss.gear_current
                0x00000000200000b0        0x1 ./Core/Src/RC_Car_App_Prg.o
 .bss.servo_angle
                0x00000000200000b1        0x1 ./Core/Src/RC_Car_App_Prg.o
 *fill*         0x00000000200000b2        0x2 
 .bss.Important_Buffer
                0x00000000200000b4        0xc ./Core/Src/RC_Car_App_Prg.o
 .bss.park_slot_flag.2
                0x00000000200000c0        0x1 ./Core/Src/RC_Car_App_Prg.o
 .bss.servo_counter.1
                0x00000000200000c1        0x1 ./Core/Src/RC_Car_App_Prg.o
 .bss.servo_vice_counter.0
                0x00000000200000c2        0x1 ./Core/Src/RC_Car_App_Prg.o
 *fill*         0x00000000200000c3        0x1 
 .bss.g_TimeOfEcho
                0x00000000200000c4        0x4 ./Core/Src/Ultrasonic.o
                0x00000000200000c4                g_TimeOfEcho
 .bss.g_edgeDetect
                0x00000000200000c8        0x1 ./Core/Src/Ultrasonic.o
                0x00000000200000c8                g_edgeDetect
 *fill*         0x00000000200000c9        0x3 
 .bss.defaultTaskHandle
                0x00000000200000cc        0x4 ./Core/Src/freertos.o
                0x00000000200000cc                defaultTaskHandle
 .bss.xIdleTaskTCBBuffer
                0x00000000200000d0       0xa0 ./Core/Src/freertos.o
 .bss.xIdleStack
                0x0000000020000170      0x200 ./Core/Src/freertos.o
 .bss.htim14    0x0000000020000370       0x48 ./Core/Src/stm32f4xx_hal_timebase_tim.o
                0x0000000020000370                htim14
 .bss.htim1     0x00000000200003b8       0x48 ./Core/Src/tim.o
                0x00000000200003b8                htim1
 .bss.htim2     0x0000000020000400       0x48 ./Core/Src/tim.o
                0x0000000020000400                htim2
 .bss.htim3     0x0000000020000448       0x48 ./Core/Src/tim.o
                0x0000000020000448                htim3
 .bss.htim4     0x0000000020000490       0x48 ./Core/Src/tim.o
                0x0000000020000490                htim4
 .bss.huart4    0x00000000200004d8       0x48 ./Core/Src/usart.o
                0x00000000200004d8                huart4
 .bss.huart5    0x0000000020000520       0x48 ./Core/Src/usart.o
                0x0000000020000520                huart5
 .bss.huart2    0x0000000020000568       0x48 ./Core/Src/usart.o
                0x0000000020000568                huart2
 .bss.huart3    0x00000000200005b0       0x48 ./Core/Src/usart.o
                0x00000000200005b0                huart3
 .bss.huart6    0x00000000200005f8       0x48 ./Core/Src/usart.o
                0x00000000200005f8                huart6
 .bss.uwTick    0x0000000020000640        0x4 ./Drivers/STM32F4xx_HAL_Driver/Src/stm32f4xx_hal.o
                0x0000000020000640                uwTick
 .bss.pxCurrentTCB
                0x0000000020000644        0x4 ./Middlewares/Third_Party/FreeRTOS/Source/tasks.o
                0x0000000020000644                pxCurrentTCB
 .bss.pxReadyTasksLists
                0x0000000020000648      0x140 ./Middlewares/Third_Party/FreeRTOS/Source/tasks.o
 .bss.xDelayedTaskList1
                0x0000000020000788       0x14 ./Middlewares/Third_Party/FreeRTOS/Source/tasks.o
 .bss.xDelayedTaskList2
                0x000000002000079c       0x14 ./Middlewares/Third_Party/FreeRTOS/Source/tasks.o
 .bss.pxDelayedTaskList
                0x00000000200007b0        0x4 ./Middlewares/Third_Party/FreeRTOS/Source/tasks.o
 .bss.pxOverflowDelayedTaskList
                0x00000000200007b4        0x4 ./Middlewares/Third_Party/FreeRTOS/Source/tasks.o
 .bss.xPendingReadyList
                0x00000000200007b8       0x14 ./Middlewares/Third_Party/FreeRTOS/Source/tasks.o
 .bss.xTasksWaitingTermination
                0x00000000200007cc       0x14 ./Middlewares/Third_Party/FreeRTOS/Source/tasks.o
 .bss.uxDeletedTasksWaitingCleanUp
                0x00000000200007e0        0x4 ./Middlewares/Third_Party/FreeRTOS/Source/tasks.o
 .bss.xSuspendedTaskList
                0x00000000200007e4       0x14 ./Middlewares/Third_Party/FreeRTOS/Source/tasks.o
 .bss.uxCurrentNumberOfTasks
                0x00000000200007f8        0x4 ./Middlewares/Third_Party/FreeRTOS/Source/tasks.o
 .bss.xTickCount
                0x00000000200007fc        0x4 ./Middlewares/Third_Party/FreeRTOS/Source/tasks.o
 .bss.uxTopReadyPriority
                0x0000000020000800        0x4 ./Middlewares/Third_Party/FreeRTOS/Source/tasks.o
 .bss.xSchedulerRunning
                0x0000000020000804        0x4 ./Middlewares/Third_Party/FreeRTOS/Source/tasks.o
 .bss.xPendedTicks
                0x0000000020000808        0x4 ./Middlewares/Third_Party/FreeRTOS/Source/tasks.o
 .bss.xYieldPending
                0x000000002000080c        0x4 ./Middlewares/Third_Party/FreeRTOS/Source/tasks.o
 .bss.xNumOfOverflows
                0x0000000020000810        0x4 ./Middlewares/Third_Party/FreeRTOS/Source/tasks.o
 .bss.uxTaskNumber
                0x0000000020000814        0x4 ./Middlewares/Third_Party/FreeRTOS/Source/tasks.o
 .bss.xNextTaskUnblockTime
                0x0000000020000818        0x4 ./Middlewares/Third_Party/FreeRTOS/Source/tasks.o
 .bss.xIdleTaskHandle
                0x000000002000081c        0x4 ./Middlewares/Third_Party/FreeRTOS/Source/tasks.o
 .bss.uxSchedulerSuspended
                0x0000000020000820        0x4 ./Middlewares/Third_Party/FreeRTOS/Source/tasks.o
 .bss.ucMaxSysCallPriority
                0x0000000020000824        0x1 ./Middlewares/Third_Party/FreeRTOS/Source/portable/GCC/ARM_CM4F/port.o
 *fill*         0x0000000020000825        0x3 
 .bss.ulMaxPRIGROUPValue
                0x0000000020000828        0x4 ./Middlewares/Third_Party/FreeRTOS/Source/portable/GCC/ARM_CM4F/port.o
 .bss.ucHeap    0x000000002000082c     0x3c00 ./Middlewares/Third_Party/FreeRTOS/Source/portable/MemMang/heap_1.o
 .bss.xNextFreeByte
                0x000000002000442c        0x4 ./Middlewares/Third_Party/FreeRTOS/Source/portable/MemMang/heap_1.o
 .bss.pucAlignedHeap.0
                0x0000000020004430        0x4 ./Middlewares/Third_Party/FreeRTOS/Source/portable/MemMang/heap_1.o
 .bss.__sf      0x0000000020004434      0x138 E:/STM_IDE/STM32CubeIDE_1.14.1/STM32CubeIDE/plugins/com.st.stm32cube.ide.mcu.externaltools.gnu-tools-for-stm32.11.3.rel1.win32_1.1.100.202309141235/tools/bin/../lib/gcc/arm-none-eabi/11.3.1/../../../../arm-none-eabi/lib/thumb/v7e-m+fp/hard\libc_nano.a(libc_a-findfp.o)
                0x0000000020004434                __sf
 .bss.__lock___malloc_recursive_mutex
                0x000000002000456c        0x1 E:/STM_IDE/STM32CubeIDE_1.14.1/STM32CubeIDE/plugins/com.st.stm32cube.ide.mcu.externaltools.gnu-tools-for-stm32.11.3.rel1.win32_1.1.100.202309141235/tools/bin/../lib/gcc/arm-none-eabi/11.3.1/../../../../arm-none-eabi/lib/thumb/v7e-m+fp/hard\libc_nano.a(libc_a-lock.o)
                0x000000002000456c                __lock___malloc_recursive_mutex
 *fill*         0x000000002000456d        0x3 
 .bss.__malloc_free_list
                0x0000000020004570        0x4 E:/STM_IDE/STM32CubeIDE_1.14.1/STM32CubeIDE/plugins/com.st.stm32cube.ide.mcu.externaltools.gnu-tools-for-stm32.11.3.rel1.win32_1.1.100.202309141235/tools/bin/../lib/gcc/arm-none-eabi/11.3.1/../../../../arm-none-eabi/lib/thumb/v7e-m+fp/hard\libc_nano.a(libc_a-mallocr.o)
                0x0000000020004570                __malloc_free_list
 *(COMMON)
                0x0000000020004574                . = ALIGN (0x4)
                0x0000000020004574                _ebss = .
                0x0000000020004574                __bss_end__ = _ebss

._user_heap_stack
                0x0000000020004574      0x604 load address 0x0000000008007c9c
                0x0000000020004578                . = ALIGN (0x8)
 *fill*         0x0000000020004574        0x4 
                [!provide]                        PROVIDE (end = .)
                0x0000000020004578                PROVIDE (_end = .)
                0x0000000020004778                . = (. + _Min_Heap_Size)
 *fill*         0x0000000020004578      0x200 
                0x0000000020004b78                . = (. + _Min_Stack_Size)
 *fill*         0x0000000020004778      0x400 
                0x0000000020004b78                . = ALIGN (0x8)

/DISCARD/
 libc.a(*)
 libm.a(*)
 libgcc.a(*)

.ARM.attributes
                0x0000000000000000       0x30
 *(.ARM.attributes)
 .ARM.attributes
                0x0000000000000000       0x1e E:/STM_IDE/STM32CubeIDE_1.14.1/STM32CubeIDE/plugins/com.st.stm32cube.ide.mcu.externaltools.gnu-tools-for-stm32.11.3.rel1.win32_1.1.100.202309141235/tools/bin/../lib/gcc/arm-none-eabi/11.3.1/thumb/v7e-m+fp/hard/crti.o
 .ARM.attributes
                0x000000000000001e       0x34 E:/STM_IDE/STM32CubeIDE_1.14.1/STM32CubeIDE/plugins/com.st.stm32cube.ide.mcu.externaltools.gnu-tools-for-stm32.11.3.rel1.win32_1.1.100.202309141235/tools/bin/../lib/gcc/arm-none-eabi/11.3.1/thumb/v7e-m+fp/hard/crtbegin.o
 .ARM.attributes
                0x0000000000000052       0x34 ./Core/Src/Motor_Driver.o
 .ARM.attributes
                0x0000000000000086       0x34 ./Core/Src/RC_Car_App_Prg.o
 .ARM.attributes
                0x00000000000000ba       0x34 ./Core/Src/Ultrasonic.o
 .ARM.attributes
                0x00000000000000ee       0x34 ./Core/Src/freertos.o
 .ARM.attributes
                0x0000000000000122       0x34 ./Core/Src/gpio.o
 .ARM.attributes
                0x0000000000000156       0x34 ./Core/Src/main.o
 .ARM.attributes
                0x000000000000018a       0x34 ./Core/Src/stm32f4xx_hal_msp.o
 .ARM.attributes
                0x00000000000001be       0x34 ./Core/Src/stm32f4xx_hal_timebase_tim.o
 .ARM.attributes
                0x00000000000001f2       0x34 ./Core/Src/stm32f4xx_it.o
 .ARM.attributes
                0x0000000000000226       0x34 ./Core/Src/system_stm32f4xx.o
 .ARM.attributes
                0x000000000000025a       0x34 ./Core/Src/tim.o
 .ARM.attributes
                0x000000000000028e       0x34 ./Core/Src/usart.o
 .ARM.attributes
                0x00000000000002c2       0x21 ./Core/Startup/startup_stm32f446retx.o
 .ARM.attributes
                0x00000000000002e3       0x34 ./Drivers/STM32F4xx_HAL_Driver/Src/stm32f4xx_hal.o
 .ARM.attributes
                0x0000000000000317       0x34 ./Drivers/STM32F4xx_HAL_Driver/Src/stm32f4xx_hal_cortex.o
 .ARM.attributes
                0x000000000000034b       0x34 ./Drivers/STM32F4xx_HAL_Driver/Src/stm32f4xx_hal_gpio.o
 .ARM.attributes
                0x000000000000037f       0x34 ./Drivers/STM32F4xx_HAL_Driver/Src/stm32f4xx_hal_rcc.o
 .ARM.attributes
                0x00000000000003b3       0x34 ./Drivers/STM32F4xx_HAL_Driver/Src/stm32f4xx_hal_rcc_ex.o
 .ARM.attributes
                0x00000000000003e7       0x34 ./Drivers/STM32F4xx_HAL_Driver/Src/stm32f4xx_hal_tim.o
 .ARM.attributes
                0x000000000000041b       0x34 ./Drivers/STM32F4xx_HAL_Driver/Src/stm32f4xx_hal_tim_ex.o
 .ARM.attributes
                0x000000000000044f       0x34 ./Drivers/STM32F4xx_HAL_Driver/Src/stm32f4xx_hal_uart.o
 .ARM.attributes
                0x0000000000000483       0x34 ./Middlewares/Third_Party/FreeRTOS/Source/CMSIS_RTOS/cmsis_os.o
 .ARM.attributes
                0x00000000000004b7       0x34 ./Middlewares/Third_Party/FreeRTOS/Source/list.o
 .ARM.attributes
                0x00000000000004eb       0x34 ./Middlewares/Third_Party/FreeRTOS/Source/queue.o
 .ARM.attributes
                0x000000000000051f       0x34 ./Middlewares/Third_Party/FreeRTOS/Source/tasks.o
 .ARM.attributes
                0x0000000000000553       0x34 ./Middlewares/Third_Party/FreeRTOS/Source/portable/GCC/ARM_CM4F/port.o
 .ARM.attributes
                0x0000000000000587       0x34 ./Middlewares/Third_Party/FreeRTOS/Source/portable/MemMang/heap_1.o
 .ARM.attributes
                0x00000000000005bb       0x34 E:/STM_IDE/STM32CubeIDE_1.14.1/STM32CubeIDE/plugins/com.st.stm32cube.ide.mcu.externaltools.gnu-tools-for-stm32.11.3.rel1.win32_1.1.100.202309141235/tools/bin/../lib/gcc/arm-none-eabi/11.3.1/../../../../arm-none-eabi/lib/thumb/v7e-m+fp/hard\libc_nano.a(libc_a-findfp.o)
 .ARM.attributes
                0x00000000000005ef       0x34 E:/STM_IDE/STM32CubeIDE_1.14.1/STM32CubeIDE/plugins/com.st.stm32cube.ide.mcu.externaltools.gnu-tools-for-stm32.11.3.rel1.win32_1.1.100.202309141235/tools/bin/../lib/gcc/arm-none-eabi/11.3.1/../../../../arm-none-eabi/lib/thumb/v7e-m+fp/hard\libc_nano.a(libc_a-memset.o)
 .ARM.attributes
                0x0000000000000623       0x34 E:/STM_IDE/STM32CubeIDE_1.14.1/STM32CubeIDE/plugins/com.st.stm32cube.ide.mcu.externaltools.gnu-tools-for-stm32.11.3.rel1.win32_1.1.100.202309141235/tools/bin/../lib/gcc/arm-none-eabi/11.3.1/../../../../arm-none-eabi/lib/thumb/v7e-m+fp/hard\libc_nano.a(libc_a-reent.o)
 .ARM.attributes
                0x0000000000000657       0x34 E:/STM_IDE/STM32CubeIDE_1.14.1/STM32CubeIDE/plugins/com.st.stm32cube.ide.mcu.externaltools.gnu-tools-for-stm32.11.3.rel1.win32_1.1.100.202309141235/tools/bin/../lib/gcc/arm-none-eabi/11.3.1/../../../../arm-none-eabi/lib/thumb/v7e-m+fp/hard\libc_nano.a(libc_a-impure.o)
 .ARM.attributes
                0x000000000000068b       0x34 E:/STM_IDE/STM32CubeIDE_1.14.1/STM32CubeIDE/plugins/com.st.stm32cube.ide.mcu.externaltools.gnu-tools-for-stm32.11.3.rel1.win32_1.1.100.202309141235/tools/bin/../lib/gcc/arm-none-eabi/11.3.1/../../../../arm-none-eabi/lib/thumb/v7e-m+fp/hard\libc_nano.a(libc_a-init.o)
 .ARM.attributes
                0x00000000000006bf       0x34 E:/STM_IDE/STM32CubeIDE_1.14.1/STM32CubeIDE/plugins/com.st.stm32cube.ide.mcu.externaltools.gnu-tools-for-stm32.11.3.rel1.win32_1.1.100.202309141235/tools/bin/../lib/gcc/arm-none-eabi/11.3.1/../../../../arm-none-eabi/lib/thumb/v7e-m+fp/hard\libc_nano.a(libc_a-lock.o)
 .ARM.attributes
                0x00000000000006f3       0x34 E:/STM_IDE/STM32CubeIDE_1.14.1/STM32CubeIDE/plugins/com.st.stm32cube.ide.mcu.externaltools.gnu-tools-for-stm32.11.3.rel1.win32_1.1.100.202309141235/tools/bin/../lib/gcc/arm-none-eabi/11.3.1/../../../../arm-none-eabi/lib/thumb/v7e-m+fp/hard\libc_nano.a(libc_a-memcpy-stub.o)
 .ARM.attributes
                0x0000000000000727       0x34 E:/STM_IDE/STM32CubeIDE_1.14.1/STM32CubeIDE/plugins/com.st.stm32cube.ide.mcu.externaltools.gnu-tools-for-stm32.11.3.rel1.win32_1.1.100.202309141235/tools/bin/../lib/gcc/arm-none-eabi/11.3.1/../../../../arm-none-eabi/lib/thumb/v7e-m+fp/hard\libc_nano.a(libc_a-freer.o)
 .ARM.attributes
                0x000000000000075b       0x34 E:/STM_IDE/STM32CubeIDE_1.14.1/STM32CubeIDE/plugins/com.st.stm32cube.ide.mcu.externaltools.gnu-tools-for-stm32.11.3.rel1.win32_1.1.100.202309141235/tools/bin/../lib/gcc/arm-none-eabi/11.3.1/../../../../arm-none-eabi/lib/thumb/v7e-m+fp/hard\libc_nano.a(libc_a-mallocr.o)
 .ARM.attributes
                0x000000000000078f       0x34 E:/STM_IDE/STM32CubeIDE_1.14.1/STM32CubeIDE/plugins/com.st.stm32cube.ide.mcu.externaltools.gnu-tools-for-stm32.11.3.rel1.win32_1.1.100.202309141235/tools/bin/../lib/gcc/arm-none-eabi/11.3.1/../../../../arm-none-eabi/lib/thumb/v7e-m+fp/hard\libc_nano.a(libc_a-mlock.o)
 .ARM.attributes
                0x00000000000007c3       0x1e E:/STM_IDE/STM32CubeIDE_1.14.1/STM32CubeIDE/plugins/com.st.stm32cube.ide.mcu.externaltools.gnu-tools-for-stm32.11.3.rel1.win32_1.1.100.202309141235/tools/bin/../lib/gcc/arm-none-eabi/11.3.1/thumb/v7e-m+fp/hard\libgcc.a(_aeabi_uldivmod.o)
 .ARM.attributes
                0x00000000000007e1       0x34 E:/STM_IDE/STM32CubeIDE_1.14.1/STM32CubeIDE/plugins/com.st.stm32cube.ide.mcu.externaltools.gnu-tools-for-stm32.11.3.rel1.win32_1.1.100.202309141235/tools/bin/../lib/gcc/arm-none-eabi/11.3.1/thumb/v7e-m+fp/hard\libgcc.a(_udivmoddi4.o)
 .ARM.attributes
                0x0000000000000815       0x1e E:/STM_IDE/STM32CubeIDE_1.14.1/STM32CubeIDE/plugins/com.st.stm32cube.ide.mcu.externaltools.gnu-tools-for-stm32.11.3.rel1.win32_1.1.100.202309141235/tools/bin/../lib/gcc/arm-none-eabi/11.3.1/thumb/v7e-m+fp/hard\libgcc.a(_dvmd_tls.o)
 .ARM.attributes
                0x0000000000000833       0x1e E:/STM_IDE/STM32CubeIDE_1.14.1/STM32CubeIDE/plugins/com.st.stm32cube.ide.mcu.externaltools.gnu-tools-for-stm32.11.3.rel1.win32_1.1.100.202309141235/tools/bin/../lib/gcc/arm-none-eabi/11.3.1/thumb/v7e-m+fp/hard/crtn.o
OUTPUT(Nucleo_project.elf elf32-littlearm)
LOAD linker stubs
LOAD E:/STM_IDE/STM32CubeIDE_1.14.1/STM32CubeIDE/plugins/com.st.stm32cube.ide.mcu.externaltools.gnu-tools-for-stm32.11.3.rel1.win32_1.1.100.202309141235/tools/bin/../lib/gcc/arm-none-eabi/11.3.1/../../../../arm-none-eabi/lib/thumb/v7e-m+fp/hard\libc.a
LOAD E:/STM_IDE/STM32CubeIDE_1.14.1/STM32CubeIDE/plugins/com.st.stm32cube.ide.mcu.externaltools.gnu-tools-for-stm32.11.3.rel1.win32_1.1.100.202309141235/tools/bin/../lib/gcc/arm-none-eabi/11.3.1/../../../../arm-none-eabi/lib/thumb/v7e-m+fp/hard\libm.a
LOAD E:/STM_IDE/STM32CubeIDE_1.14.1/STM32CubeIDE/plugins/com.st.stm32cube.ide.mcu.externaltools.gnu-tools-for-stm32.11.3.rel1.win32_1.1.100.202309141235/tools/bin/../lib/gcc/arm-none-eabi/11.3.1/thumb/v7e-m+fp/hard\libgcc.a

.comment        0x0000000000000000       0x43
 .comment       0x0000000000000000       0x43 E:/STM_IDE/STM32CubeIDE_1.14.1/STM32CubeIDE/plugins/com.st.stm32cube.ide.mcu.externaltools.gnu-tools-for-stm32.11.3.rel1.win32_1.1.100.202309141235/tools/bin/../lib/gcc/arm-none-eabi/11.3.1/thumb/v7e-m+fp/hard/crtbegin.o
                                         0x44 (size before relaxing)
 .comment       0x0000000000000043       0x44 ./Core/Src/Motor_Driver.o
 .comment       0x0000000000000043       0x44 ./Core/Src/RC_Car_App_Prg.o
 .comment       0x0000000000000043       0x44 ./Core/Src/Ultrasonic.o
 .comment       0x0000000000000043       0x44 ./Core/Src/freertos.o
 .comment       0x0000000000000043       0x44 ./Core/Src/gpio.o
 .comment       0x0000000000000043       0x44 ./Core/Src/main.o
 .comment       0x0000000000000043       0x44 ./Core/Src/stm32f4xx_hal_msp.o
 .comment       0x0000000000000043       0x44 ./Core/Src/stm32f4xx_hal_timebase_tim.o
 .comment       0x0000000000000043       0x44 ./Core/Src/stm32f4xx_it.o
 .comment       0x0000000000000043       0x44 ./Core/Src/system_stm32f4xx.o
 .comment       0x0000000000000043       0x44 ./Core/Src/tim.o
 .comment       0x0000000000000043       0x44 ./Core/Src/usart.o
 .comment       0x0000000000000043       0x44 ./Drivers/STM32F4xx_HAL_Driver/Src/stm32f4xx_hal.o
 .comment       0x0000000000000043       0x44 ./Drivers/STM32F4xx_HAL_Driver/Src/stm32f4xx_hal_cortex.o
 .comment       0x0000000000000043       0x44 ./Drivers/STM32F4xx_HAL_Driver/Src/stm32f4xx_hal_gpio.o
 .comment       0x0000000000000043       0x44 ./Drivers/STM32F4xx_HAL_Driver/Src/stm32f4xx_hal_rcc.o
 .comment       0x0000000000000043       0x44 ./Drivers/STM32F4xx_HAL_Driver/Src/stm32f4xx_hal_rcc_ex.o
 .comment       0x0000000000000043       0x44 ./Drivers/STM32F4xx_HAL_Driver/Src/stm32f4xx_hal_tim.o
 .comment       0x0000000000000043       0x44 ./Drivers/STM32F4xx_HAL_Driver/Src/stm32f4xx_hal_tim_ex.o
 .comment       0x0000000000000043       0x44 ./Drivers/STM32F4xx_HAL_Driver/Src/stm32f4xx_hal_uart.o
 .comment       0x0000000000000043       0x44 ./Middlewares/Third_Party/FreeRTOS/Source/CMSIS_RTOS/cmsis_os.o
 .comment       0x0000000000000043       0x44 ./Middlewares/Third_Party/FreeRTOS/Source/list.o
 .comment       0x0000000000000043       0x44 ./Middlewares/Third_Party/FreeRTOS/Source/queue.o
 .comment       0x0000000000000043       0x44 ./Middlewares/Third_Party/FreeRTOS/Source/tasks.o
 .comment       0x0000000000000043       0x44 ./Middlewares/Third_Party/FreeRTOS/Source/portable/GCC/ARM_CM4F/port.o
 .comment       0x0000000000000043       0x44 ./Middlewares/Third_Party/FreeRTOS/Source/portable/MemMang/heap_1.o

.debug_info     0x0000000000000000    0x17db4
 .debug_info    0x0000000000000000      0x8c1 ./Core/Src/Motor_Driver.o
 .debug_info    0x00000000000008c1     0x10ab ./Core/Src/RC_Car_App_Prg.o
 .debug_info    0x000000000000196c      0x8e4 ./Core/Src/Ultrasonic.o
 .debug_info    0x0000000000002250      0xb41 ./Core/Src/freertos.o
 .debug_info    0x0000000000002d91      0x455 ./Core/Src/gpio.o
 .debug_info    0x00000000000031e6      0xd4d ./Core/Src/main.o
 .debug_info    0x0000000000003f33      0x505 ./Core/Src/stm32f4xx_hal_msp.o
 .debug_info    0x0000000000004438      0xc44 ./Core/Src/stm32f4xx_hal_timebase_tim.o
 .debug_info    0x000000000000507c      0x6c1 ./Core/Src/stm32f4xx_it.o
 .debug_info    0x000000000000573d      0x54a ./Core/Src/system_stm32f4xx.o
 .debug_info    0x0000000000005c87     0x112e ./Core/Src/tim.o
 .debug_info    0x0000000000006db5      0xb03 ./Core/Src/usart.o
 .debug_info    0x00000000000078b8       0x23 ./Core/Startup/startup_stm32f446retx.o
 .debug_info    0x00000000000078db      0x99a ./Drivers/STM32F4xx_HAL_Driver/Src/stm32f4xx_hal.o
 .debug_info    0x0000000000008275      0xd75 ./Drivers/STM32F4xx_HAL_Driver/Src/stm32f4xx_hal_cortex.o
 .debug_info    0x0000000000008fea      0x70b ./Drivers/STM32F4xx_HAL_Driver/Src/stm32f4xx_hal_gpio.o
 .debug_info    0x00000000000096f5      0x8ed ./Drivers/STM32F4xx_HAL_Driver/Src/stm32f4xx_hal_rcc.o
 .debug_info    0x0000000000009fe2      0x956 ./Drivers/STM32F4xx_HAL_Driver/Src/stm32f4xx_hal_rcc_ex.o
 .debug_info    0x000000000000a938     0x299d ./Drivers/STM32F4xx_HAL_Driver/Src/stm32f4xx_hal_tim.o
 .debug_info    0x000000000000d2d5     0x14db ./Drivers/STM32F4xx_HAL_Driver/Src/stm32f4xx_hal_tim_ex.o
 .debug_info    0x000000000000e7b0     0x2f4f ./Drivers/STM32F4xx_HAL_Driver/Src/stm32f4xx_hal_uart.o
 .debug_info    0x00000000000116ff     0x21e1 ./Middlewares/Third_Party/FreeRTOS/Source/CMSIS_RTOS/cmsis_os.o
 .debug_info    0x00000000000138e0      0x2af ./Middlewares/Third_Party/FreeRTOS/Source/list.o
 .debug_info    0x0000000000013b8f     0x17cd ./Middlewares/Third_Party/FreeRTOS/Source/queue.o
 .debug_info    0x000000000001535c     0x239d ./Middlewares/Third_Party/FreeRTOS/Source/tasks.o
 .debug_info    0x00000000000176f9      0x4de ./Middlewares/Third_Party/FreeRTOS/Source/portable/GCC/ARM_CM4F/port.o
 .debug_info    0x0000000000017bd7      0x1dd ./Middlewares/Third_Party/FreeRTOS/Source/portable/MemMang/heap_1.o

.debug_abbrev   0x0000000000000000     0x3af6
 .debug_abbrev  0x0000000000000000      0x1d9 ./Core/Src/Motor_Driver.o
 .debug_abbrev  0x00000000000001d9      0x2a1 ./Core/Src/RC_Car_App_Prg.o
 .debug_abbrev  0x000000000000047a      0x22a ./Core/Src/Ultrasonic.o
 .debug_abbrev  0x00000000000006a4      0x1eb ./Core/Src/freertos.o
 .debug_abbrev  0x000000000000088f      0x152 ./Core/Src/gpio.o
 .debug_abbrev  0x00000000000009e1      0x261 ./Core/Src/main.o
 .debug_abbrev  0x0000000000000c42      0x119 ./Core/Src/stm32f4xx_hal_msp.o
 .debug_abbrev  0x0000000000000d5b      0x1f4 ./Core/Src/stm32f4xx_hal_timebase_tim.o
 .debug_abbrev  0x0000000000000f4f      0x181 ./Core/Src/stm32f4xx_it.o
 .debug_abbrev  0x00000000000010d0      0x11a ./Core/Src/system_stm32f4xx.o
 .debug_abbrev  0x00000000000011ea      0x28b ./Core/Src/tim.o
 .debug_abbrev  0x0000000000001475      0x23b ./Core/Src/usart.o
 .debug_abbrev  0x00000000000016b0       0x12 ./Core/Startup/startup_stm32f446retx.o
 .debug_abbrev  0x00000000000016c2      0x214 ./Drivers/STM32F4xx_HAL_Driver/Src/stm32f4xx_hal.o
 .debug_abbrev  0x00000000000018d6      0x328 ./Drivers/STM32F4xx_HAL_Driver/Src/stm32f4xx_hal_cortex.o
 .debug_abbrev  0x0000000000001bfe      0x1d4 ./Drivers/STM32F4xx_HAL_Driver/Src/stm32f4xx_hal_gpio.o
 .debug_abbrev  0x0000000000001dd2      0x2b6 ./Drivers/STM32F4xx_HAL_Driver/Src/stm32f4xx_hal_rcc.o
 .debug_abbrev  0x0000000000002088      0x20a ./Drivers/STM32F4xx_HAL_Driver/Src/stm32f4xx_hal_rcc_ex.o
 .debug_abbrev  0x0000000000002292      0x278 ./Drivers/STM32F4xx_HAL_Driver/Src/stm32f4xx_hal_tim.o
 .debug_abbrev  0x000000000000250a      0x283 ./Drivers/STM32F4xx_HAL_Driver/Src/stm32f4xx_hal_tim_ex.o
 .debug_abbrev  0x000000000000278d      0x30e ./Drivers/STM32F4xx_HAL_Driver/Src/stm32f4xx_hal_uart.o
 .debug_abbrev  0x0000000000002a9b      0x426 ./Middlewares/Third_Party/FreeRTOS/Source/CMSIS_RTOS/cmsis_os.o
 .debug_abbrev  0x0000000000002ec1       0xf5 ./Middlewares/Third_Party/FreeRTOS/Source/list.o
 .debug_abbrev  0x0000000000002fb6      0x3b5 ./Middlewares/Third_Party/FreeRTOS/Source/queue.o
 .debug_abbrev  0x000000000000336b      0x3d0 ./Middlewares/Third_Party/FreeRTOS/Source/tasks.o
 .debug_abbrev  0x000000000000373b      0x25c ./Middlewares/Third_Party/FreeRTOS/Source/portable/GCC/ARM_CM4F/port.o
 .debug_abbrev  0x0000000000003997      0x15f ./Middlewares/Third_Party/FreeRTOS/Source/portable/MemMang/heap_1.o

.debug_aranges  0x0000000000000000     0x13f8
 .debug_aranges
                0x0000000000000000       0x68 ./Core/Src/Motor_Driver.o
 .debug_aranges
                0x0000000000000068       0xe8 ./Core/Src/RC_Car_App_Prg.o
 .debug_aranges
                0x0000000000000150       0x40 ./Core/Src/Ultrasonic.o
 .debug_aranges
                0x0000000000000190       0x30 ./Core/Src/freertos.o
 .debug_aranges
                0x00000000000001c0       0x20 ./Core/Src/gpio.o
 .debug_aranges
                0x00000000000001e0       0x38 ./Core/Src/main.o
 .debug_aranges
                0x0000000000000218       0x20 ./Core/Src/stm32f4xx_hal_msp.o
 .debug_aranges
                0x0000000000000238       0x30 ./Core/Src/stm32f4xx_hal_timebase_tim.o
 .debug_aranges
                0x0000000000000268       0x58 ./Core/Src/stm32f4xx_it.o
 .debug_aranges
                0x00000000000002c0       0x28 ./Core/Src/system_stm32f4xx.o
 .debug_aranges
                0x00000000000002e8       0x60 ./Core/Src/tim.o
 .debug_aranges
                0x0000000000000348       0x50 ./Core/Src/usart.o
 .debug_aranges
                0x0000000000000398       0x28 ./Core/Startup/startup_stm32f446retx.o
 .debug_aranges
                0x00000000000003c0       0xf0 ./Drivers/STM32F4xx_HAL_Driver/Src/stm32f4xx_hal.o
 .debug_aranges
                0x00000000000004b0      0x120 ./Drivers/STM32F4xx_HAL_Driver/Src/stm32f4xx_hal_cortex.o
 .debug_aranges
                0x00000000000005d0       0x58 ./Drivers/STM32F4xx_HAL_Driver/Src/stm32f4xx_hal_gpio.o
 .debug_aranges
                0x0000000000000628       0x88 ./Drivers/STM32F4xx_HAL_Driver/Src/stm32f4xx_hal_rcc.o
 .debug_aranges
                0x00000000000006b0       0x78 ./Drivers/STM32F4xx_HAL_Driver/Src/stm32f4xx_hal_rcc_ex.o
 .debug_aranges
                0x0000000000000728      0x3d0 ./Drivers/STM32F4xx_HAL_Driver/Src/stm32f4xx_hal_tim.o
 .debug_aranges
                0x0000000000000af8      0x168 ./Drivers/STM32F4xx_HAL_Driver/Src/stm32f4xx_hal_tim_ex.o
 .debug_aranges
                0x0000000000000c60      0x208 ./Drivers/STM32F4xx_HAL_Driver/Src/stm32f4xx_hal_uart.o
 .debug_aranges
                0x0000000000000e68      0x1d8 ./Middlewares/Third_Party/FreeRTOS/Source/CMSIS_RTOS/cmsis_os.o
 .debug_aranges
                0x0000000000001040       0x40 ./Middlewares/Third_Party/FreeRTOS/Source/list.o
 .debug_aranges
                0x0000000000001080      0x108 ./Middlewares/Third_Party/FreeRTOS/Source/queue.o
 .debug_aranges
                0x0000000000001188      0x1b8 ./Middlewares/Third_Party/FreeRTOS/Source/tasks.o
 .debug_aranges
                0x0000000000001340       0x80 ./Middlewares/Third_Party/FreeRTOS/Source/portable/GCC/ARM_CM4F/port.o
 .debug_aranges
                0x00000000000013c0       0x38 ./Middlewares/Third_Party/FreeRTOS/Source/portable/MemMang/heap_1.o

.debug_rnglists
                0x0000000000000000      0xf6e
 .debug_rnglists
                0x0000000000000000       0x4a ./Core/Src/Motor_Driver.o
 .debug_rnglists
                0x000000000000004a       0xb2 ./Core/Src/RC_Car_App_Prg.o
 .debug_rnglists
                0x00000000000000fc       0x2e ./Core/Src/Ultrasonic.o
 .debug_rnglists
                0x000000000000012a       0x1f ./Core/Src/freertos.o
 .debug_rnglists
                0x0000000000000149       0x14 ./Core/Src/gpio.o
 .debug_rnglists
                0x000000000000015d       0x27 ./Core/Src/main.o
 .debug_rnglists
                0x0000000000000184       0x13 ./Core/Src/stm32f4xx_hal_msp.o
 .debug_rnglists
                0x0000000000000197       0x20 ./Core/Src/stm32f4xx_hal_timebase_tim.o
 .debug_rnglists
                0x00000000000001b7       0x3d ./Core/Src/stm32f4xx_it.o
 .debug_rnglists
                0x00000000000001f4       0x1a ./Core/Src/system_stm32f4xx.o
 .debug_rnglists
                0x000000000000020e       0x49 ./Core/Src/tim.o
 .debug_rnglists
                0x0000000000000257       0x39 ./Core/Src/usart.o
 .debug_rnglists
                0x0000000000000290       0x19 ./Core/Startup/startup_stm32f446retx.o
 .debug_rnglists
                0x00000000000002a9       0xaf ./Drivers/STM32F4xx_HAL_Driver/Src/stm32f4xx_hal.o
 .debug_rnglists
                0x0000000000000358       0xd4 ./Drivers/STM32F4xx_HAL_Driver/Src/stm32f4xx_hal_cortex.o
 .debug_rnglists
                0x000000000000042c       0x3f ./Drivers/STM32F4xx_HAL_Driver/Src/stm32f4xx_hal_gpio.o
 .debug_rnglists
                0x000000000000046b       0x66 ./Drivers/STM32F4xx_HAL_Driver/Src/stm32f4xx_hal_rcc.o
 .debug_rnglists
                0x00000000000004d1       0x5e ./Drivers/STM32F4xx_HAL_Driver/Src/stm32f4xx_hal_rcc_ex.o
 .debug_rnglists
                0x000000000000052f      0x31a ./Drivers/STM32F4xx_HAL_Driver/Src/stm32f4xx_hal_tim.o
 .debug_rnglists
                0x0000000000000849      0x125 ./Drivers/STM32F4xx_HAL_Driver/Src/stm32f4xx_hal_tim_ex.o
 .debug_rnglists
                0x000000000000096e      0x1bc ./Drivers/STM32F4xx_HAL_Driver/Src/stm32f4xx_hal_uart.o
 .debug_rnglists
                0x0000000000000b2a      0x16a ./Middlewares/Third_Party/FreeRTOS/Source/CMSIS_RTOS/cmsis_os.o
 .debug_rnglists
                0x0000000000000c94       0x2b ./Middlewares/Third_Party/FreeRTOS/Source/list.o
 .debug_rnglists
                0x0000000000000cbf       0xcd ./Middlewares/Third_Party/FreeRTOS/Source/queue.o
 .debug_rnglists
                0x0000000000000d8c      0x15f ./Middlewares/Third_Party/FreeRTOS/Source/tasks.o
 .debug_rnglists
                0x0000000000000eeb       0x5d ./Middlewares/Third_Party/FreeRTOS/Source/portable/GCC/ARM_CM4F/port.o
 .debug_rnglists
                0x0000000000000f48       0x26 ./Middlewares/Third_Party/FreeRTOS/Source/portable/MemMang/heap_1.o

.debug_macro    0x0000000000000000    0x24cb2
 .debug_macro   0x0000000000000000      0x1ee ./Core/Src/Motor_Driver.o
 .debug_macro   0x00000000000001ee      0xaa8 ./Core/Src/Motor_Driver.o
 .debug_macro   0x0000000000000c96      0x29b ./Core/Src/Motor_Driver.o
 .debug_macro   0x0000000000000f31       0x2e ./Core/Src/Motor_Driver.o
 .debug_macro   0x0000000000000f5f       0x28 ./Core/Src/Motor_Driver.o
 .debug_macro   0x0000000000000f87       0x22 ./Core/Src/Motor_Driver.o
 .debug_macro   0x0000000000000fa9       0x8e ./Core/Src/Motor_Driver.o
 .debug_macro   0x0000000000001037       0x51 ./Core/Src/Motor_Driver.o
 .debug_macro   0x0000000000001088      0x103 ./Core/Src/Motor_Driver.o
 .debug_macro   0x000000000000118b       0x6a ./Core/Src/Motor_Driver.o
 .debug_macro   0x00000000000011f5      0x1df ./Core/Src/Motor_Driver.o
 .debug_macro   0x00000000000013d4       0x1c ./Core/Src/Motor_Driver.o
 .debug_macro   0x00000000000013f0       0x22 ./Core/Src/Motor_Driver.o
 .debug_macro   0x0000000000001412       0xfb ./Core/Src/Motor_Driver.o
 .debug_macro   0x000000000000150d     0x1011 ./Core/Src/Motor_Driver.o
 .debug_macro   0x000000000000251e      0x11f ./Core/Src/Motor_Driver.o
 .debug_macro   0x000000000000263d    0x16749 ./Core/Src/Motor_Driver.o
 .debug_macro   0x0000000000018d86       0x6d ./Core/Src/Motor_Driver.o
 .debug_macro   0x0000000000018df3     0x368c ./Core/Src/Motor_Driver.o
 .debug_macro   0x000000000001c47f      0x174 ./Core/Src/Motor_Driver.o
 .debug_macro   0x000000000001c5f3       0x5c ./Core/Src/Motor_Driver.o
 .debug_macro   0x000000000001c64f      0xca5 ./Core/Src/Motor_Driver.o
 .debug_macro   0x000000000001d2f4      0x9e9 ./Core/Src/Motor_Driver.o
 .debug_macro   0x000000000001dcdd      0x115 ./Core/Src/Motor_Driver.o
 .debug_macro   0x000000000001ddf2      0x1a0 ./Core/Src/Motor_Driver.o
 .debug_macro   0x000000000001df92       0xa5 ./Core/Src/Motor_Driver.o
 .debug_macro   0x000000000001e037      0x16d ./Core/Src/Motor_Driver.o
 .debug_macro   0x000000000001e1a4      0x287 ./Core/Src/Motor_Driver.o
 .debug_macro   0x000000000001e42b       0x5f ./Core/Src/Motor_Driver.o
 .debug_macro   0x000000000001e48a      0x236 ./Core/Src/Motor_Driver.o
 .debug_macro   0x000000000001e6c0      0x132 ./Core/Src/Motor_Driver.o
 .debug_macro   0x000000000001e7f2      0x29c ./Core/Src/Motor_Driver.o
 .debug_macro   0x000000000001ea8e       0x2e ./Core/Src/Motor_Driver.o
 .debug_macro   0x000000000001eabc      0x127 ./Core/Src/Motor_Driver.o
 .debug_macro   0x000000000001ebe3       0xe8 ./Core/Src/Motor_Driver.o
 .debug_macro   0x000000000001eccb       0x89 ./Core/Src/Motor_Driver.o
 .debug_macro   0x000000000001ed54      0x8ed ./Core/Src/Motor_Driver.o
 .debug_macro   0x000000000001f641       0x53 ./Core/Src/Motor_Driver.o
 .debug_macro   0x000000000001f694      0x2aa ./Core/Src/Motor_Driver.o
 .debug_macro   0x000000000001f93e      0x126 ./Core/Src/Motor_Driver.o
 .debug_macro   0x000000000001fa64       0x5e ./Core/Src/Motor_Driver.o
 .debug_macro   0x000000000001fac2       0x52 ./Core/Src/Motor_Driver.o
 .debug_macro   0x000000000001fb14      0x3a3 ./Core/Src/RC_Car_App_Prg.o
 .debug_macro   0x000000000001feb7       0x61 ./Core/Src/RC_Car_App_Prg.o
 .debug_macro   0x000000000001ff18       0x2a ./Core/Src/RC_Car_App_Prg.o
 .debug_macro   0x000000000001ff42       0x43 ./Core/Src/RC_Car_App_Prg.o
 .debug_macro   0x000000000001ff85       0x34 ./Core/Src/RC_Car_App_Prg.o
 .debug_macro   0x000000000001ffb9       0x16 ./Core/Src/RC_Car_App_Prg.o
 .debug_macro   0x000000000001ffcf       0x97 ./Core/Src/RC_Car_App_Prg.o
 .debug_macro   0x0000000000020066      0x369 ./Core/Src/RC_Car_App_Prg.o
 .debug_macro   0x00000000000203cf       0xfd ./Core/Src/RC_Car_App_Prg.o
 .debug_macro   0x00000000000204cc       0x10 ./Core/Src/RC_Car_App_Prg.o
 .debug_macro   0x00000000000204dc       0x16 ./Core/Src/RC_Car_App_Prg.o
 .debug_macro   0x00000000000204f2       0x43 ./Core/Src/RC_Car_App_Prg.o
 .debug_macro   0x0000000000020535       0x34 ./Core/Src/RC_Car_App_Prg.o
 .debug_macro   0x0000000000020569       0x10 ./Core/Src/RC_Car_App_Prg.o
 .debug_macro   0x0000000000020579       0x58 ./Core/Src/RC_Car_App_Prg.o
 .debug_macro   0x00000000000205d1       0x8e ./Core/Src/RC_Car_App_Prg.o
 .debug_macro   0x000000000002065f       0x1c ./Core/Src/RC_Car_App_Prg.o
 .debug_macro   0x000000000002067b      0x177 ./Core/Src/RC_Car_App_Prg.o
 .debug_macro   0x00000000000207f2       0x16 ./Core/Src/RC_Car_App_Prg.o
 .debug_macro   0x0000000000020808       0x16 ./Core/Src/RC_Car_App_Prg.o
 .debug_macro   0x000000000002081e      0x147 ./Core/Src/RC_Car_App_Prg.o
 .debug_macro   0x0000000000020965       0x4c ./Core/Src/RC_Car_App_Prg.o
 .debug_macro   0x00000000000209b1       0x56 ./Core/Src/RC_Car_App_Prg.o
 .debug_macro   0x0000000000020a07       0xf1 ./Core/Src/RC_Car_App_Prg.o
 .debug_macro   0x0000000000020af8      0x15a ./Core/Src/RC_Car_App_Prg.o
 .debug_macro   0x0000000000020c52       0xde ./Core/Src/RC_Car_App_Prg.o
 .debug_macro   0x0000000000020d30       0x1c ./Core/Src/RC_Car_App_Prg.o